<?xml version="1.0" encoding="UTF-8" standalone="yes"?>
<root>
    <post id="1" userId="1">
        <title>sunt aut facere repellat provident occaecati excepturi optio reprehenderit</title>
        <body>quia et suscipit&#13;suscipit recusandae consequuntur expedita et cum&#13;reprehenderit molestiae ut ut quas totam&#13;nostrum rerum est autem sunt rem eveniet architecto</body>
        <comments>
            <comment id="1" email="Eliseo@gardner.biz">
                <name>id labore ex et quam laborum</name>
                <body>laudantium enim quasi est quidem magnam voluptate ipsam eos&#13;tempora quo necessitatibus&#13;dolor quam autem quasi&#13;reiciendis et nam sapiente accusantium</body>
            </comment>
            <comment id="2" email="Jayne_Kuhic@sydney.com">
                <name>quo vero reiciendis velit similique earum</name>
                <body>est natus enim nihil est dolore omnis voluptatem numquam&#13;et omnis occaecati quod ullam at&#13;voluptatem error expedita pariatur&#13;nihil sint nostrum voluptatem reiciendis et</body>
            </comment>
            <comment id="3" email="Nikita@garfield.biz">
                <name>odio adipisci rerum aut animi</name>
                <body>quia molestiae reprehenderit quasi aspernatur&#13;aut expedita occaecati aliquam eveniet laudantium&#13;omnis quibusdam delectus saepe quia accusamus maiores nam est&#13;cum et ducimus et vero voluptates excepturi deleniti ratione</body>
            </comment>
            <comment id="4" email="Lew@alysha.tv">
                <name>alias odio sit</name>
                <body>non et atque&#13;occaecati deserunt quas accusantium unde odit nobis qui voluptatem&#13;quia voluptas consequuntur itaque dolor&#13;et qui rerum deleniti ut occaecati</body>
            </comment>
            <comment id="5" email="Hayden@althea.biz">
                <name>vero eaque aliquid doloribus et culpa</name>
                <body>harum non quasi et ratione&#13;tempore iure ex voluptates in ratione&#13;harum architecto fugit inventore cupiditate&#13;voluptates magni quo et</body>
            </comment>
        </comments>
    </post>
    <post id="2" userId="1">
        <title>qui est esse</title>
        <body>est rerum tempore vitae&#13;sequi sint nihil reprehenderit dolor beatae ea dolores neque&#13;fugiat blanditiis voluptate porro vel nihil molestiae ut reiciendis&#13;qui aperiam non debitis possimus qui neque nisi nulla</body>
        <comments>
            <comment id="6" email="Presley.Mueller@myrl.com">
                <name>et fugit eligendi deleniti quidem qui sint nihil autem</name>
                <body>doloribus at sed quis culpa deserunt consectetur qui praesentium&#13;accusamus fugiat dicta&#13;voluptatem rerum ut voluptate autem&#13;voluptatem repellendus aspernatur dolorem in</body>
            </comment>
            <comment id="7" email="Dallas@ole.me">
                <name>repellat consequatur praesentium vel minus molestias voluptatum</name>
                <body>maiores sed dolores similique labore et inventore et&#13;quasi temporibus esse sunt id et&#13;eos voluptatem aliquam&#13;aliquid ratione corporis molestiae mollitia quia et magnam dolor</body>
            </comment>
            <comment id="8" email="Mallory_Kunze@marie.org">
                <name>et omnis dolorem</name>
                <body>ut voluptatem corrupti velit&#13;ad voluptatem maiores&#13;et nisi velit vero accusamus maiores&#13;voluptates quia aliquid ullam eaque</body>
            </comment>
            <comment id="9" email="Meghan_Littel@rene.us">
                <name>provident id voluptas</name>
                <body>sapiente assumenda molestiae atque&#13;adipisci laborum distinctio aperiam et ab ut omnis&#13;et occaecati aspernatur odit sit rem expedita&#13;quas enim ipsam minus</body>
            </comment>
            <comment id="10" email="Carmen_Keeling@caroline.name">
                <name>eaque et deleniti atque tenetur ut quo ut</name>
                <body>voluptate iusto quis nobis reprehenderit ipsum amet nulla&#13;quia quas dolores velit et non&#13;aut quia necessitatibus&#13;nostrum quaerat nulla et accusamus nisi facilis</body>
            </comment>
        </comments>
    </post>
    <post id="3" userId="1">
        <title>ea molestias quasi exercitationem repellat qui ipsa sit aut</title>
        <body>et iusto sed quo iure&#13;voluptatem occaecati omnis eligendi aut ad&#13;voluptatem doloribus vel accusantium quis pariatur&#13;molestiae porro eius odio et labore et velit aut</body>
        <comments>
            <comment id="11" email="Veronica_Goodwin@timmothy.net">
                <name>fugit labore quia mollitia quas deserunt nostrum sunt</name>
                <body>ut dolorum nostrum id quia aut est&#13;fuga est inventore vel eligendi explicabo quis consectetur&#13;aut occaecati repellat id natus quo est&#13;ut blanditiis quia ut vel ut maiores ea</body>
            </comment>
            <comment id="12" email="Oswald.Vandervort@leanne.org">
                <name>modi ut eos dolores illum nam dolor</name>
                <body>expedita maiores dignissimos facilis&#13;ipsum est rem est fugit velit sequi&#13;eum odio dolores dolor totam&#13;occaecati ratione eius rem velit</body>
            </comment>
            <comment id="13" email="Kariane@jadyn.tv">
                <name>aut inventore non pariatur sit vitae voluptatem sapiente</name>
                <body>fuga eos qui dolor rerum&#13;inventore corporis exercitationem&#13;corporis cupiditate et deserunt recusandae est sed quis culpa&#13;eum maiores corporis et</body>
            </comment>
            <comment id="14" email="Nathan@solon.io">
                <name>et officiis id praesentium hic aut ipsa dolorem repudiandae</name>
                <body>vel quae voluptas qui exercitationem&#13;voluptatibus unde sed&#13;minima et qui ipsam aspernatur&#13;expedita magnam laudantium et et quaerat ut qui dolorum</body>
            </comment>
            <comment id="15" email="Maynard.Hodkiewicz@roberta.com">
                <name>debitis magnam hic odit aut ullam nostrum tenetur</name>
                <body>nihil ut voluptates blanditiis autem odio dicta rerum&#13;quisquam saepe et est&#13;sunt quasi nemo laudantium deserunt&#13;molestias tempora quo quia</body>
            </comment>
        </comments>
    </post>
    <post id="4" userId="1">
        <title>eum et est occaecati</title>
        <body>ullam et saepe reiciendis voluptatem adipisci&#13;sit amet autem assumenda provident rerum culpa&#13;quis hic commodi nesciunt rem tenetur doloremque ipsam iure&#13;quis sunt voluptatem rerum illo velit</body>
        <comments>
            <comment id="16" email="Christine@ayana.info">
                <name>perferendis temporibus delectus optio ea eum ratione dolorum</name>
                <body>iste ut laborum aliquid velit facere itaque&#13;quo ut soluta dicta voluptate&#13;error tempore aut et&#13;sequi reiciendis dignissimos expedita consequuntur libero sed fugiat facilis</body>
            </comment>
            <comment id="17" email="Preston_Hudson@blaise.tv">
                <name>eos est animi quis</name>
                <body>consequatur necessitatibus totam sed sit dolorum&#13;recusandae quae odio excepturi voluptatum harum voluptas&#13;quisquam sit ad eveniet delectus&#13;doloribus odio qui non labore</body>
            </comment>
            <comment id="18" email="Vincenza_Klocko@albertha.name">
                <name>aut et tenetur ducimus illum aut nulla ab</name>
                <body>veritatis voluptates necessitatibus maiores corrupti&#13;neque et exercitationem amet sit et&#13;ullam velit sit magnam laborum&#13;magni ut molestias</body>
            </comment>
            <comment id="19" email="Madelynn.Gorczany@darion.biz">
                <name>sed impedit rerum quia et et inventore unde officiis</name>
                <body>doloribus est illo sed minima aperiam&#13;ut dignissimos accusantium tempore atque et aut molestiae&#13;magni ut accusamus voluptatem quos ut voluptates&#13;quisquam porro sed architecto ut</body>
            </comment>
            <comment id="20" email="Mariana_Orn@preston.org">
                <name>molestias expedita iste aliquid voluptates</name>
                <body>qui harum consequatur fugiat&#13;et eligendi perferendis at molestiae commodi ducimus&#13;doloremque asperiores numquam qui&#13;ut sit dignissimos reprehenderit tempore</body>
            </comment>
        </comments>
    </post>
    <post id="5" userId="1">
        <title>nesciunt quas odio</title>
        <body>repudiandae veniam quaerat sunt sed&#13;alias aut fugiat sit autem sed est&#13;voluptatem omnis possimus esse voluptatibus quis&#13;est aut tenetur dolor neque</body>
        <comments>
            <comment id="21" email="Noemie@marques.me">
                <name>aliquid rerum mollitia qui a consectetur eum sed</name>
                <body>deleniti aut sed molestias explicabo&#13;commodi odio ratione nesciunt&#13;voluptate doloremque est&#13;nam autem error delectus</body>
            </comment>
            <comment id="22" email="Khalil@emile.co.uk">
                <name>porro repellendus aut tempore quis hic</name>
                <body>qui ipsa animi nostrum praesentium voluptatibus odit&#13;qui non impedit cum qui nostrum aliquid fuga explicabo&#13;voluptatem fugit earum voluptas exercitationem temporibus dignissimos distinctio&#13;esse inventore reprehenderit quidem ut incidunt nihil necessitatibus rerum</body>
            </comment>
            <comment id="23" email="Sophia@arianna.co.uk">
                <name>quis tempora quidem nihil iste</name>
                <body>voluptates provident repellendus iusto perspiciatis ex fugiat ut&#13;ut dolor nam aliquid et expedita voluptate&#13;sunt vitae illo rerum in quos&#13;vel eligendi enim quae fugiat est</body>
            </comment>
            <comment id="24" email="Jeffery@juwan.us">
                <name>in tempore eos beatae est</name>
                <body>repudiandae repellat quia&#13;sequi est dolore explicabo nihil et&#13;et sit et&#13;et praesentium iste atque asperiores tenetur</body>
            </comment>
            <comment id="25" email="Isaias_Kuhic@jarrett.net">
                <name>autem ab ea sit alias hic provident sit</name>
                <body>sunt aut quae laboriosam sit ut impedit&#13;adipisci harum laborum totam deleniti voluptas odit rem ea&#13;non iure distinctio ut velit doloribus&#13;et non ex</body>
            </comment>
        </comments>
    </post>
    <post id="6" userId="1">
        <title>dolorem eum magni eos aperiam quia</title>
        <body>ut aspernatur corporis harum nihil quis provident sequi&#13;mollitia nobis aliquid molestiae&#13;perspiciatis et ea nemo ab reprehenderit accusantium quas&#13;voluptate dolores velit et doloremque molestiae</body>
        <comments>
            <comment id="26" email="Russel.Parker@kameron.io">
                <name>in deleniti sunt provident soluta ratione veniam quam praesentium</name>
                <body>incidunt sapiente eaque dolor eos&#13;ad est molestias&#13;quas sit et nihil exercitationem at cumque ullam&#13;nihil magnam et</body>
            </comment>
            <comment id="27" email="Francesco.Gleason@nella.us">
                <name>doloribus quibusdam molestiae amet illum</name>
                <body>nisi vel quas ut laborum ratione&#13;rerum magni eum&#13;unde et voluptatem saepe&#13;voluptas corporis modi amet ipsam eos saepe porro</body>
            </comment>
            <comment id="28" email="Ronny@rosina.org">
                <name>quo voluptates voluptas nisi veritatis dignissimos dolores ut officiis</name>
                <body>voluptatem repellendus quo alias at laudantium&#13;mollitia quidem esse&#13;temporibus consequuntur vitae rerum illum&#13;id corporis sit id</body>
            </comment>
            <comment id="29" email="Jennings_Pouros@erica.biz">
                <name>eum distinctio amet dolor</name>
                <body>tempora voluptatem est&#13;magnam distinctio autem est dolorem&#13;et ipsa molestiae odit rerum itaque corporis nihil nam&#13;eaque rerum error</body>
            </comment>
            <comment id="30" email="Lurline@marvin.biz">
                <name>quasi nulla ducimus facilis non voluptas aut</name>
                <body>consequuntur quia voluptate assumenda et&#13;autem voluptatem reiciendis ipsum animi est provident&#13;earum aperiam sapiente ad vitae iste&#13;accusantium aperiam eius qui dolore voluptatem et</body>
            </comment>
        </comments>
    </post>
    <post id="7" userId="1">
        <title>magnam facilis autem</title>
        <body>dolore placeat quibusdam ea quo vitae&#13;magni quis enim qui quis quo nemo aut saepe&#13;quidem repellat excepturi ut quia&#13;sunt ut sequi eos ea sed quas</body>
        <comments>
            <comment id="31" email="Buford@shaylee.biz">
                <name>ex velit ut cum eius odio ad placeat</name>
                <body>quia incidunt ut&#13;aliquid est ut rerum deleniti iure est&#13;ipsum quia ea sint et&#13;voluptatem quaerat eaque repudiandae eveniet aut</body>
            </comment>
            <comment id="32" email="Maria@laurel.name">
                <name>dolorem architecto ut pariatur quae qui suscipit</name>
                <body>nihil ea itaque libero illo&#13;officiis quo quo dicta inventore consequatur voluptas voluptatem&#13;corporis sed necessitatibus velit tempore&#13;rerum velit et temporibus</body>
            </comment>
            <comment id="33" email="Jaeden.Towne@arlene.tv">
                <name>voluptatum totam vel voluptate omnis</name>
                <body>fugit harum quae vero&#13;libero unde tempore&#13;soluta eaque culpa sequi quibusdam nulla id&#13;et et necessitatibus</body>
            </comment>
            <comment id="34" email="Ethelyn.Schneider@emelia.co.uk">
                <name>omnis nemo sunt ab autem</name>
                <body>omnis temporibus quasi ab omnis&#13;facilis et omnis illum quae quasi aut&#13;minus iure ex rem ut reprehenderit&#13;in non fugit</body>
            </comment>
            <comment id="35" email="Georgianna@florence.io">
                <name>repellendus sapiente omnis praesentium aliquam ipsum id molestiae omnis</name>
                <body>dolor mollitia quidem facere et&#13;vel est ut&#13;ut repudiandae est quidem dolorem sed atque&#13;rem quia aut adipisci sunt</body>
            </comment>
        </comments>
    </post>
    <post id="8" userId="1">
        <title>dolorem dolore est ipsam</title>
        <body>dignissimos aperiam dolorem qui eum&#13;facilis quibusdam animi sint suscipit qui sint possimus cum&#13;quaerat magni maiores excepturi&#13;ipsam ut commodi dolor voluptatum modi aut vitae</body>
        <comments>
            <comment id="36" email="Raheem_Heaney@gretchen.biz">
                <name>sit et quis</name>
                <body>aut vero est&#13;dolor non aut excepturi dignissimos illo nisi aut quas&#13;aut magni quia nostrum provident magnam quas modi maxime&#13;voluptatem et molestiae</body>
            </comment>
            <comment id="37" email="Jacky@victoria.net">
                <name>beatae veniam nemo rerum voluptate quam aspernatur</name>
                <body>qui rem amet aut&#13;cumque maiores earum ut quia sit nam esse qui&#13;iusto aspernatur quis voluptas&#13;dolorem distinctio ex temporibus rem</body>
            </comment>
            <comment id="38" email="Piper@linwood.us">
                <name>maiores dolores expedita</name>
                <body>unde voluptatem qui dicta&#13;vel ad aut eos error consequatur voluptatem&#13;adipisci doloribus qui est sit aut&#13;velit aut et ea ratione eveniet iure fuga</body>
            </comment>
            <comment id="39" email="Gaylord@russell.net">
                <name>necessitatibus ratione aut ut delectus quae ut</name>
                <body>atque consequatur dolorem sunt&#13;adipisci autem et&#13;voluptatibus et quae necessitatibus rerum eaque aperiam nostrum nemo&#13;eligendi sed et beatae et inventore</body>
            </comment>
            <comment id="40" email="Clare.Aufderhar@nicole.ca">
                <name>non minima omnis deleniti pariatur facere quibusdam at</name>
                <body>quod minus alias quos&#13;perferendis labore molestias quae ut ut corporis deserunt vitae&#13;et quaerat ut et ullam unde asperiores&#13;cum voluptatem cumque</body>
            </comment>
        </comments>
    </post>
    <post id="9" userId="1">
        <title>nesciunt iure omnis dolorem tempora et accusantium</title>
        <body>consectetur animi nesciunt iure dolore&#13;enim quia ad&#13;veniam autem ut quam aut nobis&#13;et est aut quod aut provident voluptas autem voluptas</body>
        <comments>
            <comment id="41" email="Lucio@gladys.tv">
                <name>voluptas deleniti ut</name>
                <body>facere repudiandae vitae ea aut sed quo ut et&#13;facere nihil ut voluptates in&#13;saepe cupiditate accusantium numquam dolores&#13;inventore sint mollitia provident</body>
            </comment>
            <comment id="42" email="Shemar@ewell.name">
                <name>nam qui et</name>
                <body>aut culpa quaerat veritatis eos debitis&#13;aut repellat eius explicabo et&#13;officiis quo sint at magni ratione et iure&#13;incidunt quo sequi quia dolorum beatae qui</body>
            </comment>
            <comment id="43" email="Jackeline@eva.tv">
                <name>molestias sint est voluptatem modi</name>
                <body>voluptatem ut possimus laborum quae ut commodi delectus&#13;in et consequatur&#13;in voluptas beatae molestiae&#13;est rerum laborum et et velit sint ipsum dolorem</body>
            </comment>
            <comment id="44" email="Marianna_Wilkinson@rupert.io">
                <name>hic molestiae et fuga ea maxime quod</name>
                <body>qui sunt commodi&#13;sint vel optio vitae quis qui non distinctio&#13;id quasi modi dicta&#13;eos nihil sit inventore est numquam officiis</body>
            </comment>
            <comment id="45" email="Marcia@name.biz">
                <name>autem illo facilis</name>
                <body>ipsum odio harum voluptatem sunt cumque et dolores&#13;nihil laboriosam neque commodi qui est&#13;quos numquam voluptatum&#13;corporis quo in vitae similique cumque tempore</body>
            </comment>
        </comments>
    </post>
    <post id="10" userId="1">
        <title>optio molestias id quia eum</title>
        <body>quo et expedita modi cum officia vel magni&#13;doloribus qui repudiandae&#13;vero nisi sit&#13;quos veniam quod sed accusamus veritatis error</body>
        <comments>
            <comment id="46" email="Jeremy.Harann@waino.me">
                <name>dignissimos et deleniti voluptate et quod</name>
                <body>exercitationem et id quae cum omnis&#13;voluptatibus accusantium et quidem&#13;ut ipsam sint&#13;doloremque illo ex atque necessitatibus sed</body>
            </comment>
            <comment id="47" email="Pearlie.Kling@sandy.com">
                <name>rerum commodi est non dolor nesciunt ut</name>
                <body>occaecati laudantium ratione non cumque&#13;earum quod non enim soluta nisi velit similique voluptatibus&#13;esse laudantium consequatur voluptatem rem eaque voluptatem aut ut&#13;et sit quam</body>
            </comment>
            <comment id="48" email="Manuela_Stehr@chelsie.tv">
                <name>consequatur animi dolorem saepe repellendus ut quo aut tenetur</name>
                <body>illum et alias quidem magni voluptatum&#13;ab soluta ea qui saepe corrupti hic et&#13;cum repellat esse&#13;est sint vel veritatis officia consequuntur cum</body>
            </comment>
            <comment id="49" email="Camryn.Weimann@doris.io">
                <name>rerum placeat quae minus iusto eligendi</name>
                <body>id est iure occaecati quam similique enim&#13;ab repudiandae non&#13;illum expedita quam excepturi soluta qui placeat&#13;perspiciatis optio maiores non doloremque aut iusto sapiente</body>
            </comment>
            <comment id="50" email="Kiana_Predovic@yasmin.io">
                <name>dolorum soluta quidem ex quae occaecati dicta aut doloribus</name>
                <body>eum accusamus aut delectus&#13;architecto blanditiis quia sunt&#13;rerum harum sit quos quia aspernatur vel corrupti inventore&#13;animi dicta vel corporis</body>
            </comment>
        </comments>
    </post>
    <post id="11" userId="2">
        <title>et ea vero quia laudantium autem</title>
        <body>delectus reiciendis molestiae occaecati non minima eveniet qui voluptatibus&#13;accusamus in eum beatae sit&#13;vel qui neque voluptates ut commodi qui incidunt&#13;ut animi commodi</body>
        <comments>
            <comment id="51" email="Laurie@lincoln.us">
                <name>molestias et odio ut commodi omnis ex</name>
                <body>perferendis omnis esse&#13;voluptate sit mollitia sed perferendis&#13;nemo nostrum qui&#13;vel quis nisi doloribus animi odio id quas</body>
            </comment>
            <comment id="52" email="Abigail.OConnell@june.org">
                <name>esse autem dolorum</name>
                <body>et enim voluptatem totam laudantium&#13;impedit nam labore repellendus enim earum aut&#13;consectetur mollitia fugit qui repellat expedita sunt&#13;aut fugiat vel illo quos aspernatur ducimus</body>
            </comment>
            <comment id="53" email="Laverne_Price@scotty.info">
                <name>maiores alias necessitatibus aut non</name>
                <body>a at tempore&#13;molestiae odit qui dolores molestias dolorem et&#13;laboriosam repudiandae placeat quisquam&#13;autem aperiam consectetur maiores laboriosam nostrum</body>
            </comment>
            <comment id="54" email="Kenton_Vandervort@friedrich.com">
                <name>culpa eius tempora sit consequatur neque iure deserunt</name>
                <body>et ipsa rem ullam cum pariatur similique quia&#13;cum ipsam est sed aut inventore&#13;provident sequi commodi enim inventore assumenda aut aut&#13;tempora possimus soluta quia consequatur modi illo</body>
            </comment>
            <comment id="55" email="Hayden_Olson@marianna.me">
                <name>quas pariatur quia a doloribus</name>
                <body>perferendis eaque labore laudantium ut molestiae soluta et&#13;vero odio non corrupti error pariatur consectetur et&#13;enim nam quia voluptatum non&#13;mollitia culpa facere voluptas suscipit veniam</body>
            </comment>
        </comments>
    </post>
    <post id="12" userId="2">
        <title>in quibusdam tempore odit est dolorem</title>
        <body>itaque id aut magnam&#13;praesentium quia et ea odit et ea voluptas et&#13;sapiente quia nihil amet occaecati quia id voluptatem&#13;incidunt ea est distinctio odio</body>
        <comments>
            <comment id="56" email="Vince_Crist@heidi.biz">
                <name>et dolorem corrupti sed molestias</name>
                <body>cum esse odio nihil reiciendis illum quaerat&#13;est facere quia&#13;occaecati sit totam fugiat in beatae&#13;ut occaecati unde vitae nihil quidem consequatur</body>
            </comment>
            <comment id="57" email="Darron.Nikolaus@eulah.me">
                <name>qui quidem sed</name>
                <body>dolorem facere itaque fuga odit autem&#13;perferendis quisquam quis corrupti eius dicta&#13;repudiandae error esse itaque aut&#13;corrupti sint consequatur aliquid</body>
            </comment>
            <comment id="58" email="Ezra_Abshire@lyda.us">
                <name>sint minus reiciendis qui perspiciatis id</name>
                <body>veritatis qui nihil&#13;quia reprehenderit non ullam ea iusto&#13;consectetur nam voluptas ut temporibus tempore provident error&#13;eos et nisi et voluptate</body>
            </comment>
            <comment id="59" email="Jameson@tony.info">
                <name>quis ducimus distinctio similique et illum minima ab libero</name>
                <body>cumque molestiae officia aut fugiat nemo autem&#13;vero alias atque sed qui ratione quia&#13;repellat vel earum&#13;ea laudantium mollitia</body>
            </comment>
            <comment id="60" email="Americo@estrella.net">
                <name>expedita libero quos cum commodi ad</name>
                <body>error eum quia voluptates alias repudiandae&#13;accusantium veritatis maiores assumenda&#13;quod impedit animi tempore veritatis&#13;animi et et officiis labore impedit blanditiis repudiandae</body>
            </comment>
        </comments>
    </post>
    <post id="13" userId="2">
        <title>dolorum ut in voluptas mollitia et saepe quo animi</title>
        <body>aut dicta possimus sint mollitia voluptas commodi quo doloremque&#13;iste corrupti reiciendis voluptatem eius rerum&#13;sit cumque quod eligendi laborum minima&#13;perferendis recusandae assumenda consectetur porro architecto ipsum ipsam</body>
        <comments>
            <comment id="61" email="Aurelio.Pfeffer@griffin.ca">
                <name>quidem itaque dolores quod laborum aliquid molestiae</name>
                <body>deserunt cumque laudantium&#13;et et odit quia sint quia quidem&#13;quibusdam debitis fuga in tempora deleniti&#13;impedit consequatur veniam reiciendis autem porro minima</body>
            </comment>
            <comment id="62" email="Vesta_Crooks@dora.us">
                <name>libero beatae consequuntur optio est hic</name>
                <body>tempore dolorum corrupti facilis&#13;praesentium sunt iste recusandae&#13;unde quisquam similique&#13;alias consequuntur voluptates velit</body>
            </comment>
            <comment id="63" email="Margarett_Klein@mike.biz">
                <name>occaecati dolor accusantium et quasi architecto aut eveniet fugiat</name>
                <body>aut eligendi et molestiae voluptatum tempora&#13;officia nihil sit voluptatem aut deleniti&#13;quaerat consequatur eaque&#13;sapiente tempore commodi tenetur rerum qui quo</body>
            </comment>
            <comment id="64" email="Freida@brandt.tv">
                <name>consequatur aut ullam voluptas dolorum voluptatum sequi et</name>
                <body>sed illum quis&#13;ut aut culpa labore aspernatur illo&#13;dolorem quia vitae ut aut quo repellendus est omnis&#13;esse at est debitis</body>
            </comment>
            <comment id="65" email="Mollie@agustina.name">
                <name>earum ea ratione numquam</name>
                <body>qui debitis vitae ratione&#13;tempora impedit aperiam porro molestiae placeat vero laboriosam recusandae&#13;praesentium consequatur facere et itaque quidem eveniet&#13;magnam natus distinctio sapiente</body>
            </comment>
        </comments>
    </post>
    <post id="14" userId="2">
        <title>voluptatem eligendi optio</title>
        <body>fuga et accusamus dolorum perferendis illo voluptas&#13;non doloremque neque facere&#13;ad qui dolorum molestiae beatae&#13;sed aut voluptas totam sit illum</body>
        <comments>
            <comment id="66" email="Janice@alda.io">
                <name>eius nam consequuntur</name>
                <body>necessitatibus libero occaecati&#13;vero inventore iste assumenda veritatis&#13;asperiores non sit et quia omnis facere nemo explicabo&#13;odit quo nobis porro</body>
            </comment>
            <comment id="67" email="Dashawn@garry.com">
                <name>omnis consequatur natus distinctio</name>
                <body>nulla quo itaque beatae ad&#13;officiis animi aut exercitationem voluptatum dolorem doloremque ducimus in&#13;recusandae officia consequuntur quas&#13;aspernatur dolores est esse dolores sit illo laboriosam quaerat</body>
            </comment>
            <comment id="68" email="Devan.Nader@ettie.me">
                <name>architecto ut deserunt consequatur cumque sapiente</name>
                <body>sed magni accusantium numquam quidem omnis et voluptatem beatae&#13;quos fugit libero&#13;vel ipsa et nihil recusandae ea&#13;iste nemo qui optio sit enim ut nostrum odit</body>
            </comment>
            <comment id="69" email="Joana.Schoen@leora.co.uk">
                <name>at aut ea iure accusantium voluptatum nihil ipsum</name>
                <body>omnis dolor autem qui est natus&#13;autem animi nemo voluptatum aut natus accusantium iure&#13;inventore sunt ea tenetur commodi suscipit facere architecto consequatur&#13;dolorem nihil veritatis consequuntur corporis</body>
            </comment>
            <comment id="70" email="Minerva.Anderson@devonte.ca">
                <name>eum magni accusantium labore aut cum et tenetur</name>
                <body>omnis aliquam praesentium ad voluptatem harum aperiam dolor autem&#13;hic asperiores quisquam ipsa necessitatibus suscipit&#13;praesentium rem deserunt et&#13;facere repellendus aut sed fugit qui est</body>
            </comment>
        </comments>
    </post>
    <post id="15" userId="2">
        <title>eveniet quod temporibus</title>
        <body>reprehenderit quos placeat&#13;velit minima officia dolores impedit repudiandae molestiae nam&#13;voluptas recusandae quis delectus&#13;officiis harum fugiat vitae</body>
        <comments>
            <comment id="71" email="Lavinia@lafayette.me">
                <name>vel pariatur perferendis vero ab aut voluptates labore</name>
                <body>mollitia magnam et&#13;ipsum consequatur est expedita&#13;aut rem ut ex doloremque est vitae est&#13;cumque velit recusandae numquam libero dolor fuga fugit a</body>
            </comment>
            <comment id="72" email="Sabrina.Marks@savanah.name">
                <name>quia sunt dolor dolor suscipit expedita quis</name>
                <body>quisquam voluptas ut&#13;pariatur eos amet non&#13;reprehenderit voluptates numquam&#13;in est voluptatem dicta ipsa qui esse enim</body>
            </comment>
            <comment id="73" email="Desmond_Graham@kailee.biz">
                <name>ut quia ipsa repellat sunt et sequi aut est</name>
                <body>nam qui possimus deserunt&#13;inventore dignissimos nihil rerum ut consequatur vel architecto&#13;tenetur recusandae voluptate&#13;numquam dignissimos aliquid ut reprehenderit voluptatibus</body>
            </comment>
            <comment id="74" email="Gussie_Kunde@sharon.biz">
                <name>ut non illum pariatur dolor</name>
                <body>non accusamus eum aut et est&#13;accusantium animi nesciunt distinctio ea quas quisquam&#13;sit ut voluptatem modi natus sint&#13;facilis est qui molestias recusandae nemo</body>
            </comment>
            <comment id="75" email="Richard@chelsie.co.uk">
                <name>minus laboriosam consequuntur</name>
                <body>natus numquam enim asperiores doloremque ullam et&#13;est molestias doloribus cupiditate labore vitae aut voluptatem&#13;itaque quos quo consectetur nihil illum veniam&#13;nostrum voluptatum repudiandae ut</body>
            </comment>
        </comments>
    </post>
    <post id="16" userId="2">
        <title>sint suscipit perspiciatis velit dolorum rerum ipsa laboriosam odio</title>
        <body>suscipit nam nisi quo aperiam aut&#13;asperiores eos fugit maiores voluptatibus quia&#13;voluptatem quis ullam qui in alias quia est&#13;consequatur magni mollitia accusamus ea nisi voluptate dicta</body>
        <comments>
            <comment id="76" email="Gage_Turner@halle.name">
                <name>porro ut soluta repellendus similique</name>
                <body>sunt qui consequatur similique recusandae repellendus voluptates eos et&#13;vero nostrum fugit magnam aliquam&#13;reprehenderit nobis voluptatem eos consectetur possimus&#13;et perferendis qui ea fugiat sit doloremque</body>
            </comment>
            <comment id="77" email="Alfred@sadye.biz">
                <name>dolores et quo omnis voluptates</name>
                <body>eos ullam dolorem impedit labore mollitia&#13;rerum non dolores&#13;molestiae dignissimos qui maxime sed voluptate consequatur&#13;doloremque praesentium magnam odio iste quae totam aut</body>
            </comment>
            <comment id="78" email="Catharine@jordyn.com">
                <name>voluptas voluptas voluptatibus blanditiis</name>
                <body>qui adipisci eveniet excepturi iusto magni et&#13;enim ducimus asperiores blanditiis nemo&#13;commodi nihil ex&#13;enim rerum vel nobis nostrum et non</body>
            </comment>
            <comment id="79" email="Esther_Ratke@shayna.biz">
                <name>beatae ut ad quisquam sed repellendus et</name>
                <body>et inventore sapiente sed&#13;sunt similique fugiat officia velit doloremque illo eligendi quas&#13;sed rerum in quidem perferendis facere molestias&#13;dolore dolor voluptas nam vel quia</body>
            </comment>
            <comment id="80" email="Evangeline@chad.net">
                <name>et cumque ad culpa ut eligendi non</name>
                <body>dignissimos itaque ab et tempore odio omnis voluptatem&#13;itaque perferendis rem repellendus tenetur nesciunt velit&#13;qui cupiditate recusandae&#13;quis debitis dolores aliquam nam</body>
            </comment>
        </comments>
    </post>
    <post id="17" userId="2">
        <title>fugit voluptas sed molestias voluptatem provident</title>
        <body>eos voluptas et aut odit natus earum&#13;aspernatur fuga molestiae ullam&#13;deserunt ratione qui eos&#13;qui nihil ratione nemo velit ut aut id quo</body>
        <comments>
            <comment id="81" email="Newton.Kertzmann@anjali.io">
                <name>aut non consequuntur dignissimos voluptatibus dolorem earum recusandae dolorem</name>
                <body>illum et voluptatem quis repellendus quidem repellat&#13;reprehenderit voluptas consequatur mollitia&#13;praesentium nisi quo quod et&#13;occaecati repellendus illo eius harum explicabo doloribus officia</body>
            </comment>
            <comment id="82" email="Caleb_Herzog@rosamond.net">
                <name>ea est non dolorum iste nihil est</name>
                <body>officiis dolorem voluptas aliquid eveniet tempora qui&#13;ea temporibus labore accusamus sint&#13;ut sunt necessitatibus voluptatum animi cumque&#13;at reiciendis voluptatem iure aliquid et qui dolores et</body>
            </comment>
            <comment id="83" email="Sage_Mueller@candace.net">
                <name>nihil qui accusamus ratione et molestias et minus</name>
                <body>et consequatur voluptates magnam fugit sunt repellendus nihil earum&#13;officiis aut cupiditate&#13;et distinctio laboriosam&#13;molestiae sunt dolor explicabo recusandae</body>
            </comment>
            <comment id="84" email="Bernie.Bergnaum@lue.com">
                <name>quia voluptatibus magnam voluptatem optio vel perspiciatis</name>
                <body>ratione ut magni voluptas&#13;explicabo natus quia consequatur nostrum aut&#13;omnis enim in qui illum&#13;aut atque laboriosam aliquid blanditiis quisquam et laborum</body>
            </comment>
            <comment id="85" email="Alexzander_Davis@eduardo.name">
                <name>non voluptas cum est quis aut consectetur nam</name>
                <body>quisquam incidunt dolores sint qui doloribus provident&#13;vel cupiditate deleniti alias voluptatem placeat ad&#13;ut dolorem illum unde iure quis libero neque&#13;ea et distinctio id</body>
            </comment>
        </comments>
    </post>
    <post id="18" userId="2">
        <title>voluptate et itaque vero tempora molestiae</title>
        <body>eveniet quo quis&#13;laborum totam consequatur non dolor&#13;ut et est repudiandae&#13;est voluptatem vel debitis et magnam</body>
        <comments>
            <comment id="86" email="Jacquelyn@krista.info">
                <name>suscipit est sunt vel illum sint</name>
                <body>eum culpa debitis sint&#13;eaque quia magni laudantium qui neque voluptas&#13;voluptatem qui molestiae vel earum est ratione excepturi&#13;sit aut explicabo et repudiandae ut perspiciatis</body>
            </comment>
            <comment id="87" email="Grover_Volkman@coty.tv">
                <name>dolor asperiores autem et omnis quasi nobis</name>
                <body>assumenda corporis architecto repudiandae omnis qui et odit&#13;perferendis velit enim&#13;et quia reiciendis sint&#13;quia voluptas quam deserunt facilis harum eligendi</body>
            </comment>
            <comment id="88" email="Jovanny@abigale.ca">
                <name>officiis aperiam odit sint est non</name>
                <body>laudantium corrupti atque exercitationem quae enim et veniam dicta&#13;autem perspiciatis sit dolores&#13;minima consectetur tenetur iste facere&#13;amet est neque</body>
            </comment>
            <comment id="89" email="Isac_Schmeler@barton.com">
                <name>in voluptatum nostrum voluptas iure nisi rerum est placeat</name>
                <body>quibusdam rerum quia nostrum culpa&#13;culpa est natus impedit quo rem voluptate quos&#13;rerum culpa aut ut consectetur&#13;sunt esse laudantium voluptatibus cupiditate rerum</body>
            </comment>
            <comment id="90" email="Sandy.Erdman@sabina.info">
                <name>eum voluptas dolores molestias odio amet repellendus</name>
                <body>vitae cupiditate excepturi eum veniam laudantium aspernatur blanditiis&#13;aspernatur quia ut assumenda et magni enim magnam&#13;in voluptate tempora&#13;non qui voluptatem reprehenderit porro qui voluptatibus</body>
            </comment>
        </comments>
    </post>
    <post id="19" userId="2">
        <title>adipisci placeat illum aut reiciendis qui</title>
        <body>illum quis cupiditate provident sit magnam&#13;ea sed aut omnis&#13;veniam maiores ullam consequatur atque&#13;adipisci quo iste expedita sit quos voluptas</body>
        <comments>
            <comment id="91" email="Alexandro@garry.io">
                <name>repellendus est laboriosam voluptas veritatis</name>
                <body>qui nisi at maxime deleniti quo&#13;ex quas tenetur nam&#13;deleniti aut asperiores deserunt cum ex eaque alias sit&#13;et veniam ab consequatur molestiae</body>
            </comment>
            <comment id="92" email="Vickie_Schuster@harley.net">
                <name>repellendus aspernatur occaecati tempore blanditiis deleniti omnis qui distinctio</name>
                <body>nihil necessitatibus omnis asperiores nobis praesentium quia&#13;ab debitis quo deleniti aut sequi commodi&#13;ut perspiciatis quod est magnam aliquam modi&#13;eum quos aliquid ea est</body>
            </comment>
            <comment id="93" email="Roma_Doyle@alia.com">
                <name>mollitia dolor deleniti sed iure laudantium</name>
                <body>ut quis et id repellat labore&#13;nobis itaque quae saepe est ullam aut&#13;dolor id ut quis&#13;sunt iure voluptates expedita voluptas doloribus modi saepe autem</body>
            </comment>
            <comment id="94" email="Tatum_Marks@jaylon.name">
                <name>vero repudiandae voluptatem nobis</name>
                <body>reiciendis delectus nulla quae voluptas nihil provident quia&#13;ab corporis nesciunt blanditiis quibusdam et unde et&#13;magni eligendi aperiam corrupti perspiciatis quasi&#13;neque iure voluptatibus mollitia</body>
            </comment>
            <comment id="95" email="Juston.Ruecker@scot.tv">
                <name>voluptatem unde quos provident ad qui sit et excepturi</name>
                <body>at ut tenetur rem&#13;ut fuga quis ea magnam alias&#13;aut tempore fugiat laboriosam porro quia iure qui&#13;architecto est enim</body>
            </comment>
        </comments>
    </post>
    <post id="20" userId="2">
        <title>doloribus ad provident suscipit at</title>
        <body>qui consequuntur ducimus possimus quisquam amet similique&#13;suscipit porro ipsam amet&#13;eos veritatis officiis exercitationem vel fugit aut necessitatibus totam&#13;omnis rerum consequatur expedita quidem cumque explicabo</body>
        <comments>
            <comment id="96" email="River.Grady@lavada.biz">
                <name>non sit ad culpa quis</name>
                <body>eum itaque quam&#13;laboriosam sequi ullam quos nobis&#13;omnis dignissimos nam dolores&#13;facere id suscipit aliquid culpa rerum quis</body>
            </comment>
            <comment id="97" email="Claudia@emilia.ca">
                <name>reiciendis culpa omnis suscipit est</name>
                <body>est ducimus voluptate saepe iusto repudiandae recusandae et&#13;sint fugit voluptas eum itaque&#13;odit ab eos voluptas molestiae necessitatibus earum possimus voluptatem&#13;quibusdam aut illo beatae qui delectus aut officia veritatis</body>
            </comment>
            <comment id="98" email="Torrey@june.tv">
                <name>praesentium dolorem ea voluptate et</name>
                <body>ex et expedita cum voluptatem&#13;voluptatem ab expedita quis nihil&#13;esse quo nihil perferendis dolores velit ut culpa aut&#13;dolor maxime necessitatibus voluptatem</body>
            </comment>
            <comment id="99" email="Hildegard.Aufderhar@howard.com">
                <name>laudantium delectus nam</name>
                <body>aut quam consequatur sit et&#13;repellat maiores laborum similique voluptatem necessitatibus nihil&#13;et debitis nemo occaecati cupiditate&#13;modi dolorum quia aut</body>
            </comment>
            <comment id="100" email="Leone_Fay@orrin.com">
                <name>et sint quia dolor et est ea nulla cum</name>
                <body>architecto dolorem ab explicabo et provident et&#13;et eos illo omnis mollitia ex aliquam&#13;atque ut ipsum nulla nihil&#13;quis voluptas aut debitis facilis</body>
            </comment>
        </comments>
    </post>
    <post id="21" userId="3">
        <title>asperiores ea ipsam voluptatibus modi minima quia sint</title>
        <body>repellat aliquid praesentium dolorem quo&#13;sed totam minus non itaque&#13;nihil labore molestiae sunt dolor eveniet hic recusandae veniam&#13;tempora et tenetur expedita sunt</body>
        <comments>
            <comment id="101" email="Lura@rod.tv">
                <name>perspiciatis magnam ut eum autem similique explicabo expedita</name>
                <body>ut aut maxime officia sed aliquam et magni autem&#13;veniam repudiandae nostrum odio enim eum optio aut&#13;omnis illo quasi quibusdam inventore explicabo&#13;reprehenderit dolor saepe possimus molestiae</body>
            </comment>
            <comment id="102" email="Lottie.Zieme@ruben.us">
                <name>officia ullam ut neque earum ipsa et fuga</name>
                <body>aut dolorem quos ut non&#13;aliquam unde iure minima quod ullam qui&#13;fugiat molestiae tempora voluptate vel labore&#13;saepe animi et vitae numquam ipsa</body>
            </comment>
            <comment id="103" email="Winona_Price@jevon.me">
                <name>ipsum a ut</name>
                <body>totam eum fugiat repellendus&#13;quae beatae explicabo excepturi iusto et&#13;repellat alias iure voluptates consequatur sequi minus&#13;sed maxime unde</body>
            </comment>
            <comment id="104" email="Gabriel@oceane.biz">
                <name>a assumenda totam</name>
                <body>qui aperiam labore animi magnam odit est&#13;ut autem eaque ea magni quas voluptatem&#13;doloribus vel voluptatem nostrum ut debitis enim quaerat&#13;ut esse eveniet aut</body>
            </comment>
            <comment id="105" email="Adolph.Ondricka@mozell.co.uk">
                <name>voluptatem repellat est</name>
                <body>ut rerum illum error at inventore ab nobis molestiae&#13;ipsa architecto temporibus non aliquam aspernatur omnis quidem aliquid&#13;consequatur non et expedita cumque voluptates ipsam quia&#13;blanditiis libero itaque sed iusto at</body>
            </comment>
        </comments>
    </post>
    <post id="22" userId="3">
        <title>dolor sint quo a velit explicabo quia nam</title>
        <body>eos qui et ipsum ipsam suscipit aut&#13;sed omnis non odio&#13;expedita earum mollitia molestiae aut atque rem suscipit&#13;nam impedit esse</body>
        <comments>
            <comment id="106" email="Allen@richard.biz">
                <name>maiores placeat facere quam pariatur</name>
                <body>dolores debitis voluptatem ab hic&#13;magnam alias qui est sunt&#13;et porro velit et repellendus occaecati est&#13;sequi quia odio deleniti illum</body>
            </comment>
            <comment id="107" email="Nicholaus@mikayla.ca">
                <name>in ipsam vel id impedit possimus eos voluptate</name>
                <body>eveniet fugit qui&#13;porro eaque dolores eos adipisci dolores ut&#13;fugit perferendis pariatur&#13;numquam et repellat occaecati atque ipsum neque</body>
            </comment>
            <comment id="108" email="Kayla@susanna.org">
                <name>ut veritatis corporis placeat suscipit consequatur quaerat</name>
                <body>at a vel sequi nostrum&#13;harum nam nihil&#13;cumque aut in dolore rerum ipsa hic ratione&#13;rerum cum ratione provident labore ad quisquam repellendus a</body>
            </comment>
            <comment id="109" email="Gideon@amina.name">
                <name>eveniet ut similique accusantium qui dignissimos</name>
                <body>aliquid qui dolorem deserunt aperiam natus corporis eligendi neque&#13;at et sunt aut qui&#13;illum repellat qui excepturi laborum facilis aut omnis consequatur&#13;et aut optio ipsa nisi enim</body>
            </comment>
            <comment id="110" email="Cassidy@maribel.io">
                <name>sint est odit officiis similique aut corrupti quas autem</name>
                <body>cum sequi in eligendi id eaque&#13;dolores accusamus dolorem eum est voluptatem quisquam tempore&#13;in voluptas enim voluptatem asperiores voluptatibus&#13;eius quo quos quasi voluptas earum ut necessitatibus</body>
            </comment>
        </comments>
    </post>
    <post id="23" userId="3">
        <title>maxime id vitae nihil numquam</title>
        <body>veritatis unde neque eligendi&#13;quae quod architecto quo neque vitae&#13;est illo sit tempora doloremque fugit quod&#13;et et vel beatae sequi ullam sed tenetur perspiciatis</body>
        <comments>
            <comment id="111" email="Stefan.Crist@duane.ca">
                <name>possimus facilis deleniti nemo atque voluptate</name>
                <body>ullam autem et&#13;accusantium quod sequi similique soluta explicabo ipsa&#13;eius ratione quisquam sed et excepturi occaecati pariatur&#13;molestiae ut reiciendis eum voluptatem sed</body>
            </comment>
            <comment id="112" email="Aniyah.Ortiz@monte.me">
                <name>dolore aut aspernatur est voluptate quia ipsam</name>
                <body>ut tempora deleniti quo molestiae eveniet provident earum occaecati&#13;est nesciunt ut pariatur ipsa voluptas voluptatem aperiam&#13;qui deleniti quibusdam voluptas molestiae facilis id iusto similique&#13;tempora aut qui</body>
            </comment>
            <comment id="113" email="Laverna@rico.biz">
                <name>sint quo debitis deleniti repellat</name>
                <body>voluptatem sint quia modi accusantium alias&#13;recusandae rerum voluptatem aut sit et ut magnam&#13;voluptas rerum odio quo labore voluptatem facere consequuntur&#13;ut sit voluptatum hic distinctio</body>
            </comment>
            <comment id="114" email="Derek@hildegard.net">
                <name>optio et sunt non</name>
                <body>nihil labore qui&#13;quis dolor eveniet iste numquam&#13;porro velit incidunt&#13;laboriosam asperiores aliquam facilis in et voluptas eveniet quasi</body>
            </comment>
            <comment id="115" email="Tyrell@abdullah.ca">
                <name>occaecati dolorem eum in veniam quia quo reiciendis</name>
                <body>laudantium tempore aut&#13;maiores laborum fugit qui suscipit hic sint officiis corrupti&#13;officiis eum optio cumque fuga sed voluptatibus similique&#13;sit consequuntur rerum commodi</body>
            </comment>
        </comments>
    </post>
    <post id="24" userId="3">
        <title>autem hic labore sunt dolores incidunt</title>
        <body>enim et ex nulla&#13;omnis voluptas quia qui&#13;voluptatem consequatur numquam aliquam sunt&#13;totam recusandae id dignissimos aut sed asperiores deserunt</body>
        <comments>
            <comment id="116" email="Reyes@hailey.name">
                <name>veritatis sit tempora quasi fuga aut dolorum</name>
                <body>quia voluptas qui assumenda nesciunt harum iusto&#13;est corrupti aperiam&#13;ut aut unde maxime consequatur eligendi&#13;veniam modi id sint rem labore saepe minus</body>
            </comment>
            <comment id="117" email="Danika.Dicki@mekhi.biz">
                <name>incidunt quae optio quam corporis iste deleniti accusantium vero</name>
                <body>doloribus esse necessitatibus qui eos et ut est saepe&#13;sed rerum tempore est ut&#13;quisquam et eligendi accusantium&#13;commodi non doloribus</body>
            </comment>
            <comment id="118" email="Alessandra.Nitzsche@stephania.us">
                <name>quisquam laborum reiciendis aut</name>
                <body>repudiandae aliquam maxime cupiditate consequatur id&#13;quas error repellendus&#13;totam officia dolorem beatae natus cum exercitationem&#13;asperiores dolor ea</body>
            </comment>
            <comment id="119" email="Matteo@marquis.net">
                <name>minus pariatur odit</name>
                <body>et omnis consequatur ut&#13;in suscipit et voluptatem&#13;animi at ut&#13;dolores quos aut numquam esse praesentium aut placeat nam</body>
            </comment>
            <comment id="120" email="Joshua.Spinka@toby.io">
                <name>harum error sit</name>
                <body>iusto sint recusandae placeat atque perferendis sit corporis molestiae&#13;rem dolor eius id delectus et qui&#13;sed dolorem reiciendis error ullam corporis delectus&#13;explicabo mollitia odit laborum sed itaque deserunt rem dolorem</body>
            </comment>
        </comments>
    </post>
    <post id="25" userId="3">
        <title>rem alias distinctio quo quis</title>
        <body>ullam consequatur ut&#13;omnis quis sit vel consequuntur&#13;ipsa eligendi ipsum molestiae et omnis error nostrum&#13;molestiae illo tempore quia et distinctio</body>
        <comments>
            <comment id="121" email="Annabelle@cole.com">
                <name>deleniti quo corporis ullam magni praesentium molestiae</name>
                <body>soluta mollitia impedit cumque nostrum tempore aut placeat repellat&#13;enim adipisci dolores aut ut ratione laboriosam necessitatibus vel&#13;et blanditiis est iste sapiente qui atque repellendus alias&#13;earum consequuntur quia quasi quia</body>
            </comment>
            <comment id="122" email="Kacey@jamal.info">
                <name>nihil tempora et reiciendis modi veniam</name>
                <body>doloribus veritatis a et quis corrupti incidunt est&#13;harum maiores impedit et beatae qui velit et aut&#13;porro sed dignissimos deserunt deleniti&#13;et eveniet voluptas ipsa pariatur rem ducimus</body>
            </comment>
            <comment id="123" email="Mina@mallie.name">
                <name>ad eos explicabo odio velit</name>
                <body>nostrum perspiciatis doloribus&#13;explicabo soluta id libero illo iste et&#13;ab expedita error aliquam eum sint ipsum&#13;modi possimus et</body>
            </comment>
            <comment id="124" email="Hudson.Blick@ruben.biz">
                <name>nostrum suscipit aut consequatur magnam sunt fuga nihil</name>
                <body>ut ut eius qui explicabo quis&#13;iste autem nulla beatae tenetur enim&#13;assumenda explicabo consequatur harum exercitationem&#13;velit itaque consectetur et possimus</body>
            </comment>
            <comment id="125" email="Domenic.Durgan@joaquin.name">
                <name>porro et voluptate et reprehenderit</name>
                <body>aut voluptas dolore autem&#13;reprehenderit expedita et nihil pariatur ea animi quo ullam&#13;a ea officiis corporis&#13;eius voluptatum cum mollitia dolore quaerat accusamus</body>
            </comment>
        </comments>
    </post>
    <post id="26" userId="3">
        <title>est et quae odit qui non</title>
        <body>similique esse doloribus nihil accusamus&#13;omnis dolorem fuga consequuntur reprehenderit fugit recusandae temporibus&#13;perspiciatis cum ut laudantium&#13;omnis aut molestiae vel vero</body>
        <comments>
            <comment id="126" email="Alexie@alayna.org">
                <name>fuga tenetur id et qui labore delectus</name>
                <body>est qui ut tempore temporibus pariatur provident qui consequuntur&#13;laboriosam porro dignissimos quos debitis id laborum et totam&#13;aut eius sequi dolor maiores amet&#13;rerum voluptatibus quod ratione quos labore fuga sit</body>
            </comment>
            <comment id="127" email="Haven_Barrows@brant.org">
                <name>consequatur harum magnam</name>
                <body>omnis consequatur dignissimos iure rerum odio&#13;culpa laudantium quia voluptas enim est nisi&#13;doloremque consequatur autem officiis necessitatibus beatae et&#13;et itaque animi dolor praesentium</body>
            </comment>
            <comment id="128" email="Marianne@maximo.us">
                <name>labore architecto quaerat tempora voluptas consequuntur animi</name>
                <body>exercitationem eius aut ullam vero&#13;impedit similique maiores ea et in culpa possimus omnis&#13;eos labore autem quam repellendus dolores deserunt voluptatem&#13;non ullam eos accusamus</body>
            </comment>
            <comment id="129" email="Fanny@danial.com">
                <name>deleniti facere tempore et perspiciatis voluptas quis voluptatem</name>
                <body>fugit minima voluptatem est aut sed explicabo&#13;harum dolores at qui eaque&#13;magni velit ut et&#13;nam et ut sunt excepturi repellat non commodi</body>
            </comment>
            <comment id="130" email="Trevion_Kuphal@bernice.name">
                <name>quod est non quia doloribus quam deleniti libero</name>
                <body>dicta sit culpa molestiae quasi at voluptate eos&#13;dolorem perferendis accusamus rerum expedita ipsum quis qui&#13;quos est deserunt&#13;rerum fuga qui aliquam in consequatur aspernatur</body>
            </comment>
        </comments>
    </post>
    <post id="27" userId="3">
        <title>quasi id et eos tenetur aut quo autem</title>
        <body>eum sed dolores ipsam sint possimus debitis occaecati&#13;debitis qui qui et&#13;ut placeat enim earum aut odit facilis&#13;consequatur suscipit necessitatibus rerum sed inventore temporibus consequatur</body>
        <comments>
            <comment id="131" email="Emmet@guy.biz">
                <name>voluptas quasi sunt laboriosam</name>
                <body>rem magnam at voluptatem&#13;aspernatur et et nostrum rerum&#13;dignissimos eum quibusdam&#13;optio quod dolores et</body>
            </comment>
            <comment id="132" email="Megane.Fritsch@claude.name">
                <name>unde tenetur vero eum iusto</name>
                <body>ullam harum consequatur est rerum est&#13;magni tenetur aperiam et&#13;repudiandae et reprehenderit dolorum enim voluptas impedit&#13;eligendi quis necessitatibus in exercitationem voluptatem qui</body>
            </comment>
            <comment id="133" email="Amya@durward.ca">
                <name>est adipisci laudantium amet rem asperiores</name>
                <body>sunt quis iure molestias qui ipsa commodi dolore a&#13;odio qui debitis earum&#13;unde ut omnis&#13;doloremque corrupti at repellendus earum eum</body>
            </comment>
            <comment id="134" email="Jasen_Rempel@willis.org">
                <name>reiciendis quo est vitae dignissimos libero ut officiis fugiat</name>
                <body>corrupti perspiciatis eligendi&#13;et omnis tempora nobis dolores hic&#13;dolorum vitae odit&#13;reiciendis sunt odit qui</body>
            </comment>
            <comment id="135" email="Harmony@reggie.com">
                <name>inventore fugiat dignissimos</name>
                <body>sapiente nostrum dolorem odit a&#13;sed animi non architecto doloremque unde&#13;nam aut aut ut facilis&#13;et ut autem fugit minima culpa inventore non</body>
            </comment>
        </comments>
    </post>
    <post id="28" userId="3">
        <title>delectus ullam et corporis nulla voluptas sequi</title>
        <body>non et quaerat ex quae ad maiores&#13;maiores recusandae totam aut blanditiis mollitia quas illo&#13;ut voluptatibus voluptatem&#13;similique nostrum eum</body>
        <comments>
            <comment id="136" email="Rosanna_Kunze@guy.net">
                <name>et expedita est odit</name>
                <body>cum natus qui dolorem dolorum nihil ut nam tempore&#13;modi nesciunt ipsum hic&#13;rem sunt possimus earum magnam similique aspernatur sed&#13;totam sed voluptatem iusto id iste qui</body>
            </comment>
            <comment id="137" email="Ressie.Boehm@flossie.com">
                <name>saepe dolore qui tempore nihil perspiciatis omnis omnis magni</name>
                <body>reiciendis maiores id&#13;voluptas sapiente deserunt itaque&#13;ut omnis sunt&#13;necessitatibus quibusdam dolorem voluptatem harum error</body>
            </comment>
            <comment id="138" email="Domenic.Wuckert@jazmyne.us">
                <name>ea optio nesciunt officia velit enim facilis commodi</name>
                <body>dolorem suscipit adipisci ad cum totam quia fugiat&#13;vel quia dolores molestiae eos&#13;omnis officia quidem quaerat alias vel distinctio&#13;vero provident et corporis a quia ut</body>
            </comment>
            <comment id="139" email="Rhett.OKon@brian.info">
                <name>ut pariatur voluptate possimus quasi</name>
                <body>facilis cumque nostrum dignissimos&#13;doloremque saepe quia adipisci sunt&#13;dicta dolorum quo esse&#13;culpa iste ut asperiores cum aperiam</body>
            </comment>
            <comment id="140" email="Mathias@richmond.info">
                <name>consectetur tempore eum consequuntur</name>
                <body>velit ipsa fugiat sit qui vel nesciunt sapiente&#13;repudiandae perferendis nemo eos quos perspiciatis aperiam&#13;doloremque incidunt nostrum temporibus corrupti repudiandae vitae non corporis&#13;cupiditate suscipit quod sed numquam excepturi enim labore</body>
            </comment>
        </comments>
    </post>
    <post id="29" userId="3">
        <title>iusto eius quod necessitatibus culpa ea</title>
        <body>odit magnam ut saepe sed non qui&#13;tempora atque nihil&#13;accusamus illum doloribus illo dolor&#13;eligendi repudiandae odit magni similique sed cum maiores</body>
        <comments>
            <comment id="141" email="Ottis@lourdes.org">
                <name>dignissimos perspiciatis voluptate quos rem qui temporibus excepturi</name>
                <body>et ullam id eligendi rem sit&#13;occaecati et delectus in nemo&#13;aut veritatis deserunt aspernatur dolor enim voluptas quos consequatur&#13;molestiae temporibus error</body>
            </comment>
            <comment id="142" email="Estel@newton.ca">
                <name>cum dolore sit quisquam provident nostrum vitae</name>
                <body>cumque voluptas quo eligendi sit&#13;nemo ut ut dolor et cupiditate aut&#13;et voluptatem quia aut maiores quas accusantium expedita quia&#13;beatae aut ad quis soluta id dolorum</body>
            </comment>
            <comment id="143" email="Bertha@erik.co.uk">
                <name>velit molestiae assumenda perferendis voluptas explicabo</name>
                <body>est quasi maiores nisi reiciendis enim&#13;dolores minus facilis laudantium dignissimos&#13;reiciendis et facere occaecati dolores et&#13;possimus et vel et aut ipsa ad</body>
            </comment>
            <comment id="144" email="Joesph@matteo.info">
                <name>earum ipsum ea quas qui molestiae omnis unde</name>
                <body>voluptatem unde consequatur natus nostrum vel ut&#13;consequatur sequi doloremque omnis dolorem maxime&#13;eaque sunt excepturi&#13;fuga qui illum et accusamus</body>
            </comment>
            <comment id="145" email="Alva@cassandre.net">
                <name>magni iusto sit</name>
                <body>assumenda nihil et&#13;sed nulla tempora porro iste possimus aut sit officia&#13;cumque totam quis tenetur qui sequi&#13;delectus aut sunt</body>
            </comment>
        </comments>
    </post>
    <post id="30" userId="3">
        <title>a quo magni similique perferendis</title>
        <body>alias dolor cumque&#13;impedit blanditiis non eveniet odio maxime&#13;blanditiis amet eius quis tempora quia autem rem&#13;a provident perspiciatis quia</body>
        <comments>
            <comment id="146" email="Vivienne@willis.org">
                <name>est qui debitis</name>
                <body>possimus necessitatibus quis&#13;et dicta omnis voluptatem ea est&#13;suscipit eum soluta in quia corrupti hic iusto&#13;consequatur est aut qui earum nisi officiis sed culpa</body>
            </comment>
            <comment id="147" email="Angelita@aliza.me">
                <name>reiciendis et consectetur officiis beatae corrupti aperiam</name>
                <body>nihil aspernatur consequatur voluptatem facere sed fugiat ullam&#13;beatae accusamus et fuga maxime vero&#13;omnis necessitatibus quisquam ipsum consectetur incidunt repellat voluptas&#13;error quo et ab magnam quisquam</body>
            </comment>
            <comment id="148" email="Timmothy_Okuneva@alyce.tv">
                <name>iusto reprehenderit voluptatem modi</name>
                <body>nemo corporis quidem eius aut dolores&#13;itaque rerum quo occaecati mollitia incidunt&#13;autem est saepe nulla nobis a id&#13;dolore facilis placeat molestias in fugiat aliquam excepturi</body>
            </comment>
            <comment id="149" email="Moriah_Welch@richmond.org">
                <name>optio dolorem et reiciendis et recusandae quidem</name>
                <body>veniam est distinctio&#13;nihil quia eos sed&#13;distinctio hic ut sint ducimus debitis dolorem voluptatum assumenda&#13;eveniet ea perspiciatis</body>
            </comment>
            <comment id="150" email="Ramiro_Kuhn@harmon.biz">
                <name>id saepe numquam est facilis sint enim voluptas voluptatem</name>
                <body>est non atque eligendi aspernatur quidem earum mollitia&#13;minima neque nam exercitationem provident eum&#13;maxime quo et ut illum sequi aut fuga repudiandae&#13;sapiente sed ea distinctio molestias illum consequatur libero quidem</body>
            </comment>
        </comments>
    </post>
    <post id="31" userId="4">
        <title>ullam ut quidem id aut vel consequuntur</title>
        <body>debitis eius sed quibusdam non quis consectetur vitae&#13;impedit ut qui consequatur sed aut in&#13;quidem sit nostrum et maiores adipisci atque&#13;quaerat voluptatem adipisci repudiandae</body>
        <comments>
            <comment id="151" email="Cary@taurean.biz">
                <name>ut quas facilis laborum voluptatum consequatur odio voluptate et</name>
                <body>quos eos sint voluptatibus similique iusto perferendis omnis voluptas&#13;earum nulla cumque&#13;dolorem consequatur officiis quis consequatur aspernatur nihil ullam et&#13;enim enim unde nihil labore non ducimus</body>
            </comment>
            <comment id="152" email="Tillman_Koelpin@luisa.com">
                <name>quod doloremque omnis</name>
                <body>itaque veritatis explicabo&#13;quis voluptatem mollitia soluta id non&#13;doloribus nobis fuga provident&#13;nesciunt saepe molestiae praesentium laboriosam</body>
            </comment>
            <comment id="153" email="Aleen@tania.biz">
                <name>dolorum et dolorem optio in provident</name>
                <body>et cumque error pariatur&#13;quo doloribus corrupti voluptates ad voluptatem consequatur voluptas dolores&#13;pariatur at quas iste repellat et sed quasi&#13;ea maiores rerum aut earum</body>
            </comment>
            <comment id="154" email="Durward@cindy.com">
                <name>odit illo optio ea modi in</name>
                <body>quod magni consectetur&#13;quod doloremque velit autem ipsam nisi praesentium ut&#13;laboriosam quod deleniti&#13;pariatur aliquam sint excepturi a consectetur quas eos</body>
            </comment>
            <comment id="155" email="Lester@chauncey.ca">
                <name>adipisci laboriosam repudiandae omnis veritatis in facere similique rem</name>
                <body>animi asperiores modi et tenetur vel magni&#13;id iusto aliquid ad&#13;nihil dolorem dolorum aut veritatis voluptates&#13;omnis cupiditate incidunt</body>
            </comment>
        </comments>
    </post>
    <post id="32" userId="4">
        <title>doloremque illum aliquid sunt</title>
        <body>deserunt eos nobis asperiores et hic&#13;est debitis repellat molestiae optio&#13;nihil ratione ut eos beatae quibusdam distinctio maiores&#13;earum voluptates et aut adipisci ea maiores voluptas maxime</body>
        <comments>
            <comment id="156" email="Telly_Lynch@karl.co.uk">
                <name>pariatur omnis in</name>
                <body>dolorum voluptas laboriosam quisquam ab&#13;totam beatae et aut aliquid optio assumenda&#13;voluptas velit itaque quidem voluptatem tempore cupiditate&#13;in itaque sit molestiae minus dolores magni</body>
            </comment>
            <comment id="157" email="Makenzie@libbie.io">
                <name>aut nobis et consequatur</name>
                <body>voluptas quia quo ad&#13;ipsum voluptatum provident ut ipsam velit dignissimos aut assumenda&#13;ut officia laudantium&#13;quibusdam sed minima</body>
            </comment>
            <comment id="158" email="Amiya@perry.us">
                <name>explicabo est molestiae aut</name>
                <body>et qui ad vero quis&#13;quisquam omnis fuga et vel nihil minima eligendi nostrum&#13;sed deserunt rem voluptates autem&#13;quia blanditiis cum sed</body>
            </comment>
            <comment id="159" email="Meghan@akeem.tv">
                <name>voluptas blanditiis deserunt quia quis</name>
                <body>deserunt deleniti officiis architecto consequatur molestiae facere dolor&#13;voluptatem velit eos fuga dolores&#13;sit quia est a deleniti hic dolor quisquam repudiandae&#13;voluptas numquam voluptatem impedit</body>
            </comment>
            <comment id="160" email="Mitchel.Williamson@fletcher.io">
                <name>sint fugit esse</name>
                <body>non reprehenderit aut sed quos est ad voluptatum&#13;est ut est dignissimos ut dolores consequuntur&#13;debitis aspernatur consequatur est&#13;porro nulla laboriosam repellendus et nesciunt est libero placeat</body>
            </comment>
        </comments>
    </post>
    <post id="33" userId="4">
        <title>qui explicabo molestiae dolorem</title>
        <body>rerum ut et numquam laborum odit est sit&#13;id qui sint in&#13;quasi tenetur tempore aperiam et quaerat qui in&#13;rerum officiis sequi cumque quod</body>
        <comments>
            <comment id="161" email="Ashlee_Jast@emie.biz">
                <name>nesciunt quidem veritatis alias odit nisi voluptatem non est</name>
                <body>sunt totam blanditiis&#13;eum quos fugit et ab rerum nemo&#13;ut iusto architecto&#13;ut et eligendi iure placeat omnis</body>
            </comment>
            <comment id="162" email="Antwan@lori.ca">
                <name>animi vitae qui aut corrupti neque culpa modi</name>
                <body>nulla impedit porro in sed&#13;voluptatem qui voluptas et enim beatae&#13;nobis et sit ipsam aut&#13;voluptatem voluptatibus blanditiis officia quod eos omnis earum dolorem</body>
            </comment>
            <comment id="163" email="Estelle@valentina.info">
                <name>omnis ducimus ab temporibus nobis porro natus deleniti</name>
                <body>molestiae dolorem quae rem neque sapiente voluptatum nesciunt cum&#13;id rerum at blanditiis est accusantium est&#13;eos illo porro ad&#13;quod repellendus ad et labore fugit dolorum</body>
            </comment>
            <comment id="164" email="Haylie@gino.name">
                <name>eius corrupti ea</name>
                <body>beatae aut ut autem sit officia rerum nostrum&#13;provident ratione sed dicta omnis alias commodi rerum expedita&#13;non nobis sapiente consectetur odit unde quia&#13;voluptas in nihil consequatur doloremque ullam dolorem cum</body>
            </comment>
            <comment id="165" email="Blake_Spinka@robyn.info">
                <name>quia commodi molestiae assumenda provident sit incidunt laudantium</name>
                <body>sed praesentium ducimus minima autem corporis debitis&#13;aperiam eum sit pariatur&#13;impedit placeat illo odio&#13;odit accusantium expedita quo rerum magnam</body>
            </comment>
        </comments>
    </post>
    <post id="34" userId="4">
        <title>magnam ut rerum iure</title>
        <body>ea velit perferendis earum ut voluptatem voluptate itaque iusto&#13;totam pariatur in&#13;nemo voluptatem voluptatem autem magni tempora minima in&#13;est distinctio qui assumenda accusamus dignissimos officia nesciunt nobis</body>
        <comments>
            <comment id="166" email="Aimee.Bins@braeden.ca">
                <name>sint alias molestiae qui dolor vel</name>
                <body>nam quas eaque unde&#13;dolor blanditiis cumque eaque omnis qui&#13;rerum modi sint quae numquam exercitationem&#13;atque aut praesentium ipsa sit neque qui sint aut</body>
            </comment>
            <comment id="167" email="Eloy@vladimir.com">
                <name>ea nam iste est repudiandae</name>
                <body>molestiae voluptatem qui&#13;id facere nostrum quasi asperiores rerum&#13;quisquam est repellendus&#13;deleniti eos aut sed nemo non</body>
            </comment>
            <comment id="168" email="Gabrielle@jada.co.uk">
                <name>quis harum voluptatem et culpa</name>
                <body>cupiditate optio in quidem adipisci sit dolor id&#13;et tenetur quo sit odit&#13;aperiam illum optio magnam qui&#13;molestiae eligendi harum optio dolores dolor quaerat nostrum</body>
            </comment>
            <comment id="169" email="Lee@dawn.net">
                <name>dolor dolore similique tempore ducimus</name>
                <body>unde non aliquid magni accusantium architecto et&#13;rerum autem eos explicabo et&#13;odio facilis sed&#13;rerum ex esse beatae quia</body>
            </comment>
            <comment id="170" email="Gideon.Hyatt@jalen.tv">
                <name>cupiditate labore omnis consequatur</name>
                <body>amet id deserunt ipsam&#13;cupiditate distinctio nulla voluptatem&#13;cum possimus voluptate&#13;ipsum quidem laudantium quos nihil</body>
            </comment>
        </comments>
    </post>
    <post id="35" userId="4">
        <title>id nihil consequatur molestias animi provident</title>
        <body>nisi error delectus possimus ut eligendi vitae&#13;placeat eos harum cupiditate facilis reprehenderit voluptatem beatae&#13;modi ducimus quo illum voluptas eligendi&#13;et nobis quia fugit</body>
        <comments>
            <comment id="171" email="Gerda.Reynolds@ceasar.co.uk">
                <name>voluptatibus qui est et</name>
                <body>sed non beatae placeat qui libero nam eaque qui&#13;quia ut ad doloremque&#13;sequi unde quidem adipisci debitis autem velit&#13;architecto aperiam eos nihil enim dolores veritatis omnis ex</body>
            </comment>
            <comment id="172" email="Ivah@brianne.net">
                <name>corporis ullam quo</name>
                <body>nemo ullam omnis sit&#13;labore perferendis et eveniet nostrum&#13;dignissimos expedita iusto&#13;occaecati quia sit quibusdam</body>
            </comment>
            <comment id="173" email="Ethyl_Bogan@candace.co.uk">
                <name>nulla accusamus saepe debitis cum</name>
                <body>asperiores hic fugiat aut et temporibus mollitia quo quam&#13;cumque numquam labore qui illum vel provident quod&#13;pariatur natus incidunt&#13;sunt error voluptatibus vel voluptas maiores est vero possimus</body>
            </comment>
            <comment id="174" email="Janelle_Guann@americo.info">
                <name>iure praesentium ipsam</name>
                <body>sit dolores consequatur qui voluptas sunt&#13;earum at natus alias excepturi dolores&#13;maiores pariatur at reiciendis&#13;dolor esse optio</body>
            </comment>
            <comment id="175" email="Alfonzo.Barton@kelley.co.uk">
                <name>autem totam velit officiis voluptates et ullam rem</name>
                <body>culpa non ea&#13;perspiciatis exercitationem sed natus sit&#13;enim voluptatum ratione omnis consequuntur provident commodi omnis&#13;quae odio sit at tempora</body>
            </comment>
        </comments>
    </post>
    <post id="36" userId="4">
        <title>fuga nam accusamus voluptas reiciendis itaque</title>
        <body>ad mollitia et omnis minus architecto odit&#13;voluptas doloremque maxime aut non ipsa qui alias veniam&#13;blanditiis culpa aut quia nihil cumque facere et occaecati&#13;qui aspernatur quia eaque ut aperiam inventore</body>
        <comments>
            <comment id="176" email="Esther@ford.me">
                <name>ipsam deleniti incidunt repudiandae voluptatem maxime provident non dolores</name>
                <body>quam culpa fugiat&#13;rerum impedit ratione vel ipsam rem&#13;commodi qui rem eum&#13;itaque officiis omnis ad</body>
            </comment>
            <comment id="177" email="Naomie_Cronin@rick.co.uk">
                <name>ab cupiditate blanditiis ea sunt</name>
                <body>ut facilis sapiente&#13;quia repellat autem et aut delectus sint&#13;autem nulla debitis&#13;omnis consequuntur neque</body>
            </comment>
            <comment id="178" email="Darryl@reginald.us">
                <name>rerum ex quam enim sunt</name>
                <body>sit maxime fugit&#13;sequi culpa optio consequatur voluptatem dolor expedita&#13;enim iure eum reprehenderit doloremque aspernatur modi&#13;voluptatem culpa nostrum quod atque rerum sint laboriosam et</body>
            </comment>
            <comment id="179" email="Thea@aurelio.org">
                <name>et iure ex rerum qui</name>
                <body>non saepe ipsa velit sunt&#13;totam ipsum optio voluptatem&#13;nesciunt qui iste eum&#13;et deleniti ullam</body>
            </comment>
            <comment id="180" email="Carolyn@eloisa.biz">
                <name>autem tempora a iusto eum aut voluptatum</name>
                <body>recusandae temporibus nihil non alias consequatur&#13;libero voluptatem sed soluta accusamus&#13;a qui reiciendis officiis ad&#13;quia laborum libero et rerum voluptas sed ut et</body>
            </comment>
        </comments>
    </post>
    <post id="37" userId="4">
        <title>provident vel ut sit ratione est</title>
        <body>debitis et eaque non officia sed nesciunt pariatur vel&#13;voluptatem iste vero et ea&#13;numquam aut expedita ipsum nulla in&#13;voluptates omnis consequatur aut enim officiis in quam qui</body>
        <comments>
            <comment id="181" email="Milan.Schoen@cortney.io">
                <name>similique ut et non laboriosam in eligendi et</name>
                <body>dolor iure corrupti&#13;et eligendi nesciunt voluptatum autem&#13;consequatur in sapiente&#13;dolor voluptas dolores natus iusto qui et in perferendis</body>
            </comment>
            <comment id="182" email="Sabrina@raymond.biz">
                <name>soluta corporis excepturi consequatur perspiciatis quia voluptatem</name>
                <body>voluptatum voluptatem nisi consequatur et&#13;omnis nobis odio neque ab enim veniam&#13;sit qui aperiam odit voluptatem facere&#13;nesciunt esse nemo</body>
            </comment>
            <comment id="183" email="Hildegard@alford.ca">
                <name>praesentium quod quidem optio omnis qui</name>
                <body>tempora soluta voluptas deserunt&#13;non fugiat similique&#13;est natus enim eum error magni soluta&#13;dolores sit doloremque</body>
            </comment>
            <comment id="184" email="Lowell.Pagac@omari.biz">
                <name>veritatis velit quasi quo et voluptates dolore</name>
                <body>odio saepe ad error minima itaque&#13;omnis fuga corrupti qui eaque cupiditate eum&#13;vitae laborum rerum ut reprehenderit architecto sit debitis magnam&#13;qui corrupti cum quidem commodi facere corporis</body>
            </comment>
            <comment id="185" email="Vivianne@ima.us">
                <name>natus assumenda ut</name>
                <body>deleniti non et corrupti delectus ea cupiditate&#13;at nihil fuga rerum&#13;temporibus doloribus unde sed alias&#13;ducimus perspiciatis quia debitis fuga</body>
            </comment>
        </comments>
    </post>
    <post id="38" userId="4">
        <title>explicabo et eos deleniti nostrum ab id repellendus</title>
        <body>animi esse sit aut sit nesciunt assumenda eum voluptas&#13;quia voluptatibus provident quia necessitatibus ea&#13;rerum repudiandae quia voluptatem delectus fugit aut id quia&#13;ratione optio eos iusto veniam iure</body>
        <comments>
            <comment id="186" email="Yasmin.Prohaska@hanna.co.uk">
                <name>voluptas distinctio qui similique quasi voluptatem non sit</name>
                <body>asperiores eaque error sunt ut natus et omnis&#13;expedita error iste vitae&#13;sit alias voluptas voluptatibus quia iusto quia ea&#13;enim facere est quam ex</body>
            </comment>
            <comment id="187" email="Ursula.Kirlin@eino.org">
                <name>maiores iste dolor itaque nemo voluptas</name>
                <body>et enim necessitatibus velit autem magni voluptas&#13;at maxime error sunt nobis sit&#13;dolor beatae harum rerum&#13;tenetur facere pariatur et perferendis voluptas maiores nihil eaque</body>
            </comment>
            <comment id="188" email="Nichole_Bartoletti@mozell.me">
                <name>quisquam quod quia nihil animi minima facere odit est</name>
                <body>quam magni adipisci totam&#13;ut reprehenderit ut tempore non asperiores repellendus architecto aperiam&#13;dignissimos est aut reiciendis consectetur voluptate nihil culpa at&#13;molestiae labore qui ea</body>
            </comment>
            <comment id="189" email="Lottie_Wyman@jasen.biz">
                <name>ut iusto asperiores delectus</name>
                <body>nostrum excepturi debitis cum&#13;architecto iusto laudantium odit aut dolor voluptatem consectetur nulla&#13;mollitia beatae autem quasi nemo repellendus ut ea et&#13;aut architecto odio cum quod optio</body>
            </comment>
            <comment id="190" email="Dominique_Hermann@paige.ca">
                <name>dignissimos voluptatibus libero</name>
                <body>laudantium vero similique eum&#13;iure iste culpa praesentium&#13;molestias doloremque alias et at doloribus&#13;aperiam natus est illo quo ratione porro excepturi</body>
            </comment>
        </comments>
    </post>
    <post id="39" userId="4">
        <title>eos dolorem iste accusantium est eaque quam</title>
        <body>corporis rerum ducimus vel eum accusantium&#13;maxime aspernatur a porro possimus iste omnis&#13;est in deleniti asperiores fuga aut&#13;voluptas sapiente vel dolore minus voluptatem incidunt ex</body>
        <comments>
            <comment id="191" email="Eugene@mohammed.net">
                <name>est perferendis eos dolores maxime rerum qui</name>
                <body>sit vero aut voluptatem soluta corrupti dolor cum&#13;nulla ipsa accusamus aut suscipit ut dicta ut nemo&#13;ut et ut sit voluptas modi&#13;illum suscipit ea debitis aut ullam harum</body>
            </comment>
            <comment id="192" email="Janick@marty.me">
                <name>sunt veritatis quisquam est et porro nesciunt excepturi a</name>
                <body>dolore velit autem perferendis hic&#13;tenetur quo rerum&#13;impedit error sit eaque ut&#13;ad in expedita et nesciunt sit aspernatur repudiandae</body>
            </comment>
            <comment id="193" email="Alena@deron.name">
                <name>quia velit nostrum eligendi voluptates</name>
                <body>laudantium consequatur sed adipisci a&#13;odit quia necessitatibus qui&#13;numquam expedita est accusantium nostrum&#13;occaecati perspiciatis molestiae nostrum atque</body>
            </comment>
            <comment id="194" email="Alphonso_Rosenbaum@valentin.co.uk">
                <name>non ut sunt ut eius autem ipsa eos sapiente</name>
                <body>aut distinctio iusto autem sit libero deleniti&#13;est soluta non perferendis illo&#13;eveniet corrupti est sint quae&#13;sed sunt voluptatem</body>
            </comment>
            <comment id="195" email="Frank@rosalind.name">
                <name>tempore vel accusantium qui quidem esse ut aut</name>
                <body>culpa voluptas quidem eos quis excepturi&#13;quasi corporis provident enim&#13;provident velit ex occaecati deleniti&#13;id aspernatur fugiat eligendi</body>
            </comment>
        </comments>
    </post>
    <post id="40" userId="4">
        <title>enim quo cumque</title>
        <body>ut voluptatum aliquid illo tenetur nemo sequi quo facilis&#13;ipsum rem optio mollitia quas&#13;voluptatem eum voluptas qui&#13;unde omnis voluptatem iure quasi maxime voluptas nam</body>
        <comments>
            <comment id="196" email="Jenifer_Lowe@reuben.ca">
                <name>totam vel saepe aut qui velit quis</name>
                <body>eum laborum quidem omnis facere harum ducimus dolores quaerat&#13;corporis quidem aliquid&#13;quod aut aut at dolorum aspernatur reiciendis&#13;exercitationem quasi consectetur asperiores vero blanditiis dolor</body>
            </comment>
            <comment id="197" email="Cecelia_Nitzsche@marty.com">
                <name>non perspiciatis omnis facere rem</name>
                <body>fugit ut laborum provident&#13;quos provident voluptatibus quam non&#13;sed accusantium explicabo dolore quia distinctio voluptatibus et&#13;consequatur eos qui iure minus eaque praesentium</body>
            </comment>
            <comment id="198" email="Christop_Friesen@jordan.me">
                <name>quod vel enim sit quia ipsa quo dolores</name>
                <body>est veritatis mollitia atque quas et sint et dolor&#13;et ut beatae aut&#13;magni corporis dolores voluptatibus optio molestiae enim minus est&#13;reiciendis facere voluptate rem officia doloribus ut</body>
            </comment>
            <comment id="199" email="Cooper_Boehm@damian.biz">
                <name>pariatur aspernatur nam atque quis</name>
                <body>veniam eos ab voluptatem in fugiat ipsam quis&#13;officiis non qui&#13;quia ut id voluptates et a molestiae commodi quam&#13;dolorem enim soluta impedit autem nulla</body>
            </comment>
            <comment id="200" email="Amir@kaitlyn.org">
                <name>aperiam et omnis totam</name>
                <body>facere maxime alias aspernatur ab quibusdam necessitatibus&#13;ratione similique error enim&#13;sed minus et&#13;et provident minima voluptatibus</body>
            </comment>
        </comments>
    </post>
    <post id="41" userId="5">
        <title>non est facere</title>
        <body>molestias id nostrum&#13;excepturi molestiae dolore omnis repellendus quaerat saepe&#13;consectetur iste quaerat tenetur asperiores accusamus ex ut&#13;nam quidem est ducimus sunt debitis saepe</body>
        <comments>
            <comment id="201" email="Cleve@royal.us">
                <name>et adipisci aliquam a aperiam ut soluta</name>
                <body>est officiis placeat&#13;id et iusto ut fugit numquam&#13;eos aut voluptas ad quia tempore qui quibusdam doloremque&#13;recusandae tempora qui</body>
            </comment>
            <comment id="202" email="Donnell@polly.net">
                <name>blanditiis vel fuga odio qui</name>
                <body>sequi expedita quibusdam enim ipsam&#13;beatae ad eum placeat&#13;perspiciatis quis in nulla porro voluptas quia&#13;esse et quibusdam</body>
            </comment>
            <comment id="203" email="Bonita@karl.biz">
                <name>ab enim adipisci laudantium impedit qui sed</name>
                <body>eum voluptates id autem sequi qui omnis commodi&#13;veniam et laudantium aut&#13;et molestias esse asperiores et quaerat&#13;pariatur non officia voluptatibus</body>
            </comment>
            <comment id="204" email="Shea@angelina.biz">
                <name>autem voluptates voluptas nihil</name>
                <body>voluptatibus pariatur illo&#13;autem quia aut ullam laudantium quod laborum officia&#13;dicta sit consequatur quis delectus vel&#13;omnis laboriosam laborum vero ipsa voluptas</body>
            </comment>
            <comment id="205" email="Omari@veronica.us">
                <name>et reiciendis ullam quae</name>
                <body>voluptatem accusamus delectus natus quasi aliquid&#13;porro ab id ea aut consequatur dignissimos quod et&#13;aspernatur sapiente cum corrupti&#13;pariatur veritatis unde</body>
            </comment>
        </comments>
    </post>
    <post id="42" userId="5">
        <title>commodi ullam sint et excepturi error explicabo praesentium voluptas</title>
        <body>odio fugit voluptatum ducimus earum autem est incidunt voluptatem&#13;odit reiciendis aliquam sunt sequi nulla dolorem&#13;non facere repellendus voluptates quia&#13;ratione harum vitae ut</body>
        <comments>
            <comment id="206" email="Sophie@antoinette.ca">
                <name>deserunt eveniet quam vitae velit</name>
                <body>nam iusto minus expedita numquam&#13;et id quis&#13;voluptatibus minima porro facilis dolores beatae aut sit&#13;aut quia suscipit</body>
            </comment>
            <comment id="207" email="Jessika@crystel.ca">
                <name>asperiores sed voluptate est</name>
                <body>nulla quos harum commodi&#13;aperiam qui et dignissimos&#13;reiciendis ut quia est corrupti itaque&#13;laboriosam debitis suscipit</body>
            </comment>
            <comment id="208" email="Cesar_Volkman@letitia.biz">
                <name>excepturi aut libero incidunt doloremque at</name>
                <body>enim aut doloremque mollitia provident molestiae omnis esse excepturi&#13;officiis tempora sequi molestiae veniam voluptatem&#13;recusandae omnis temporibus et deleniti laborum sed ipsa&#13;molestiae eum aut</body>
            </comment>
            <comment id="209" email="Maureen_Mueller@lance.us">
                <name>repudiandae consectetur dolore</name>
                <body>officiis qui eos voluptas laborum error&#13;sunt repellat quis nisi unde velit&#13;delectus eum molestias tempora quia ut aut&#13;consequatur cupiditate quis sint in eum voluptates</body>
            </comment>
            <comment id="210" email="Eriberto@geovany.ca">
                <name>quibusdam provident accusamus id aut totam eligendi</name>
                <body>praesentium odit quos et tempora eum voluptatem non&#13;non aut eaque consectetur reprehenderit in qui eos nam&#13;nemo ea eos&#13;ea nesciunt consequatur et</body>
            </comment>
        </comments>
    </post>
    <post id="43" userId="5">
        <title>eligendi iste nostrum consequuntur adipisci praesentium sit beatae perferendis</title>
        <body>similique fugit est&#13;illum et dolorum harum et voluptate eaque quidem&#13;exercitationem quos nam commodi possimus cum odio nihil nulla&#13;dolorum exercitationem magnam ex et a et distinctio debitis</body>
        <comments>
            <comment id="211" email="Faustino.Keeling@morris.co.uk">
                <name>rerum voluptate dolor</name>
                <body>odio temporibus est ut a&#13;aut commodi minima tempora eum&#13;et fuga omnis alias deleniti facere totam unde&#13;impedit voluptas et possimus consequatur necessitatibus qui velit</body>
            </comment>
            <comment id="212" email="Viola@aric.co.uk">
                <name>et maiores sed temporibus cumque voluptatem sunt necessitatibus in</name>
                <body>aut vero sint ut et voluptate&#13;sunt quod velit impedit quia&#13;cupiditate dicta magni ut&#13;eos blanditiis assumenda pariatur nemo est tempore velit</body>
            </comment>
            <comment id="213" email="Felton_Huel@terrell.biz">
                <name>ratione architecto in est voluptatem quibusdam et</name>
                <body>at non dolore molestiae&#13;autem rerum id&#13;cum facilis sit necessitatibus accusamus quia officiis&#13;sint ea sit natus rerum est nemo perspiciatis ea</body>
            </comment>
            <comment id="214" email="Ferne_Bogan@angus.info">
                <name>dicta deserunt tempore</name>
                <body>nam nesciunt earum sequi dolorum&#13;et fuga sint quae architecto&#13;in et et ipsam veniam ad voluptas rerum animi&#13;illum temporibus enim rerum est</body>
            </comment>
            <comment id="215" email="Amy@reymundo.org">
                <name>sint culpa cupiditate ut sit quas qui voluptas qui</name>
                <body>esse ab est deleniti dicta non&#13;inventore veritatis cupiditate&#13;eligendi sequi excepturi assumenda a harum sint aut eaque&#13;rerum molestias id excepturi quidem aut</body>
            </comment>
        </comments>
    </post>
    <post id="44" userId="5">
        <title>optio dolor molestias sit</title>
        <body>temporibus est consectetur dolore&#13;et libero debitis vel velit laboriosam quia&#13;ipsum quibusdam qui itaque fuga rem aut&#13;ea et iure quam sed maxime ut distinctio quae</body>
        <comments>
            <comment id="216" email="Jaylan.Mayert@norbert.biz">
                <name>voluptatem esse sint alias</name>
                <body>minima quaerat voluptatibus iusto earum&#13;quia nihil et&#13;minus deleniti aspernatur voluptatibus tempore sit molestias&#13;architecto velit id debitis</body>
            </comment>
            <comment id="217" email="Cristina.DAmore@destini.biz">
                <name>eos velit velit esse autem minima voluptas</name>
                <body>aperiam rerum aut provident cupiditate laboriosam&#13;enim placeat aut explicabo&#13;voluptatum similique rerum eaque eligendi&#13;nobis occaecati perspiciatis sint ullam</body>
            </comment>
            <comment id="218" email="Ettie_Bashirian@lambert.biz">
                <name>voluptatem qui deserunt dolorum in voluptates similique et qui</name>
                <body>rem qui est&#13;facilis qui voluptatem quis est veniam quam aspernatur dicta&#13;dolore id sapiente saepe consequatur&#13;enim qui impedit culpa ex qui voluptas dolor</body>
            </comment>
            <comment id="219" email="Lizeth@kellen.org">
                <name>qui unde recusandae omnis ut explicabo neque magni veniam</name>
                <body>est et dolores voluptas aut molestiae nam eos saepe&#13;expedita eum ea tempore sit iure eveniet&#13;iusto enim quos quo&#13;repellendus laudantium eum fugiat aut et</body>
            </comment>
            <comment id="220" email="Vladimir_Schumm@sharon.tv">
                <name>vel autem quia in modi velit</name>
                <body>illum ea eum quia&#13;doloremque modi ducimus voluptatum eaque aperiam accusamus eos quia&#13;sed rerum aperiam sunt quo&#13;ea veritatis natus eos deserunt voluptas ea voluptate</body>
            </comment>
        </comments>
    </post>
    <post id="45" userId="5">
        <title>ut numquam possimus omnis eius suscipit laudantium iure</title>
        <body>est natus reiciendis nihil possimus aut provident&#13;ex et dolor&#13;repellat pariatur est&#13;nobis rerum repellendus dolorem autem</body>
        <comments>
            <comment id="221" email="Madonna@will.com">
                <name>reprehenderit rem voluptatem voluptate recusandae dolore distinctio</name>
                <body>rerum possimus asperiores non dolores maiores tenetur ab&#13;suscipit laudantium possimus ab iure&#13;distinctio assumenda iste adipisci optio est sed eligendi&#13;temporibus perferendis tempore soluta</body>
            </comment>
            <comment id="222" email="Cicero_Goldner@elenor.tv">
                <name>rerum aliquam ducimus repudiandae perferendis</name>
                <body>cum officiis impedit neque a sed dolorum accusamus eaque&#13;repellat natus aut commodi sint fugit consequatur corporis&#13;voluptatum dolorum sequi perspiciatis ut facilis&#13;delectus pariatur consequatur at aut temporibus facere vitae</body>
            </comment>
            <comment id="223" email="Zella@jan.net">
                <name>accusantium aliquid consequuntur minus quae quis et autem</name>
                <body>maiores perspiciatis quo alias doloremque&#13;illum iusto possimus impedit&#13;velit voluptatem assumenda possimus&#13;ut nesciunt eum et deleniti molestias harum excepturi</body>
            </comment>
            <comment id="224" email="Robin_Jacobi@verdie.net">
                <name>eum dolorum ratione vitae expedita</name>
                <body>perferendis quae est velit ipsa autem adipisci ex rerum&#13;voluptatem occaecati velit perferendis aut tenetur&#13;deleniti eaque quasi suscipit&#13;dolorum nobis vel et aut est eos</body>
            </comment>
            <comment id="225" email="Lawson@demarco.co.uk">
                <name>occaecati et corrupti expedita</name>
                <body>doloribus illum tempora aliquam qui perspiciatis dolorem ratione velit&#13;facere nobis et fugiat modi&#13;fugiat dolore at&#13;ducimus voluptate porro qui architecto optio unde deleniti</body>
            </comment>
        </comments>
    </post>
    <post id="46" userId="5">
        <title>aut quo modi neque nostrum ducimus</title>
        <body>voluptatem quisquam iste&#13;voluptatibus natus officiis facilis dolorem&#13;quis quas ipsam&#13;vel et voluptatum in aliquid</body>
        <comments>
            <comment id="226" email="Benton@jayde.tv">
                <name>assumenda officia quam ex natus minima sint quia</name>
                <body>provident sed similique&#13;explicabo fugiat quasi saepe voluptatem corrupti recusandae&#13;voluptas repudiandae illum tenetur mollitia&#13;sint in enim earum est</body>
            </comment>
            <comment id="227" email="Melody@london.name">
                <name>omnis error aut doloremque ipsum ducimus</name>
                <body>est quo quod tempora fuga debitis&#13;eum nihil nemo nisi consequatur sequi nesciunt dolorum et&#13;cumque maxime qui consequatur mollitia dicta iusto aut&#13;vero recusandae ut dolorem provident voluptatibus suscipit sint</body>
            </comment>
            <comment id="228" email="Wyman.Swaniawski@marjorie.name">
                <name>eaque expedita temporibus iure velit eligendi labore dignissimos molestiae</name>
                <body>quibusdam dolores eveniet qui minima&#13;magni perspiciatis pariatur&#13;ullam dolor sit ex molestiae in nulla unde rerum&#13;quibusdam deleniti nisi</body>
            </comment>
            <comment id="229" email="Deborah@fletcher.co.uk">
                <name>maxime veniam at</name>
                <body>unde aliquam ipsam eaque quia laboriosam exercitationem totam illo&#13;non et dolore ipsa&#13;laborum et sapiente fugit voluptatem&#13;et debitis quia optio et minima et nostrum</body>
            </comment>
            <comment id="230" email="Dario@barton.info">
                <name>illo dolor corrupti quia pariatur in</name>
                <body>neque ullam eos amet&#13;ratione architecto doloribus qui est nisi&#13;occaecati unde expedita perspiciatis animi tenetur minus eveniet aspernatur&#13;eius nihil adipisci aut</body>
            </comment>
        </comments>
    </post>
    <post id="47" userId="5">
        <title>quibusdam cumque rem aut deserunt</title>
        <body>voluptatem assumenda ut qui ut cupiditate aut impedit veniam&#13;occaecati nemo illum voluptatem laudantium&#13;molestiae beatae rerum ea iure soluta nostrum&#13;eligendi et voluptate</body>
        <comments>
            <comment id="231" email="Kelton_McKenzie@danial.us">
                <name>omnis minima dicta aliquam excepturi</name>
                <body>veritatis laudantium laboriosam ut maxime sed voluptate&#13;consequatur itaque occaecati voluptatum est&#13;ut itaque aperiam eligendi at vel minus&#13;dicta tempora nihil pariatur libero est</body>
            </comment>
            <comment id="232" email="Itzel@fritz.io">
                <name>voluptatem excepturi sit et sed qui ipsum quam consequatur</name>
                <body>ullam modi consequatur officia dolor non explicabo et&#13;eum minus dicta dolores blanditiis dolore&#13;nobis assumenda harum velit ullam et cupiditate&#13;et commodi dolor harum et sed cum reprehenderit omnis</body>
            </comment>
            <comment id="233" email="Jacquelyn_Kutch@kaya.co.uk">
                <name>qui dolores maxime autem enim repellendus culpa nostrum consequuntur</name>
                <body>aperiam quo quis&#13;nobis error et culpa veritatis&#13;quae sapiente nobis architecto doloribus quia laboriosam&#13;est consequatur et recusandae est eius</body>
            </comment>
            <comment id="234" email="Cheyanne.Schowalter@alycia.biz">
                <name>natus et necessitatibus animi</name>
                <body>itaque voluptatem voluptas velit non est rerum incidunt&#13;vitae aut labore accusantium in atque&#13;repudiandae quos necessitatibus&#13;autem ea excepturi</body>
            </comment>
            <comment id="235" email="Macey@abbie.org">
                <name>odio sed accusantium iure repudiandae officiis ut autem illo</name>
                <body>ea iusto laboriosam sit&#13;voluptatibus magni ratione eum&#13;et minus perferendis&#13;eius rerum suscipit velit culpa ipsa ipsam aperiam est</body>
            </comment>
        </comments>
    </post>
    <post id="48" userId="5">
        <title>ut voluptatem illum ea doloribus itaque eos</title>
        <body>voluptates quo voluptatem facilis iure occaecati&#13;vel assumenda rerum officia et&#13;illum perspiciatis ab deleniti&#13;laudantium repellat ad ut et autem reprehenderit</body>
        <comments>
            <comment id="236" email="Freeda.Kirlin@eddie.ca">
                <name>cupiditate rerum voluptate quo facere repudiandae</name>
                <body>itaque error cupiditate asperiores ut aspernatur veniam qui&#13;doloribus sit aliquid pariatur dicta deleniti qui alias dignissimos&#13;recusandae eaque repellendus est et dolorem aut non&#13;explicabo voluptas est beatae vel temporibus</body>
            </comment>
            <comment id="237" email="Jennifer.Rowe@zoe.org">
                <name>recusandae deserunt possimus voluptatibus ipsam iste consequatur consequatur</name>
                <body>aut culpa quis modi&#13;libero hic dolore provident officiis placeat minima vero&#13;et iste dolores aut voluptatem saepe unde&#13;vero temporibus sunt corrupti voluptate</body>
            </comment>
            <comment id="238" email="Providenci.Heller@lenna.info">
                <name>voluptatem nam ducimus non molestiae</name>
                <body>et nostrum cupiditate nobis facere et est illo&#13;consequatur harum voluptatem totam&#13;molestiae voluptas consequatur quibusdam aut&#13;modi impedit necessitatibus et nisi nesciunt adipisci</body>
            </comment>
            <comment id="239" email="Emerald_Murazik@darrell.biz">
                <name>voluptatum debitis qui aut voluptas eos quibusdam et</name>
                <body>esse rem ut neque magni voluptatem id qui&#13;aut ut vel autem non qui quam sit&#13;impedit quis sit illum laborum&#13;aut at vel eos nihil quo</body>
            </comment>
            <comment id="240" email="Joseph@corrine.com">
                <name>est dolorem est placeat provident non nihil</name>
                <body>necessitatibus nulla perferendis ad inventore earum delectus&#13;vitae illo sed perferendis&#13;officiis quo eligendi voluptatem animi totam perspiciatis&#13;repellat quam eum placeat est tempore facere</body>
            </comment>
        </comments>
    </post>
    <post id="49" userId="5">
        <title>laborum non sunt aut ut assumenda perspiciatis voluptas</title>
        <body>inventore ab sint&#13;natus fugit id nulla sequi architecto nihil quaerat&#13;eos tenetur in in eum veritatis non&#13;quibusdam officiis aspernatur cumque aut commodi aut</body>
        <comments>
            <comment id="241" email="Lemuel@willow.name">
                <name>reprehenderit inventore soluta ut aliquam</name>
                <body>quisquam asperiores voluptas&#13;modi tempore officia quod hic dolor omnis asperiores&#13;architecto aut vel odio quisquam sunt&#13;deserunt soluta illum</body>
            </comment>
            <comment id="242" email="Sven@gudrun.info">
                <name>quis sit aut vero quo accusamus</name>
                <body>dolores minus sequi laudantium excepturi deserunt rerum voluptatem&#13;pariatur harum natus sed dolore quis&#13;consectetur quod inventore laboriosam et in dolor beatae rerum&#13;quia rerum qui recusandae quo officiis fugit</body>
            </comment>
            <comment id="243" email="Jennifer@shania.ca">
                <name>quaerat natus illum</name>
                <body>rem ut cumque tempore sed&#13;aperiam unde tenetur ab maiores officiis alias&#13;aut nemo veniam dolor est eum sunt a&#13;esse ratione deserunt et</body>
            </comment>
            <comment id="244" email="Eldora@madge.com">
                <name>labore temporibus ipsa at blanditiis autem</name>
                <body>est et itaque qui laboriosam dolor ut debitis&#13;cumque et et dolor&#13;eaque enim et architecto&#13;et quia reiciendis quis</body>
            </comment>
            <comment id="245" email="Litzy@kaylie.io">
                <name>et rerum fuga blanditiis provident eligendi iste eos</name>
                <body>vel nam nemo sed vitae&#13;repellat necessitatibus dolores deserunt dolorum&#13;minima quae velit et nemo&#13;sit expedita nihil consequatur autem quia maiores</body>
            </comment>
        </comments>
    </post>
    <post id="50" userId="5">
        <title>repellendus qui recusandae incidunt voluptates tenetur qui omnis exercitationem</title>
        <body>error suscipit maxime adipisci consequuntur recusandae&#13;voluptas eligendi et est et voluptates&#13;quia distinctio ab amet quaerat molestiae et vitae&#13;adipisci impedit sequi nesciunt quis consectetur</body>
        <comments>
            <comment id="246" email="Jaycee.Turner@euna.name">
                <name>magnam earum qui eaque sunt excepturi</name>
                <body>quia est sed eos animi optio dolorum&#13;consequatur reiciendis exercitationem ipsum nihil omnis&#13;beatae sed corporis enim quisquam&#13;et blanditiis qui nihil</body>
            </comment>
            <comment id="247" email="Wilbert@cheyenne.ca">
                <name>vel aut blanditiis magni accusamus dolor soluta</name>
                <body>explicabo nam nihil atque sint aut&#13;qui qui rerum excepturi soluta quis et&#13;et mollitia et voluptate minima nihil&#13;sed quaerat dolor earum tempore et non est voluptatem</body>
            </comment>
            <comment id="248" email="Rebecca_Hessel@edna.net">
                <name>voluptatum sint dicta voluptas aut ut</name>
                <body>assumenda aut quis repellendus&#13;nihil impedit cupiditate nemo&#13;sit sequi laudantium aut voluptas nam dolore magnam&#13;minima aspernatur vero sapiente</body>
            </comment>
            <comment id="249" email="Christiana@lawrence.info">
                <name>quibusdam dignissimos aperiam sint commodi</name>
                <body>non repudiandae dicta et commodi&#13;sint dolores facere eos nesciunt autem quia&#13;placeat quaerat non culpa quasi dolores voluptas&#13;dolorum placeat non atque libero odit autem sunt</body>
            </comment>
            <comment id="250" email="Samara@shaun.org">
                <name>perferendis magnam natus exercitationem eveniet sunt</name>
                <body>doloremque quae ratione cumque&#13;excepturi eligendi delectus maiores necessitatibus veniam&#13;fugiat exercitationem consectetur vel earum&#13;quia illo explicabo molestiae enim rem deserunt et omnis</body>
            </comment>
        </comments>
    </post>
    <post id="51" userId="6">
        <title>soluta aliquam aperiam consequatur illo quis voluptas</title>
        <body>sunt dolores aut doloribus&#13;dolore doloribus voluptates tempora et&#13;doloremque et quo&#13;cum asperiores sit consectetur dolorem</body>
        <comments>
            <comment id="251" email="Ayden_Hickle@stephany.tv">
                <name>veritatis sint eius</name>
                <body>sit vero at voluptatem corporis adipisci&#13;error sit aut nihil rerum doloremque dolorum ipsum&#13;eum ut numquam sapiente ipsam nam blanditiis ut quasi&#13;facilis optio rerum qui temporibus esse excepturi eaque</body>
            </comment>
            <comment id="252" email="Carissa.Krajcik@jean.name">
                <name>qui alias beatae iusto omnis placeat recusandae ut</name>
                <body>exercitationem quisquam sed&#13;eius et cum reiciendis deleniti non&#13;perspiciatis aut voluptatum deserunt&#13;sint dignissimos est sed architecto sed</body>
            </comment>
            <comment id="253" email="Jayde@geovanny.io">
                <name>voluptate ipsum corporis quis provident voluptatem eos asperiores</name>
                <body>debitis dignissimos ut illum&#13;rerum voluptatem ut qui labore&#13;optio quaerat iure&#13;iste consequuntur praesentium vero blanditiis quibusdam aut</body>
            </comment>
            <comment id="254" email="Ardella@khalid.biz">
                <name>velit inventore et eius saepe</name>
                <body>laboriosam voluptas aut quibusdam mollitia sunt non&#13;dolores illum fugiat ex vero nemo aperiam porro quam&#13;expedita est vel voluptatem sit voluptas consequuntur quis eligendi&#13;omnis id nisi ducimus sapiente odit quam</body>
            </comment>
            <comment id="255" email="Delta_Welch@carleton.tv">
                <name>impedit et sapiente et tempore repellendus</name>
                <body>nihil esse aut&#13;debitis nostrum mollitia similique minus aspernatur possimus&#13;omnis eaque non eveniet&#13;rerum qui iure laboriosam</body>
            </comment>
        </comments>
    </post>
    <post id="52" userId="6">
        <title>qui enim et consequuntur quia animi quis voluptate quibusdam</title>
        <body>iusto est quibusdam fuga quas quaerat molestias&#13;a enim ut sit accusamus enim&#13;temporibus iusto accusantium provident architecto&#13;soluta esse reprehenderit qui laborum</body>
        <comments>
            <comment id="256" email="Carlee_Heathcote@harley.tv">
                <name>tempore distinctio quam</name>
                <body>nemo deleniti sunt praesentium quis quam repellendus&#13;consequatur non est ex fugiat distinctio aliquam explicabo&#13;aspernatur omnis debitis sint consequatur&#13;quo autem natus veritatis</body>
            </comment>
            <comment id="257" email="Delpha_Cormier@raymond.org">
                <name>illum non quod vel voluptas quos</name>
                <body>facere at voluptatem&#13;repellendus omnis perspiciatis placeat aspernatur nobis blanditiis ut deleniti&#13;quis non cumque laborum sit id ratione vel sequi&#13;facere doloremque beatae aut maxime non</body>
            </comment>
            <comment id="258" email="Glenna@caesar.org">
                <name>omnis quia fugit nisi officiis aspernatur occaecati et</name>
                <body>aut cum sint qui facere blanditiis magnam consequuntur perspiciatis&#13;harum impedit reprehenderit iste doloribus quia quo facere&#13;et explicabo aut voluptate modi dolorem&#13;rem aut nobis ut ad voluptatum ipsum eos maxime</body>
            </comment>
            <comment id="259" email="Hoyt_Dickens@napoleon.ca">
                <name>animi minima ducimus tempore officiis qui</name>
                <body>itaque occaecati non aspernatur&#13;velit repudiandae sit rerum esse quibusdam unde molestias&#13;explicabo dolorem vero consequatur quis et libero&#13;voluptatem totam vel sapiente autem dolorum consequuntur</body>
            </comment>
            <comment id="260" email="Wendell.Marvin@maegan.net">
                <name>qui dolore delectus et omnis quia</name>
                <body>aliquid molestias nemo aut est maxime&#13;laboriosam et consequatur laudantium&#13;commodi et corrupti&#13;harum quasi minima ratione sint magni sapiente ut</body>
            </comment>
        </comments>
    </post>
    <post id="53" userId="6">
        <title>ut quo aut ducimus alias</title>
        <body>minima harum praesentium eum rerum illo dolore&#13;quasi exercitationem rerum nam&#13;porro quis neque quo&#13;consequatur minus dolor quidem veritatis sunt non explicabo similique</body>
        <comments>
            <comment id="261" email="Virgie@layne.org">
                <name>aut veritatis quasi voluptatem enim dolor soluta temporibus</name>
                <body>sapiente qui est quod&#13;debitis qui est optio consequuntur&#13;alias hic amet ut non ad qui provident&#13;quia provident aspernatur corrupti occaecati</body>
            </comment>
            <comment id="262" email="Tia@kirsten.info">
                <name>ipsa aliquid laborum quidem recusandae dolorum quia</name>
                <body>similique harum iste ipsam non dolores facere esse&#13;et beatae error necessitatibus laboriosam fugiat culpa esse occaecati&#13;ut provident ut et dolorum nam&#13;delectus impedit aut blanditiis fugiat est unde</body>
            </comment>
            <comment id="263" email="Marco@jennyfer.biz">
                <name>vitae voluptatem dolor iure quo non atque</name>
                <body>debitis dolore est&#13;ut eos velit accusamus&#13;non nobis ipsa nemo quas facilis quia hic&#13;officia quam et possimus voluptas voluptatem quisquam tempore delectus</body>
            </comment>
            <comment id="264" email="Taya@milan.biz">
                <name>cum ab voluptates aut</name>
                <body>consectetur maiores ab est qui aliquid porro&#13;ipsa labore incidunt&#13;iste deserunt quia aperiam quis sit perferendis&#13;et sint iste</body>
            </comment>
            <comment id="265" email="Lenora@derrick.biz">
                <name>omnis incidunt est molestias</name>
                <body>et quibusdam saepe labore delectus et earum quis perferendis&#13;laborum soluta veritatis&#13;ea veritatis quidem accusantium est aut porro rerum&#13;quia est consequatur voluptatem numquam laudantium repellendus</body>
            </comment>
        </comments>
    </post>
    <post id="54" userId="6">
        <title>sit asperiores ipsam eveniet odio non quia</title>
        <body>totam corporis dignissimos&#13;vitae dolorem ut occaecati accusamus&#13;ex velit deserunt&#13;et exercitationem vero incidunt corrupti mollitia</body>
        <comments>
            <comment id="266" email="Carolina.Auer@polly.co.uk">
                <name>eum enim provident atque eum</name>
                <body>non et voluptas&#13;eaque atque esse qui molestias porro quam veniam voluptatibus&#13;minima ut velit velit ut architecto deleniti&#13;ab sint deserunt possimus quas velit et eum</body>
            </comment>
            <comment id="267" email="Jaylan.Braun@lane.us">
                <name>ea commodi provident veritatis voluptatem voluptates aperiam</name>
                <body>magnam similique animi eos explicabo natus&#13;provident cumque sit maxime velit&#13;veritatis fuga esse dolor hic nihil nesciunt assumenda&#13;aliquid vero modi alias qui quia doloribus est</body>
            </comment>
            <comment id="268" email="Javier.Dicki@damien.org">
                <name>eum et eos delectus</name>
                <body>velit earum perspiciatis ea recusandae nihil consectetur ut&#13;maxime repellendus doloribus&#13;aperiam ut ex ratione quia esse magni&#13;ducimus rerum vel rerum officiis suscipit nihil qui</body>
            </comment>
            <comment id="269" email="Khalil_Sawayn@tanya.net">
                <name>molestiae vitae pariatur</name>
                <body>quos sed unde repudiandae aut porro dignissimos qui&#13;occaecati sed alias enim&#13;voluptates nesciunt sit ut adipisci est&#13;expedita quae corrupti</body>
            </comment>
            <comment id="270" email="Tom.Russel@pattie.org">
                <name>rerum adipisci et ut sit sit dolores</name>
                <body>quas placeat repudiandae a delectus facere exercitationem consectetur&#13;facilis quas sequi est mollitia&#13;est vero hic laudantium maiores&#13;quisquam itaque aut maxime ut cumque quia doloremque voluptatem</body>
            </comment>
        </comments>
    </post>
    <post id="55" userId="6">
        <title>sit vel voluptatem et non libero</title>
        <body>debitis excepturi ea perferendis harum libero optio&#13;eos accusamus cum fuga ut sapiente repudiandae&#13;et ut incidunt omnis molestiae&#13;nihil ut eum odit</body>
        <comments>
            <comment id="271" email="Ethelyn.Moore@gabe.info">
                <name>et et repellat quasi non ea similique</name>
                <body>quae eaque reprehenderit&#13;suscipit facilis ut tenetur blanditiis sint occaecati&#13;accusantium expedita sed nostrum&#13;rerum sunt nam qui placeat consequatur et</body>
            </comment>
            <comment id="272" email="Evangeline_Kuvalis@santina.ca">
                <name>repudiandae ut velit dignissimos enim rem dolores odit</name>
                <body>consequuntur molestiae aut distinctio illo qui est sequi reprehenderit&#13;hic accusamus et officiis reprehenderit culpa&#13;est et numquam et&#13;eius ipsa rerum velit</body>
            </comment>
            <comment id="273" email="Orland@larry.name">
                <name>et aperiam autem inventore nisi nulla reiciendis velit</name>
                <body>asperiores et minus non&#13;dolor dolorem et sint et ipsam&#13;et enim quia sequi&#13;sed beatae culpa architecto nisi minima</body>
            </comment>
            <comment id="274" email="Micaela.Powlowski@saul.me">
                <name>et vero nostrum tempore</name>
                <body>quos illo consectetur dolores&#13;cupiditate enim rerum dicta sequi totam&#13;aspernatur sed praesentium&#13;ipsum voluptates perspiciatis ipsa accusantium et et</body>
            </comment>
            <comment id="275" email="Imelda_Klein@melany.biz">
                <name>error nulla est laudantium similique ad</name>
                <body>error et quasi qui facilis enim eum adipisci iste&#13;ad nostrum sint corporis quam velit necessitatibus a&#13;eius doloribus optio ad qui molestiae&#13;quaerat dignissimos voluptatem culpa aliquam explicabo commodi natus</body>
            </comment>
        </comments>
    </post>
    <post id="56" userId="6">
        <title>qui et at rerum necessitatibus</title>
        <body>aut est omnis dolores&#13;neque rerum quod ea rerum velit pariatur beatae excepturi&#13;et provident voluptas corrupti&#13;corporis harum reprehenderit dolores eligendi</body>
        <comments>
            <comment id="276" email="Matt.Moen@gilda.org">
                <name>inventore amet ut debitis ipsam reiciendis molestiae autem sed</name>
                <body>dolores tempora totam quas maxime voluptatem voluptas excepturi&#13;recusandae quis odio exercitationem in&#13;consectetur sed aut&#13;excepturi eligendi sint consectetur repellendus aperiam</body>
            </comment>
            <comment id="277" email="Rocky_Ullrich@rowena.name">
                <name>dolorem aut ipsum alias ex ea quidem nostrum</name>
                <body>nihil ratione aliquam recusandae ipsa sunt doloribus labore molestiae&#13;officia cum aliquid repudiandae et error&#13;inventore minima optio repellat aut&#13;ea et maxime alias voluptas eius</body>
            </comment>
            <comment id="278" email="Natalia@caitlyn.ca">
                <name>est pariatur similique quod voluptas et consequuntur nam molestiae</name>
                <body>corporis perferendis dolorum error quo rerum aut odio veritatis&#13;sit deleniti aut eligendi quam doloremque aut ipsam sint&#13;doloribus id voluptatem esse reprehenderit molestiae quia voluptatem&#13;incidunt illo beatae nihil corporis eligendi iure quo</body>
            </comment>
            <comment id="279" email="Edythe@general.org">
                <name>voluptas nihil aut dolor adipisci non</name>
                <body>natus atque ipsum voluptatem et&#13;necessitatibus atque quia asperiores animi odit ratione quos&#13;est repellendus sit aut repudiandae animi aut&#13;cum blanditiis repudiandae saepe laborum</body>
            </comment>
            <comment id="280" email="Aglae@gerardo.name">
                <name>culpa minima non consequatur sit autem quas sed ipsam</name>
                <body>perferendis fugit expedita cumque&#13;exercitationem animi fugit aut earum&#13;nihil quia illum eum dicta ut&#13;quam commodi optio</body>
            </comment>
        </comments>
    </post>
    <post id="57" userId="6">
        <title>sed ab est est</title>
        <body>at pariatur consequuntur earum quidem&#13;quo est laudantium soluta voluptatem&#13;qui ullam et est&#13;et cum voluptas voluptatum repellat est</body>
        <comments>
            <comment id="281" email="Bridie@pearl.ca">
                <name>consequatur voluptates sed voluptatem fuga</name>
                <body>eius voluptatem minus&#13;et aliquid perspiciatis sint unde ut&#13;similique odio ullam vitae quisquam hic ex consequatur aliquid&#13;ab nihil explicabo sint maiores aut et dolores nostrum</body>
            </comment>
            <comment id="282" email="Aglae_Goldner@madisyn.co.uk">
                <name>et vitae culpa corrupti</name>
                <body>ea consequatur placeat&#13;quo omnis illum voluptatem&#13;voluptatem fugit aut dolorum recusandae ut et&#13;tenetur officia voluptas</body>
            </comment>
            <comment id="283" email="Owen_Moore@jeremy.org">
                <name>iste molestiae aut hic perspiciatis sint</name>
                <body>perspiciatis omnis eum nihil et porro facilis fuga qui&#13;deleniti id et velit adipisci fuga voluptatibus voluptatum&#13;debitis tempore dolorem atque consequatur ea perspiciatis sed&#13;qui temporibus doloremque</body>
            </comment>
            <comment id="284" email="Jarred@dangelo.name">
                <name>soluta omnis maiores animi veniam voluptas et totam repellendus</name>
                <body>rem ut sed&#13;non cumque corrupti vel nam rerum autem&#13;nobis dolorem necessitatibus fugit corporis&#13;quos sint distinctio ex et animi tempore</body>
            </comment>
            <comment id="285" email="Remington_Mohr@vincenza.me">
                <name>non est sunt consequatur reiciendis</name>
                <body>est accusamus facere&#13;reprehenderit corporis ad et est fugit iure nulla et&#13;doloribus reiciendis quasi autem voluptas&#13;ipsam labore et pariatur quia</body>
            </comment>
        </comments>
    </post>
    <post id="58" userId="6">
        <title>voluptatum itaque dolores nisi et quasi</title>
        <body>veniam voluptatum quae adipisci id&#13;et id quia eos ad et dolorem&#13;aliquam quo nisi sunt eos impedit error&#13;ad similique veniam</body>
        <comments>
            <comment id="286" email="Marco.Langworth@zoie.org">
                <name>dolore dignissimos distinctio</name>
                <body>doloremque accusantium necessitatibus architecto ut provident&#13;quaerat iusto eius omnis&#13;fuga laborum harum totam sunt velit&#13;aut neque corporis atque</body>
            </comment>
            <comment id="287" email="Sedrick@mertie.tv">
                <name>voluptas ad autem maxime iusto eos dolorem ducimus est</name>
                <body>voluptatem perspiciatis voluptatum quaerat&#13;odit voluptates iure&#13;quisquam magnam voluptates ut non qui&#13;aliquam aut ut amet sit consequatur ut suscipit</body>
            </comment>
            <comment id="288" email="Caleigh@eleanore.org">
                <name>numquam eius voluptas quibusdam soluta exercitationem</name>
                <body>est sed illo omnis delectus aut&#13;laboriosam possimus incidunt est sunt at&#13;nemo voluptas ex ipsam&#13;voluptatibus inventore velit sit et numquam omnis accusamus in</body>
            </comment>
            <comment id="289" email="Paolo@cristopher.com">
                <name>voluptatem aut harum aut corporis dignissimos occaecati sequi quod</name>
                <body>occaecati tempora unde&#13;maiores aliquid in&#13;quo libero sint quidem at est facilis ipsa facere&#13;nostrum atque harum</body>
            </comment>
            <comment id="290" email="Juana_Stamm@helmer.com">
                <name>suscipit debitis eveniet nobis atque commodi quisquam</name>
                <body>pariatur veniam repellat quisquam tempore autem et voluptatem itaque&#13;ea impedit ex molestiae placeat hic harum mollitia dolorem&#13;inventore accusantium aut quae quia rerum autem numquam&#13;nulla culpa quasi dolor</body>
            </comment>
        </comments>
    </post>
    <post id="59" userId="6">
        <title>qui commodi dolor at maiores et quis id accusantium</title>
        <body>perspiciatis et quam ea autem temporibus non voluptatibus qui&#13;beatae a earum officia nesciunt dolores suscipit voluptas et&#13;animi doloribus cum rerum quas et magni&#13;et hic ut ut commodi expedita sunt</body>
        <comments>
            <comment id="291" email="Pascale@fleta.ca">
                <name>occaecati et dolorum</name>
                <body>nisi dicta numquam dolor&#13;rerum sed quaerat et&#13;sed sequi doloribus libero quos temporibus&#13;blanditiis optio est tempore qui</body>
            </comment>
            <comment id="292" email="Molly_Kertzmann@tristin.me">
                <name>consequatur et facere similique beatae explicabo eligendi consequuntur</name>
                <body>eos officiis omnis ab laborum nulla saepe exercitationem recusandae&#13;voluptate minima voluptatem sint&#13;sunt est consequuntur dolor voluptatem odit&#13;maxime similique deserunt et quod</body>
            </comment>
            <comment id="293" email="Kailee.Larkin@amina.org">
                <name>qui sint hic</name>
                <body>fugiat dicta quasi voluptatibus ea aut est aspernatur sed&#13;corrupti harum non omnis eos eaque quos ut&#13;quia et et nisi rerum voluptates possimus quis&#13;recusandae aperiam quia esse</body>
            </comment>
            <comment id="294" email="Earnest.Sanford@lane.us">
                <name>autem totam necessitatibus sit sunt minima aut quis</name>
                <body>ut est veritatis animi quos&#13;nam sed dolor&#13;itaque omnis nostrum autem molestiae&#13;aut optio tempora ad sapiente quae voluptatem perferendis repellat</body>
            </comment>
            <comment id="295" email="Abigail@trudie.com">
                <name>ullam dignissimos non aut dolore</name>
                <body>voluptatem est aspernatur consequatur vel facere&#13;ut omnis tenetur non ea eos&#13;quibusdam error odio&#13;atque consectetur voluptatem eligendi</body>
            </comment>
        </comments>
    </post>
    <post id="60" userId="6">
        <title>consequatur placeat omnis quisquam quia reprehenderit fugit veritatis facere</title>
        <body>asperiores sunt ab assumenda cumque modi velit&#13;qui esse omnis&#13;voluptate et fuga perferendis voluptas&#13;illo ratione amet aut et omnis</body>
        <comments>
            <comment id="296" email="Name.Walter@zoie.me">
                <name>hic eum sed dolore velit cupiditate quisquam ut inventore</name>
                <body>quasi dolorem veniam dignissimos&#13;atque voluptas iure et quidem fugit velit et&#13;quod magnam illum quia et ea est modi&#13;aut quis dolores</body>
            </comment>
            <comment id="297" email="Norma@abraham.co.uk">
                <name>dignissimos dolor facere</name>
                <body>eos exercitationem est ut voluptas accusamus qui&#13;velit rerum ut&#13;dolorem eaque omnis eligendi mollitia&#13;atque ea architecto dolorum delectus accusamus</body>
            </comment>
            <comment id="298" email="Norberto_Weimann@ford.tv">
                <name>ipsam ut labore voluptatem quis id velit sunt</name>
                <body>molestiae accusantium a tempore occaecati qui sunt optio eos&#13;exercitationem quas eius voluptatem&#13;omnis quibusdam autem&#13;molestiae odio dolor quam laboriosam mollitia in quibusdam sunt</body>
            </comment>
            <comment id="299" email="Nelson@charlene.biz">
                <name>laborum asperiores nesciunt itaque</name>
                <body>voluptatem omnis pariatur aut saepe enim qui&#13;aut illo aut sed aperiam expedita debitis&#13;tempore animi dolorem&#13;ut libero et eos unde ex</body>
            </comment>
            <comment id="300" email="Letha@liliane.ca">
                <name>in dolore iusto ex molestias vero</name>
                <body>dolorem fugit quidem animi quas quisquam reprehenderit&#13;occaecati et dolor laborum nemo sed quas unde deleniti&#13;facere eligendi placeat aliquid aspernatur commodi sunt impedit&#13;neque corrupti alias molestiae magni tempora</body>
            </comment>
        </comments>
    </post>
    <post id="61" userId="7">
        <title>voluptatem doloribus consectetur est ut ducimus</title>
        <body>ab nemo optio odio&#13;delectus tenetur corporis similique nobis repellendus rerum omnis facilis&#13;vero blanditiis debitis in nesciunt doloribus dicta dolores&#13;magnam minus velit</body>
        <comments>
            <comment id="301" email="Tiana@jeramie.tv">
                <name>id voluptatibus voluptas occaecati quia sunt eveniet et eius</name>
                <body>dolore maxime saepe dolor asperiores cupiditate nisi nesciunt&#13;vitae tempora ducimus vel eos perferendis&#13;fuga sequi numquam blanditiis sit sed inventore et&#13;ut possimus soluta voluptas nihil aliquid sed earum</body>
            </comment>
            <comment id="302" email="Lindsey@caitlyn.net">
                <name>quia voluptatem sunt voluptate ut ipsa</name>
                <body>fuga aut est delectus earum optio impedit qui excepturi&#13;iusto consequatur deserunt soluta sunt&#13;et autem neque&#13;dolor ut saepe dolores assumenda ipsa eligendi</body>
            </comment>
            <comment id="303" email="Gregory.Kutch@shawn.info">
                <name>excepturi itaque laudantium reiciendis dolorem</name>
                <body>sit nesciunt id vitae ut itaque sapiente&#13;neque in at consequuntur perspiciatis dicta consequatur velit&#13;facilis iste ut error sed&#13;in sequi expedita autem</body>
            </comment>
            <comment id="304" email="Murphy.Kris@casimer.me">
                <name>voluptatem quidem animi sit est nemo non omnis molestiae</name>
                <body>minus ab quis nihil quia suscipit vel&#13;perspiciatis sunt unde&#13;aut ullam quo laudantium deleniti modi&#13;rerum illo error occaecati vel officiis facere</body>
            </comment>
            <comment id="305" email="Isidro_Kiehn@cristina.org">
                <name>non cum consequatur at nihil aut fugiat delectus quia</name>
                <body>repellendus quae labore sunt ut praesentium fuga reiciendis quis&#13;corporis aut quis dolor facere earum&#13;exercitationem enim sunt nihil asperiores expedita&#13;eius nesciunt a sit sit</body>
            </comment>
        </comments>
    </post>
    <post id="62" userId="7">
        <title>beatae enim quia vel</title>
        <body>enim aspernatur illo distinctio quae praesentium&#13;beatae alias amet delectus qui voluptate distinctio&#13;odit sint accusantium autem omnis&#13;quo molestiae omnis ea eveniet optio</body>
        <comments>
            <comment id="306" email="Kenton_Carter@yolanda.co.uk">
                <name>omnis nisi libero</name>
                <body>ab veritatis aspernatur molestiae explicabo ea saepe molestias sequi&#13;beatae aut perferendis quaerat aut omnis illo fugiat&#13;quisquam hic doloribus maiores itaque&#13;voluptas amet dolorem blanditiis</body>
            </comment>
            <comment id="307" email="Amos_Rohan@mozelle.tv">
                <name>id ab commodi est quis culpa</name>
                <body>sit tenetur aut eum quasi reiciendis dignissimos non nulla&#13;repellendus ut quisquam&#13;numquam provident et repellendus eum nihil blanditiis&#13;beatae iusto sed eius sit sed doloremque exercitationem nihil</body>
            </comment>
            <comment id="308" email="Timothy_Heathcote@jose.name">
                <name>enim ut optio architecto dolores nemo quos</name>
                <body>officiis ipsa exercitationem impedit dolorem repellat adipisci qui&#13;atque illum sapiente omnis et&#13;nihil esse et eum facilis aut impedit&#13;maxime ullam et dolorem</body>
            </comment>
            <comment id="309" email="Otilia.Daniel@elvie.io">
                <name>maiores et quisquam</name>
                <body>impedit qui nemo&#13;reprehenderit sequi praesentium ullam veniam quaerat optio qui error&#13;aperiam qui quisquam dolor est blanditiis molestias rerum et&#13;quae quam eum odit ab quia est ut</body>
            </comment>
            <comment id="310" email="Toni@joesph.biz">
                <name>sed qui atque</name>
                <body>quae quis qui ab rerum non hic&#13;consequatur earum facilis atque quas dolore fuga ipsam&#13;nihil velit quis&#13;rerum sit nam est nulla nihil qui excepturi et</body>
            </comment>
        </comments>
    </post>
    <post id="63" userId="7">
        <title>voluptas blanditiis repellendus animi ducimus error sapiente et suscipit</title>
        <body>enim adipisci aspernatur nemo&#13;numquam omnis facere dolorem dolor ex quis temporibus incidunt&#13;ab delectus culpa quo reprehenderit blanditiis asperiores&#13;accusantium ut quam in voluptatibus voluptas ipsam dicta</body>
        <comments>
            <comment id="311" email="Brisa@carrie.us">
                <name>veritatis nulla consequatur sed cumque</name>
                <body>officia provident libero explicabo tempora velit eligendi mollitia similique&#13;rerum sit aut consequatur ullam tenetur qui est vero&#13;rerum est et explicabo&#13;sit sunt ea exercitationem molestiae</body>
            </comment>
            <comment id="312" email="Jasen.Kihn@devon.biz">
                <name>libero et distinctio repudiandae voluptatem dolores</name>
                <body>ipsa id eum dolorum et officiis&#13;saepe eos voluptatem&#13;nesciunt quos voluptas temporibus dolores ad rerum&#13;non voluptatem aut fugit</body>
            </comment>
            <comment id="313" email="Efren.Konopelski@madisyn.us">
                <name>quia enim et</name>
                <body>corporis quo magnam sunt rerum enim vel&#13;repudiandae suscipit corrupti ut ab qui debitis quidem adipisci&#13;distinctio voluptatibus vitae molestias incidunt laboriosam quia quidem facilis&#13;quia architecto libero illum ut dicta</body>
            </comment>
            <comment id="314" email="Demetris.Bergnaum@fae.io">
                <name>enim voluptatem quam</name>
                <body>sunt cupiditate commodi est pariatur incidunt quis&#13;suscipit saepe magnam amet enim&#13;quod quis neque&#13;et modi rerum asperiores consequatur reprehenderit maiores</body>
            </comment>
            <comment id="315" email="Luella.Pollich@gloria.org">
                <name>maxime nulla perspiciatis ad quo quae consequatur quas</name>
                <body>repudiandae dolores nam quas&#13;et incidunt odio dicta eum vero dolor quidem&#13;dolorem quisquam cumque&#13;molestiae neque maxime rerum deserunt nam sequi</body>
            </comment>
        </comments>
    </post>
    <post id="64" userId="7">
        <title>et fugit quas eum in in aperiam quod</title>
        <body>id velit blanditiis&#13;eum ea voluptatem&#13;molestiae sint occaecati est eos perspiciatis&#13;incidunt a error provident eaque aut aut qui</body>
        <comments>
            <comment id="316" email="Sister.Morissette@adelia.io">
                <name>totam est minima modi sapiente nobis impedit</name>
                <body>consequatur qui doloribus et rerum&#13;debitis cum dolorem voluptate qui fuga&#13;necessitatibus quod temporibus non voluptates&#13;aut saepe molestiae</body>
            </comment>
            <comment id="317" email="Shyanne@rick.info">
                <name>iusto pariatur ea</name>
                <body>quam iste aut molestiae nesciunt modi&#13;atque quo laudantium vel tempora quam tenetur neque aut&#13;et ipsum eum nostrum enim laboriosam officia eligendi&#13;laboriosam libero ullam sit nulla voluptate in</body>
            </comment>
            <comment id="318" email="Freeman.Dare@ada.name">
                <name>vitae porro aut ex est cumque</name>
                <body>distinctio placeat nisi repellat animi&#13;sed praesentium voluptatem&#13;placeat eos blanditiis deleniti natus eveniet dolorum quia tempore&#13;pariatur illum dolor aspernatur ratione tenetur autem ipsum fugit</body>
            </comment>
            <comment id="319" email="Donnell@orland.org">
                <name>et eos praesentium porro voluptatibus quas quidem explicabo est</name>
                <body>occaecati quia ipsa id fugit sunt velit iure adipisci&#13;ullam inventore quidem dolorem adipisci optio quia et&#13;quis explicabo omnis ipsa quo ut voluptatem aliquam inventore&#13;minima aut tempore excepturi similique</body>
            </comment>
            <comment id="320" email="Robin@gaylord.biz">
                <name>fugiat eos commodi consequatur vel qui quasi</name>
                <body>nihil consequatur dolorem voluptatem non molestiae&#13;odit eum animi&#13;ipsum omnis ut quasi&#13;voluptas sed et et qui est aut</body>
            </comment>
        </comments>
    </post>
    <post id="65" userId="7">
        <title>consequatur id enim sunt et et</title>
        <body>voluptatibus ex esse&#13;sint explicabo est aliquid cumque adipisci fuga repellat labore&#13;molestiae corrupti ex saepe at asperiores et perferendis&#13;natus id esse incidunt pariatur</body>
        <comments>
            <comment id="321" email="Danyka_Stark@jedidiah.name">
                <name>rem ducimus ipsam ut est vero distinctio et</name>
                <body>ea necessitatibus eum nesciunt corporis&#13;minus in quisquam iste recusandae&#13;qui nobis deleniti asperiores non laboriosam sunt molestiae dolore&#13;distinctio qui officiis tempora dolorem ea</body>
            </comment>
            <comment id="322" email="Margarita@casper.io">
                <name>ipsam et commodi</name>
                <body>id molestiae doloribus&#13;omnis atque eius sunt aperiam&#13;tenetur quia natus nihil sunt veritatis recusandae quia&#13;corporis quam omnis veniam voluptas amet quidem illo deleniti</body>
            </comment>
            <comment id="323" email="Carlo@cortney.net">
                <name>et aut non illo cumque pariatur laboriosam</name>
                <body>explicabo dicta quas cum quis rerum dignissimos et&#13;magnam sit mollitia est dolor voluptas sed&#13;ipsum et tenetur recusandae&#13;quod facilis nulla amet deserunt</body>
            </comment>
            <comment id="324" email="Mina@nikita.tv">
                <name>ut ut architecto vero est ipsam</name>
                <body>ipsam eum ea distinctio&#13;ducimus saepe eos quaerat molestiae&#13;corporis aut officia qui ut perferendis&#13;itaque possimus incidunt aut quis</body>
            </comment>
            <comment id="325" email="Violette@naomi.tv">
                <name>odit sit numquam rerum porro dolorem</name>
                <body>qui vero recusandae&#13;porro esse sint doloribus impedit voluptatem commodi&#13;asperiores laudantium ut dolores&#13;praesentium distinctio magnam voluptatum aut</body>
            </comment>
        </comments>
    </post>
    <post id="66" userId="7">
        <title>repudiandae ea animi iusto</title>
        <body>officia veritatis tenetur vero qui itaque&#13;sint non ratione&#13;sed et ut asperiores iusto eos molestiae nostrum&#13;veritatis quibusdam et nemo iusto saepe</body>
        <comments>
            <comment id="326" email="Lauren.Hodkiewicz@jarret.info">
                <name>voluptatem laborum incidunt accusamus</name>
                <body>perspiciatis vero nulla aut consequatur fuga earum aut&#13;nemo suscipit totam vitae qui at omnis aut&#13;incidunt optio dolorem voluptatem vel&#13;assumenda vero id explicabo deleniti sit corrupti sit</body>
            </comment>
            <comment id="327" email="Ernestina@piper.biz">
                <name>quisquam necessitatibus commodi iure eum</name>
                <body>consequatur ut aut placeat harum&#13;quia perspiciatis unde doloribus quae non&#13;ut modi ad unde ducimus omnis nobis voluptatem atque&#13;magnam reiciendis dolorem et qui explicabo</body>
            </comment>
            <comment id="328" email="Hettie_Morar@wiley.info">
                <name>temporibus ut vero quas</name>
                <body>molestiae minima aut rerum nesciunt&#13;vitae iusto consequatur architecto assumenda dolorum&#13;non doloremque tempora possimus qui mollitia omnis&#13;vitae odit sed</body>
            </comment>
            <comment id="329" email="Corbin.Hilll@modesto.biz">
                <name>quasi beatae sapiente voluptates quo temporibus</name>
                <body>nulla corrupti delectus est cupiditate explicabo facere&#13;sapiente quo id quis illo culpa&#13;ut aut sit error magni atque asperiores soluta&#13;aut cumque voluptatem occaecati omnis aliquid</body>
            </comment>
            <comment id="330" email="Kenyatta@renee.io">
                <name>illo ab quae deleniti</name>
                <body>dolores tenetur rerum et aliquam&#13;culpa officiis ea rem neque modi quaerat deserunt&#13;molestias minus nesciunt iusto impedit enim laborum perferendis&#13;velit minima itaque voluptatem fugiat</body>
            </comment>
        </comments>
    </post>
    <post id="67" userId="7">
        <title>aliquid eos sed fuga est maxime repellendus</title>
        <body>reprehenderit id nostrum&#13;voluptas doloremque pariatur sint et accusantium quia quod aspernatur&#13;et fugiat amet&#13;non sapiente et consequatur necessitatibus molestiae</body>
        <comments>
            <comment id="331" email="Don@cameron.co.uk">
                <name>nemo cum est officia maiores sint sunt a</name>
                <body>maxime incidunt velit quam vel fugit nostrum veritatis&#13;et ipsam nisi voluptatem voluptas cumque tempora velit et&#13;et quisquam error&#13;maiores fugit qui dolor sit doloribus</body>
            </comment>
            <comment id="332" email="Jovan@aaliyah.tv">
                <name>dicta vero voluptas hic dolorem</name>
                <body>voluptas iste deleniti&#13;est itaque vel ea incidunt quia voluptates sapiente repellat&#13;aut consectetur vel neque tempora esse similique sed&#13;a qui nobis voluptate hic eligendi doloribus molestiae et</body>
            </comment>
            <comment id="333" email="Jeanie.McGlynn@enoch.ca">
                <name>soluta dicta pariatur reiciendis</name>
                <body>et dolor error doloremque&#13;odio quo sunt quod&#13;est ipsam assumenda in veniam illum rerum deleniti expedita&#13;voluptate hic nostrum sed dolor et qui</body>
            </comment>
            <comment id="334" email="Garett_Gusikowski@abigale.me">
                <name>et adipisci laboriosam est modi</name>
                <body>et voluptatibus est et aperiam quaerat voluptate eius quo&#13;nihil voluptas doloribus et ea tempore&#13;labore non dolorem&#13;optio consequatur est id quia magni voluptas enim</body>
            </comment>
            <comment id="335" email="Doug@alana.co.uk">
                <name>voluptatem accusantium beatae veniam voluptatem quo culpa deleniti</name>
                <body>hic et et aspernatur voluptates voluptas ut ut id&#13;excepturi eligendi aspernatur nulla dicta ab&#13;suscipit quis distinctio nihil&#13;temporibus unde quasi expedita et inventore consequatur rerum ab</body>
            </comment>
        </comments>
    </post>
    <post id="68" userId="7">
        <title>odio quis facere architecto reiciendis optio</title>
        <body>magnam molestiae perferendis quisquam&#13;qui cum reiciendis&#13;quaerat animi amet hic inventore&#13;ea quia deleniti quidem saepe porro velit</body>
        <comments>
            <comment id="336" email="Yoshiko@viviane.name">
                <name>eveniet eligendi nisi sunt a error blanditiis et ea</name>
                <body>similique autem voluptatem ab et et&#13;odio animi repellendus libero voluptas voluptas quia&#13;libero facere saepe nobis&#13;consequatur et qui non hic ea maxime nihil</body>
            </comment>
            <comment id="337" email="Micaela_Bins@mertie.us">
                <name>beatae esse tenetur aut est</name>
                <body>est ut aut ut omnis distinctio&#13;illum quisquam pariatur qui aspernatur vitae&#13;dolor explicabo architecto veritatis ipsa et aut est molestiae&#13;ducimus et sapiente error sed omnis</body>
            </comment>
            <comment id="338" email="Loy@gillian.me">
                <name>qui sit quo est ipsam minima neque nobis</name>
                <body>maiores totam quo atque&#13;explicabo perferendis iste facilis odio ab eius consequatur&#13;sit praesentium ea vitae optio minus&#13;voluptate necessitatibus omnis itaque omnis qui</body>
            </comment>
            <comment id="339" email="Tyrel@hunter.net">
                <name>accusantium et sit nihil quibusdam voluptatum provident est qui</name>
                <body>dicta dolorem veniam ipsa harum minus sequi&#13;omnis quia voluptatem autem&#13;est optio doloribus repellendus id commodi quas exercitationem eum&#13;et eum dignissimos accusamus est eaque doloremque</body>
            </comment>
            <comment id="340" email="Otilia.Schuppe@randal.com">
                <name>rerum et quae tenetur soluta voluptatem tempore laborum enim</name>
                <body>est aut consequatur error illo ut&#13;enim nihil fuga&#13;suscipit inventore officiis iure earum pariatur temporibus in&#13;aperiam qui quod vel necessitatibus velit eos exercitationem culpa</body>
            </comment>
        </comments>
    </post>
    <post id="69" userId="7">
        <title>fugiat quod pariatur odit minima</title>
        <body>officiis error culpa consequatur modi asperiores et&#13;dolorum assumenda voluptas et vel qui aut vel rerum&#13;voluptatum quisquam perspiciatis quia rerum consequatur totam quas&#13;sequi commodi repudiandae asperiores et saepe a</body>
        <comments>
            <comment id="341" email="April@larissa.co.uk">
                <name>sunt ut voluptatem cupiditate maxime dolores eligendi</name>
                <body>iure ea ea neque est&#13;esse ab sed hic et ullam sed sequi a&#13;non hic tenetur sunt enim ea&#13;laudantium ea natus</body>
            </comment>
            <comment id="342" email="Glenna_Waters@retha.me">
                <name>corporis at consequuntur consequatur</name>
                <body>quis beatae qui&#13;sequi dicta quas et dolor&#13;non enim aspernatur excepturi aut rerum asperiores&#13;aliquid animi nulla ea tempore esse</body>
            </comment>
            <comment id="343" email="Cordelia.Oberbrunner@peyton.com">
                <name>repellat sed consequatur suscipit aliquam</name>
                <body>ea alias eos et corrupti&#13;voluptatem ab incidunt&#13;voluptatibus voluptas ea nesciunt&#13;totam corporis dolor recusandae voluptas harum</body>
            </comment>
            <comment id="344" email="Zander@santino.net">
                <name>blanditiis rerum voluptatem quaerat modi saepe ratione assumenda qui</name>
                <body>iusto nihil quae rerum laborum recusandae voluptatem et necessitatibus&#13;ut deserunt cumque qui qui&#13;non et et eos adipisci cupiditate dolor sed voluptates&#13;maiores commodi eveniet consequuntur</body>
            </comment>
            <comment id="345" email="Camila_Runolfsdottir@tressa.tv">
                <name>ut deleniti autem ullam quod provident ducimus enim explicabo</name>
                <body>omnis et fugit eos sint saepe ipsam unde est&#13;dolores sit sit assumenda laboriosam&#13;dolor deleniti voluptatem id nesciunt et&#13;placeat dolorem cumque laboriosam sunt non</body>
            </comment>
        </comments>
    </post>
    <post id="70" userId="7">
        <title>voluptatem laborum magni</title>
        <body>sunt repellendus quae&#13;est asperiores aut deleniti esse accusamus repellendus quia aut&#13;quia dolorem unde&#13;eum tempora esse dolore</body>
        <comments>
            <comment id="346" email="Kirstin@tina.info">
                <name>beatae in fuga assumenda dolorem accusantium blanditiis mollitia</name>
                <body>quas non magnam&#13;quia veritatis assumenda reiciendis&#13;similique dolores est ab&#13;praesentium fuga ut</body>
            </comment>
            <comment id="347" email="Anthony.Koepp@savannah.tv">
                <name>tenetur id delectus recusandae voluptates quo aut</name>
                <body>consectetur illo corporis sit labore optio quod&#13;qui occaecati aut sequi quia&#13;officiis quia aut odio quo ad&#13;rerum tenetur aut quasi veniam</body>
            </comment>
            <comment id="348" email="Bradley.Lang@marilyne.tv">
                <name>molestias natus autem quae sint qui</name>
                <body>perferendis dignissimos soluta ut provident sit et&#13;delectus ratione ad sapiente qui excepturi error qui quo&#13;quo illo commodi&#13;rerum maxime voluptas voluptatem</body>
            </comment>
            <comment id="349" email="Loren@aric.biz">
                <name>odio maiores a porro dolorum ut pariatur inventore</name>
                <body>dicta impedit non&#13;et laborum laudantium qui eaque et beatae suscipit&#13;sequi magnam rem dolorem non quia vel adipisci&#13;corrupti officiis laudantium impedit</body>
            </comment>
            <comment id="350" email="Arjun@natalie.ca">
                <name>eius quia pariatur</name>
                <body>eaque rerum tempore distinctio&#13;consequatur fugiat veniam et incidunt ut ut et&#13;consequatur blanditiis magnam&#13;doloremque voluptate ut architecto facere in dolorem et aut</body>
            </comment>
        </comments>
    </post>
    <post id="71" userId="8">
        <title>et iusto veniam et illum aut fuga</title>
        <body>occaecati a doloribus&#13;iste saepe consectetur placeat eum voluptate dolorem et&#13;qui quo quia voluptas&#13;rerum ut id enim velit est perferendis</body>
        <comments>
            <comment id="351" email="Solon.Goldner@judah.org">
                <name>quia ex perspiciatis sunt voluptatem quidem</name>
                <body>quo nisi impedit velit repellendus esse itaque ut saepe&#13;voluptatibus occaecati ab eaque dolores&#13;maxime alias velit ducimus placeat sit laudantium quia&#13;corrupti doloremque ut</body>
            </comment>
            <comment id="352" email="Nina@osbaldo.name">
                <name>sit ipsam voluptatem velit</name>
                <body>dolorem eius voluptatem vitae aliquid unde labore est&#13;molestiae labore dolorem beatae voluptatem soluta eum eos dolore&#13;et ea quasi aut doloribus sint&#13;vel suscipit tempora delectus soluta</body>
            </comment>
            <comment id="353" email="Madaline@marlin.org">
                <name>consequatur reprehenderit similique vitae dolor debitis</name>
                <body>nemo aut laborum expedita nisi sed illum&#13;ab asperiores provident&#13;a sunt recusandae ut rerum itaque est voluptatibus nihil&#13;esse ipsum et repellendus nobis rerum voluptas et</body>
            </comment>
            <comment id="354" email="Mike.Kozey@gladyce.us">
                <name>eligendi tempora eum deserunt</name>
                <body>delectus est consequatur&#13;at excepturi asperiores dolor nesciunt ad&#13;id non aut ad ut&#13;non et voluptatem</body>
            </comment>
            <comment id="355" email="Orval.Treutel@arnold.me">
                <name>reiciendis ad ea</name>
                <body>vel cumque labore vitae quisquam magnam sequi ut&#13;molestiae dolores vel minus aut&#13;quas repellat nostrum fugit molestiae veritatis sequi&#13;vel quidem in molestiae id doloribus sed</body>
            </comment>
        </comments>
    </post>
    <post id="72" userId="8">
        <title>sint hic doloribus consequatur eos non id</title>
        <body>quam occaecati qui deleniti consectetur&#13;consequatur aut facere quas exercitationem aliquam hic voluptas&#13;neque id sunt ut aut accusamus&#13;sunt consectetur expedita inventore velit</body>
        <comments>
            <comment id="356" email="Trent@samir.net">
                <name>qui vel id qui est</name>
                <body>fugiat dolore voluptas tempore&#13;aspernatur quibusdam rem iste sit fugiat nesciunt consequatur&#13;dolor sed odit similique minima corporis quae in adipisci&#13;impedit dolores et cupiditate accusantium perferendis dignissimos error</body>
            </comment>
            <comment id="357" email="Ashleigh@annette.ca">
                <name>consectetur totam fugit et occaecati minima aliquid hic adipisci</name>
                <body>et eos est quis quia molestiae est&#13;quasi est quos omnis&#13;aut et sit consectetur ex molestiae&#13;est sed accusamus asperiores</body>
            </comment>
            <comment id="358" email="Douglas@anabel.org">
                <name>accusantium natus ex et consequuntur neque</name>
                <body>unde ad id nemo ipsam dolorem autem quaerat&#13;perspiciatis voluptas corrupti laborum rerum est architecto&#13;eius quos aut et voluptate voluptatem atque necessitatibus&#13;voluptate fugiat aut iusto et atque</body>
            </comment>
            <comment id="359" email="Lowell@mossie.com">
                <name>esse quia quidem quisquam consequatur nisi deleniti</name>
                <body>et explicabo voluptatem ut est nihil culpa et&#13;veritatis repellendus ipsum velit qui eligendi maxime voluptatem est&#13;dicta rerum et et nemo quia&#13;eveniet aspernatur nostrum molestiae mollitia ut dolores rem fugiat</body>
            </comment>
            <comment id="360" email="Jacquelyn@kristian.net">
                <name>rerum tempore facilis ut quod sit</name>
                <body>sit et aut recusandae&#13;corrupti nisi vero eius nulla voluptates&#13;voluptatem placeat est commodi impedit odio omnis&#13;similique debitis et in molestiae omnis sed non magni</body>
            </comment>
        </comments>
    </post>
    <post id="73" userId="8">
        <title>consequuntur deleniti eos quia temporibus ab aliquid at</title>
        <body>voluptatem cumque tenetur consequatur expedita ipsum nemo quia explicabo&#13;aut eum minima consequatur&#13;tempore cumque quae est et&#13;et in consequuntur voluptatem voluptates aut</body>
        <comments>
            <comment id="361" email="Antwon@domenico.me">
                <name>voluptates qui et corporis</name>
                <body>cum ad porro fuga sequi dolores&#13;ipsa error magni itaque labore accusamus&#13;corporis odit consequatur quis debitis&#13;cum et voluptas facilis incidunt ut itaque dolores error</body>
            </comment>
            <comment id="362" email="Kenyon@retha.me">
                <name>quia qui quia qui</name>
                <body>excepturi omnis occaecati officiis enim saepe id&#13;non quo et dignissimos voluptates ipsum&#13;molestias facere dolorem qui iure similique corrupti&#13;neque ducimus sit alias dolor earum autem doloribus consequatur</body>
            </comment>
            <comment id="363" email="Ben@elouise.net">
                <name>nihil consequatur quibusdam</name>
                <body>est magni totam est&#13;et enim nam voluptas veritatis est&#13;sint doloremque incidunt et cum a&#13;et eligendi nobis ratione delectus</body>
            </comment>
            <comment id="364" email="Madisen.Hauck@barney.co.uk">
                <name>vel architecto assumenda et maiores</name>
                <body>architecto quo enim ad et reprehenderit&#13;laboriosam quia commodi officia iusto&#13;dolorem totam consequuntur cupiditate&#13;veritatis voluptates aspernatur earum saepe et sed consequatur</body>
            </comment>
            <comment id="365" email="Dock.Parker@roy.biz">
                <name>aliquam officiis omnis</name>
                <body>modi sed aut quidem quisquam optio est&#13;aut facilis sit quia quis facere quod&#13;fugiat recusandae ex et quisquam ipsum sed sit&#13;exercitationem quia recusandae dolorem quasi iusto ipsa qui et</body>
            </comment>
        </comments>
    </post>
    <post id="74" userId="8">
        <title>enim unde ratione doloribus quas enim ut sit sapiente</title>
        <body>odit qui et et necessitatibus sint veniam&#13;mollitia amet doloremque molestiae commodi similique magnam et quam&#13;blanditiis est itaque&#13;quo et tenetur ratione occaecati molestiae tempora</body>
        <comments>
            <comment id="366" email="Pablo.Ritchie@tyrique.co.uk">
                <name>aperiam ut deserunt minus quo dicta nisi</name>
                <body>explicabo perspiciatis quae sit qui nulla incidunt facilis&#13;repudiandae perspiciatis voluptate expedita sunt consectetur quasi&#13;id occaecati nesciunt dolorem aliquid perspiciatis repellat inventore esse&#13;ut possimus exercitationem facere modi</body>
            </comment>
            <comment id="367" email="Sebastian_Gaylord@freda.org">
                <name>praesentium eos quam eius optio eveniet</name>
                <body>nostrum modi et et dolores maxime facere&#13;alias doloribus eaque expedita et similique voluptatum magnam est&#13;omnis eos voluptatem&#13;et unde fugit voluptatem asperiores</body>
            </comment>
            <comment id="368" email="Lazaro@nadia.ca">
                <name>fugiat aliquid sint</name>
                <body>est dolor eveniet&#13;est minus eveniet recusandae&#13;iure quo aut eos ut sed ipsa&#13;harum earum aut nesciunt non dolores</body>
            </comment>
            <comment id="369" email="Jessy.Boyle@vernice.biz">
                <name>qui incidunt vel iusto eligendi amet quia qui</name>
                <body>qui fugit accusamus&#13;et quo minus cumque hic adipisci&#13;odio blanditiis omnis et est&#13;architecto et facilis inventore quasi provident quaerat ex rem</body>
            </comment>
            <comment id="370" email="Mitchel@hal.co.uk">
                <name>libero vero voluptatum sed facilis quos aut reprehenderit ad</name>
                <body>beatae hic est et deserunt eius&#13;corrupti quam ut commodi sit modi est corporis animi&#13;harum ut est&#13;aperiam non fugit excepturi quo tenetur totam</body>
            </comment>
        </comments>
    </post>
    <post id="75" userId="8">
        <title>dignissimos eum dolor ut enim et delectus in</title>
        <body>commodi non non omnis et voluptas sit&#13;autem aut nobis magnam et sapiente voluptatem&#13;et laborum repellat qui delectus facilis temporibus&#13;rerum amet et nemo voluptate expedita adipisci error dolorem</body>
        <comments>
            <comment id="371" email="Lindsay@kiley.name">
                <name>ut quia sequi sed eius voluptas</name>
                <body>est dicta totam architecto et minus id aut non&#13;ut et fugit eaque culpa modi repellendus&#13;aliquid qui veritatis doloribus aut consequatur voluptas sequi accusantium&#13;voluptas occaecati saepe reprehenderit ut</body>
            </comment>
            <comment id="372" email="Erika.Murazik@jorge.me">
                <name>qui cumque eos consequatur fuga ut</name>
                <body>aut illum est asperiores&#13;rerum laboriosam quis sit dolores magni minima fuga atque&#13;omnis at et quibusdam earum rem&#13;earum distinctio autem et enim dolore eos</body>
            </comment>
            <comment id="373" email="Olin@edmund.ca">
                <name>nemo voluptatum quo qui atque</name>
                <body>iure aliquid qui sit&#13;excepturi dolorem rerum possimus suscipit atque nisi&#13;labore ut aut nihil voluptatum ut aliquid praesentium&#13;assumenda tempore dolor velit ratione et corrupti</body>
            </comment>
            <comment id="374" email="Lacey@novella.biz">
                <name>quam exercitationem alias totam</name>
                <body>eligendi et consequuntur dolor nihil quaerat doloremque ut&#13;dignissimos sunt veniam non ratione esse&#13;debitis omnis similique maxime dolores tempora laborum rerum adipisci&#13;reiciendis explicabo error quidem quo necessitatibus voluptatibus vitae ipsum</body>
            </comment>
            <comment id="375" email="Sister@miller.net">
                <name>similique doloribus odit quas magnam omnis dolorem dolore et</name>
                <body>non ea sed reprehenderit reiciendis eaque et neque adipisci&#13;ipsa architecto deserunt ratione nesciunt tempore similique occaecati non&#13;hic vitae sit neque&#13;rerum quod dolorem ratione esse aperiam necessitatibus</body>
            </comment>
        </comments>
    </post>
    <post id="76" userId="8">
        <title>doloremque officiis ad et non perferendis</title>
        <body>ut animi facere&#13;totam iusto tempore&#13;molestiae eum aut et dolorem aperiam&#13;quaerat recusandae totam odio</body>
        <comments>
            <comment id="376" email="Raphaelle@miller.com">
                <name>dolorem qui architecto provident</name>
                <body>sint qui aut aspernatur necessitatibus&#13;laboriosam autem occaecati nostrum non&#13;officiis consequuntur odit&#13;et itaque quam placeat aut molestiae saepe veniam provident</body>
            </comment>
            <comment id="377" email="Jaren.Schiller@augusta.org">
                <name>nemo hic sapiente placeat quidem omnis</name>
                <body>sint fugit et&#13;id et saepe non molestiae sit earum doloremque&#13;dolorem nemo earum dignissimos ipsa soluta deleniti quos&#13;quis numquam ducimus sed corporis dolores sed quisquam suscipit</body>
            </comment>
            <comment id="378" email="Nikko_Reynolds@harry.me">
                <name>vitae aut perspiciatis quia enim voluptas</name>
                <body>est molestiae non fugiat voluptatem quo porro&#13;aut praesentium ipsam aspernatur perferendis fuga&#13;officia sit ut&#13;aspernatur rerum est</body>
            </comment>
            <comment id="379" email="Afton.Medhurst@mina.info">
                <name>est qui quos exercitationem</name>
                <body>laboriosam quia animi ut&#13;quasi aut enim sequi numquam similique fugiat voluptatum non&#13;sed velit quod nisi id quidem&#13;magni in eveniet hic</body>
            </comment>
            <comment id="380" email="Wilson.Nikolaus@fredrick.org">
                <name>similique fugiat tenetur ea incidunt numquam</name>
                <body>voluptatum quis ipsa voluptatem saepe est&#13;illum error repellat eaque dolor quae qui&#13;eum rerum sunt quam illo&#13;voluptates fuga possimus nemo nihil distinctio</body>
            </comment>
        </comments>
    </post>
    <post id="77" userId="8">
        <title>necessitatibus quasi exercitationem odio</title>
        <body>modi ut in nulla repudiandae dolorum nostrum eos&#13;aut consequatur omnis&#13;ut incidunt est omnis iste et quam&#13;voluptates sapiente aliquam asperiores nobis amet corrupti repudiandae provident</body>
        <comments>
            <comment id="381" email="Tomasa@lee.us">
                <name>sint porro optio voluptatem</name>
                <body>consequatur possimus sit itaque distinctio fugit aut quod&#13;explicabo exercitationem voluptas labore rerum&#13;porro ut in voluptas maiores tempora accusantium&#13;voluptatum et sapiente sit quas quis et veniam</body>
            </comment>
            <comment id="382" email="Ally_Kassulke@rashad.ca">
                <name>eius itaque ut ipsa quia quis labore</name>
                <body>eaque eius delectus molestias suscipit nulla quisquam&#13;totam vel quos et autem sed&#13;eligendi et pariatur earum molestias magnam autem&#13;placeat culpa est et qui commodi illo et</body>
            </comment>
            <comment id="383" email="Reagan_Ziemann@ross.io">
                <name>provident voluptas perferendis quibusdam libero</name>
                <body>qui quaerat id repellendus aut qui&#13;maiores quidem consequatur dignissimos deleniti deserunt eveniet libero a&#13;repellat ducimus quia aut dignissimos numquam molestiae&#13;consequatur sit impedit nostrum et sunt iure</body>
            </comment>
            <comment id="384" email="Angelita@sally.org">
                <name>et et voluptas et eligendi distinctio accusantium temporibus enim</name>
                <body>blanditiis dolor sint nulla cum quidem aliquid voluptatem&#13;perferendis dolor consequatur voluptas et ut quisquam tempora tenetur&#13;maxime minus animi qui id&#13;eum accusantium et optio et blanditiis maxime</body>
            </comment>
            <comment id="385" email="Lonzo@lorena.org">
                <name>qui voluptates molestias necessitatibus eos odio quo minima</name>
                <body>sit fugiat est autem quia ipsam error ab&#13;voluptatem sed ab labore molestiae qui debitis exercitationem&#13;non et sunt officia illo possimus iste tenetur est&#13;dolores voluptas ad aspernatur nihil</body>
            </comment>
        </comments>
    </post>
    <post id="78" userId="8">
        <title>quam voluptatibus rerum veritatis</title>
        <body>nobis facilis odit tempore cupiditate quia&#13;assumenda doloribus rerum qui ea&#13;illum et qui totam&#13;aut veniam repellendus</body>
        <comments>
            <comment id="386" email="Alexandre@derrick.co.uk">
                <name>temporibus minus debitis deleniti repellat unde eveniet</name>
                <body>et dicta dolores sit&#13;repudiandae id harum temporibus&#13;voluptas quia blanditiis numquam a enim quae&#13;quisquam assumenda nam doloribus vel temporibus distinctio eveniet dolores</body>
            </comment>
            <comment id="387" email="Judd@lucinda.ca">
                <name>magnam nihil delectus dolor natus ab ea et</name>
                <body>qui recusandae veniam sed voluptatem ullam facilis consequatur&#13;numquam ut quod aut et&#13;non alias ex quam aut quasi ipsum praesentium&#13;ut aspernatur sit</body>
            </comment>
            <comment id="388" email="Eleanora@karson.net">
                <name>laudantium quibusdam blanditiis pariatur non vero deleniti a perferendis</name>
                <body>facilis et totam&#13;voluptatibus est optio cum&#13;facilis qui aut blanditiis rerum voluptatem accusamus&#13;et omnis quasi sint</body>
            </comment>
            <comment id="389" email="Enrico_Feil@liana.biz">
                <name>excepturi nam cum molestiae et totam voluptatem nisi</name>
                <body>dolore nihil perferendis&#13;dolor hic repudiandae iste&#13;doloribus labore quaerat et molestiae dolores sit excepturi sint&#13;et eum et aut</body>
            </comment>
            <comment id="390" email="Beverly@perry.org">
                <name>temporibus aut et</name>
                <body>dolor ratione ab repellendus aut quia reiciendis sed&#13;est alias ex&#13;odio voluptatem velit odit tempora nihil optio aperiam blanditiis&#13;labore porro id velit dolor veritatis</body>
            </comment>
        </comments>
    </post>
    <post id="79" userId="8">
        <title>pariatur consequatur quia magnam autem omnis non amet</title>
        <body>libero accusantium et et facere incidunt sit dolorem&#13;non excepturi qui quia sed laudantium&#13;quisquam molestiae ducimus est&#13;officiis esse molestiae iste et quos</body>
        <comments>
            <comment id="391" email="Corene_Mante@rory.com">
                <name>sed ratione nesciunt odit expedita</name>
                <body>aut repellat tenetur delectus eaque est nihil consequatur quae&#13;deleniti assumenda voluptates sit sit cupiditate maiores&#13;autem suscipit sint tenetur dolor tempore&#13;dolorem dolorum alias adipisci</body>
            </comment>
            <comment id="392" email="Emily_Flatley@ephraim.name">
                <name>rerum officiis qui quaerat omnis dolorem iure est repudiandae</name>
                <body>aut aut ea ut repudiandae ea assumenda laboriosam&#13;sunt qui laboriosam dicta omnis sit corporis&#13;voluptas eos amet quam quisquam officiis facilis laborum&#13;voluptatibus accusantium ab aliquid sed id doloremque</body>
            </comment>
            <comment id="393" email="Donna@frederik.com">
                <name>illo quis nostrum accusantium architecto et aliquam ratione</name>
                <body>et quia explicabo&#13;ut hic commodi quas provident aliquam nihil&#13;vitae in voluptatem commodi&#13;vero velit optio omnis accusamus corrupti voluptatem</body>
            </comment>
            <comment id="394" email="Kyleigh@ruben.org">
                <name>reprehenderit eos voluptatem ut</name>
                <body>voluptatem quisquam pariatur voluptatum qui quaerat&#13;et minus ea aliquam ullam dolorem consequatur&#13;ratione at ad nemo aperiam excepturi deleniti&#13;qui numquam quis hic nostrum tempora quidem</body>
            </comment>
            <comment id="395" email="Noemy.Hammes@lisette.net">
                <name>excepturi esse laborum ut qui culpa</name>
                <body>esse vel reiciendis nobis inventore vero est&#13;fugit inventore ea quo consequatur aut&#13;autem deserunt ratione et repellendus nihil quam&#13;quidem iure est nihil mollitia</body>
            </comment>
        </comments>
    </post>
    <post id="80" userId="8">
        <title>labore in ex et explicabo corporis aut quas</title>
        <body>ex quod dolorem ea eum iure qui provident amet&#13;quia qui facere excepturi et repudiandae&#13;asperiores molestias provident&#13;minus incidunt vero fugit rerum sint sunt excepturi provident</body>
        <comments>
            <comment id="396" email="Margarett_Jenkins@harley.us">
                <name>qui eos vitae possimus reprehenderit voluptatem voluptatem repellendus</name>
                <body>perferendis veritatis saepe voluptatem&#13;eum voluptas quis&#13;sed occaecati nostrum&#13;fugit animi omnis ratione molestias</body>
            </comment>
            <comment id="397" email="Dexter.Pacocha@lauren.biz">
                <name>quasi exercitationem molestias dolore non non sed est</name>
                <body>ut nisi sunt perspiciatis qui doloribus quas&#13;velit molestiae atque corrupti corporis voluptatem&#13;vel ratione aperiam tempore est eos&#13;quia a voluptas</body>
            </comment>
            <comment id="398" email="Gennaro@jaunita.co.uk">
                <name>labore consequuntur vel qui</name>
                <body>libero atque accusamus blanditiis minima eveniet corporis est aliquid&#13;dolores asperiores neque quibusdam quaerat error esse non&#13;qui et adipisci&#13;magni illo hic qui qui dignissimos earum</body>
            </comment>
            <comment id="399" email="Jaycee@aimee.us">
                <name>sunt ut eos</name>
                <body>corrupti ut et eveniet culpa&#13;veritatis eos sequi fugiat commodi consequuntur&#13;ipsa totam voluptatem perferendis ducimus aut exercitationem magni&#13;eos mollitia quia</body>
            </comment>
            <comment id="400" email="Brennon@carmela.tv">
                <name>quia aut consequatur sunt iste aliquam impedit sit</name>
                <body>natus iure velit impedit sed officiis sint&#13;molestiae non beatae&#13;illo consequatur minima&#13;sed ratione est tenetur</body>
            </comment>
        </comments>
    </post>
    <post id="81" userId="9">
        <title>tempora rem veritatis voluptas quo dolores vero</title>
        <body>facere qui nesciunt est voluptatum voluptatem nisi&#13;sequi eligendi necessitatibus ea at rerum itaque&#13;harum non ratione velit laboriosam quis consequuntur&#13;ex officiis minima doloremque voluptas ut aut</body>
        <comments>
            <comment id="401" email="Vella.Mayer@colten.net">
                <name>cum voluptate sint voluptas veritatis</name>
                <body>sit delectus recusandae qui&#13;et cupiditate sed ipsum culpa et fugiat ab&#13;illo dignissimos quo est repellat dolorum neque&#13;voluptates sed sapiente ab aut rerum enim sint voluptatum</body>
            </comment>
            <comment id="402" email="Caleb_Dach@kathleen.us">
                <name>ut eos mollitia eum eius</name>
                <body>et nisi fugit totam&#13;maiores voluptatibus quis ipsa sunt debitis assumenda&#13;ullam non quasi numquam ut dolores modi recusandae&#13;ut molestias magni est voluptas quibusdam corporis eius</body>
            </comment>
            <comment id="403" email="Patience_Bahringer@dameon.biz">
                <name>architecto voluptatum eos blanditiis aliquam debitis beatae nesciunt dolorum</name>
                <body>et a et perspiciatis&#13;autem expedita maiores dignissimos labore minus molestiae enim&#13;et ipsam ea et&#13;perspiciatis veritatis debitis maxime</body>
            </comment>
            <comment id="404" email="Destinee.Simonis@jose.tv">
                <name>officia qui ut explicabo eos fugit</name>
                <body>modi est et eveniet facilis explicabo&#13;voluptatem saepe quo et sint quas quia corporis&#13;pariatur voluptatibus est iste fugiat delectus animi rerum&#13;doloribus est enim</body>
            </comment>
            <comment id="405" email="Keshaun@brown.biz">
                <name>incidunt commodi voluptatem maiores asperiores blanditiis omnis ratione</name>
                <body>aut aut sit cupiditate maxime praesentium occaecati cumque&#13;vero sint sit aliquam porro quo consequuntur ut&#13;numquam qui maxime voluptas est consequatur ullam&#13;tenetur commodi qui consectetur distinctio eligendi atque</body>
            </comment>
        </comments>
    </post>
    <post id="82" userId="9">
        <title>laudantium voluptate suscipit sunt enim enim</title>
        <body>ut libero sit aut totam inventore sunt&#13;porro sint qui sunt molestiae&#13;consequatur cupiditate qui iste ducimus adipisci&#13;dolor enim assumenda soluta laboriosam amet iste delectus hic</body>
        <comments>
            <comment id="406" email="Merle.Schultz@marcel.org">
                <name>sint eaque rerum voluptas fugiat quia qui</name>
                <body>dicta in quam tenetur&#13;sed molestiae a sit est aut quia autem aut&#13;nam voluptatem reiciendis corporis voluptatem&#13;sapiente est id quia explicabo enim tempora asperiores</body>
            </comment>
            <comment id="407" email="Malvina_Fay@louie.name">
                <name>eius tempora sint reprehenderit</name>
                <body>totam ad quia non vero dolor laudantium sed temporibus&#13;quia aperiam corrupti sint accusantium eligendi&#13;aliquam rerum voluptatem delectus numquam nihil&#13;soluta qui sequi nisi voluptatum eaque voluptas animi ipsam</body>
            </comment>
            <comment id="408" email="Domenick_Douglas@gabe.us">
                <name>non excepturi enim est sapiente numquam repudiandae illo</name>
                <body>suscipit quidem fugiat consequatur&#13;quo sequi nesciunt&#13;aliquam ratione possimus&#13;voluptatem sit quia repellendus libero excepturi ut temporibus</body>
            </comment>
            <comment id="409" email="Isaac@allene.net">
                <name>dicta dolor voluptate vel praesentium</name>
                <body>provident illo quis dolor distinctio laborum eius enim&#13;suscipit quia error enim eos consequuntur&#13;est incidunt adipisci beatae tenetur excepturi in labore commodi&#13;fugiat omnis in et at nam accusamus et</body>
            </comment>
            <comment id="410" email="Marianna.Pacocha@george.net">
                <name>et dolore hic a cupiditate beatae natus iusto soluta</name>
                <body>in consequatur corporis qui a et magni eum illum&#13;corrupti veniam debitis ab iure harum&#13;enim ut assumenda cum adipisci veritatis et veniam&#13;rem eius expedita quos corrupti incidunt</body>
            </comment>
        </comments>
    </post>
    <post id="83" userId="9">
        <title>odit et voluptates doloribus alias odio et</title>
        <body>est molestiae facilis quis tempora numquam nihil qui&#13;voluptate sapiente consequatur est qui&#13;necessitatibus autem aut ipsa aperiam modi dolore numquam&#13;reprehenderit eius rem quibusdam</body>
        <comments>
            <comment id="411" email="Sister_Barton@lela.com">
                <name>hic rem eligendi tenetur ipsum dolore maxime eum</name>
                <body>nam voluptatem ex aut voluptatem mollitia sit sapiente&#13;qui hic ut&#13;qui natus in iste et magnam dolores et fugit&#13;ea sint ut minima quas eum nobis at reprehenderit</body>
            </comment>
            <comment id="412" email="Autumn.Lebsack@kasandra.ca">
                <name>quaerat et quia accusamus provident earum cumque</name>
                <body>veniam non culpa aut voluptas rem eum officiis&#13;mollitia placeat eos cum&#13;consequatur eos commodi dolorem&#13;animi maiores qui</body>
            </comment>
            <comment id="413" email="Irma.OKon@arden.me">
                <name>atque porro quo voluptas</name>
                <body>consequatur harum est omnis&#13;qui recusandae qui voluptatem et distinctio sint eaque&#13;dolores quo dolorem asperiores&#13;aperiam non quis asperiores aut praesentium</body>
            </comment>
            <comment id="414" email="Alaina_Hammes@carter.info">
                <name>ut qui voluptatem hic maxime</name>
                <body>molestias debitis magni illo sint officiis ut quia&#13;sed tenetur dolorem soluta&#13;voluptatem fugiat voluptas molestiae magnam fuga&#13;similique enim illum voluptas aspernatur officia</body>
            </comment>
            <comment id="415" email="Alia@addison.org">
                <name>rerum consequatur ut et voluptate harum amet accusantium est</name>
                <body>iure vitae accusamus tenetur autem ipsa deleniti&#13;sunt laudantium ut beatae repellendus non eos&#13;ut consequuntur repudiandae ducimus enim&#13;reiciendis rem explicabo magni dolore</body>
            </comment>
        </comments>
    </post>
    <post id="84" userId="9">
        <title>optio ipsam molestias necessitatibus occaecati facilis veritatis dolores aut</title>
        <body>sint molestiae magni a et quos&#13;eaque et quasi&#13;ut rerum debitis similique veniam&#13;recusandae dignissimos dolor incidunt consequatur odio</body>
        <comments>
            <comment id="416" email="Aurelie_McKenzie@providenci.biz">
                <name>neque nemo consequatur ea fugit aut esse suscipit dolore</name>
                <body>enim velit consequatur excepturi corporis voluptatem nostrum&#13;nesciunt alias perspiciatis corporis&#13;neque at eius porro sapiente ratione maiores natus&#13;facere molestiae vel explicabo voluptas unde</body>
            </comment>
            <comment id="417" email="May_Steuber@virgil.net">
                <name>quia reiciendis nobis minima quia et saepe</name>
                <body>et vitae consectetur ut voluptatem&#13;et et eveniet sit&#13;incidunt tenetur voluptatem&#13;provident occaecati exercitationem neque placeat</body>
            </comment>
            <comment id="418" email="Tessie@emilie.co.uk">
                <name>nesciunt voluptates amet sint et delectus et dolore culpa</name>
                <body>animi est eveniet officiis qui&#13;aperiam dolore occaecati enim aut reiciendis&#13;animi ad sint labore blanditiis adipisci voluptatibus eius error&#13;omnis rerum facere architecto occaecati rerum</body>
            </comment>
            <comment id="419" email="Priscilla@colten.org">
                <name>omnis voluptate dolorem similique totam</name>
                <body>cum neque recusandae occaecati aliquam reprehenderit ullam saepe veniam&#13;quasi ea provident tenetur architecto ad&#13;cupiditate molestiae mollitia molestias debitis eveniet doloremque voluptatem aut&#13;dolore consequatur nihil facere et</body>
            </comment>
            <comment id="420" email="Aylin@abigale.me">
                <name>aut recusandae a sit voluptas explicabo nam et</name>
                <body>voluptas cum eum minima rem&#13;dolorem et nemo repellendus voluptatem sit&#13;repudiandae nulla qui recusandae nobis&#13;blanditiis perspiciatis dolor ipsam reprehenderit odio</body>
            </comment>
        </comments>
    </post>
    <post id="85" userId="9">
        <title>dolore veritatis porro provident adipisci blanditiis et sunt</title>
        <body>similique sed nisi voluptas iusto omnis&#13;mollitia et quo&#13;assumenda suscipit officia magnam sint sed tempora&#13;enim provident pariatur praesentium atque animi amet ratione</body>
        <comments>
            <comment id="421" email="Holden@kenny.io">
                <name>non eligendi ipsam provident</name>
                <body>voluptate libero corrupti facere totam eaque consequatur nemo&#13;enim aliquid exercitationem nulla dignissimos illo&#13;est amet non iure&#13;amet sed dolore non ipsam magni</body>
            </comment>
            <comment id="422" email="Guillermo_Dare@dorothea.tv">
                <name>sit molestiae corporis</name>
                <body>ducimus ut ut fugiat nesciunt labore&#13;deleniti non et aut voluptatum quidem consectetur&#13;incidunt voluptas accusantium&#13;quo fuga eaque quisquam et et sapiente aut</body>
            </comment>
            <comment id="423" email="Oscar@pearline.com">
                <name>assumenda iure a</name>
                <body>rerum laborum voluptas ipsa enim praesentium&#13;quisquam aliquid perspiciatis eveniet id est est facilis&#13;atque aut facere&#13;provident reiciendis libero atque est</body>
            </comment>
            <comment id="424" email="Jonathon_Feest@maxime.io">
                <name>molestiae dolores itaque dicta earum eligendi dolores</name>
                <body>ducimus hic ea velit&#13;dolorum soluta voluptas similique rerum&#13;dolorum sint maxime et vel&#13;voluptatum nesciunt et id consequatur earum sed</body>
            </comment>
            <comment id="425" email="Micah_Wolf@lennie.co.uk">
                <name>cumque expedita consequatur qui</name>
                <body>labore necessitatibus et eum quas id ut&#13;doloribus aspernatur nostrum sapiente quo aut quia&#13;eos rerum voluptatem&#13;numquam minima soluta velit recusandae ut</body>
            </comment>
        </comments>
    </post>
    <post id="86" userId="9">
        <title>placeat quia et porro iste</title>
        <body>quasi excepturi consequatur iste autem temporibus sed molestiae beatae&#13;et quaerat et esse ut&#13;voluptatem occaecati et vel explicabo autem&#13;asperiores pariatur deserunt optio</body>
        <comments>
            <comment id="426" email="Shany@daisha.biz">
                <name>deleniti tempora non quia et aut</name>
                <body>reiciendis consequatur sunt atque quisquam ut sed iure&#13;consequatur laboriosam dicta odio&#13;quas cumque iure blanditiis ad sed ullam dignissimos&#13;sunt et exercitationem saepe</body>
            </comment>
            <comment id="427" email="Drew_Lemke@alexis.net">
                <name>delectus illum minus odit</name>
                <body>in laborum et distinctio nobis maxime&#13;maxime id commodi eaque enim amet qui autem&#13;debitis et porro eum dicta sapiente iusto nulla sunt&#13;voluptate excepturi sint dolorem voluptatem quae explicabo id</body>
            </comment>
            <comment id="428" email="Karina.Donnelly@liam.com">
                <name>voluptas dolores dolor nisi voluptatem ratione rerum</name>
                <body>excepturi quos omnis aliquam voluptatem iste&#13;sit unde ab quam ipsa delectus culpa rerum&#13;cum delectus impedit ut qui modi&#13;asperiores qui sapiente quia facilis in iure</body>
            </comment>
            <comment id="429" email="Ahmed_Runolfsson@claire.name">
                <name>sed omnis dolore aperiam</name>
                <body>ab voluptatem nobis unde&#13;doloribus aut fugiat&#13;consequuntur laboriosam minima inventore sint quis&#13;delectus hic et enim sit optio consequuntur</body>
            </comment>
            <comment id="430" email="Marilou_Halvorson@kane.io">
                <name>sint ullam alias et at et</name>
                <body>debitis ut maiores ut harum sed voluptas&#13;quae amet eligendi quo quidem odit atque quisquam animi&#13;ut autem est corporis et&#13;sed tempora facere corrupti magnam</body>
            </comment>
        </comments>
    </post>
    <post id="87" userId="9">
        <title>nostrum quis quasi placeat</title>
        <body>eos et molestiae&#13;nesciunt ut a&#13;dolores perspiciatis repellendus repellat aliquid&#13;magnam sint rem ipsum est</body>
        <comments>
            <comment id="431" email="Bernie.Schoen@seamus.co.uk">
                <name>velit incidunt ut accusantium odit maiores quaerat</name>
                <body>voluptas minus fugiat vel&#13;est quos soluta et veniam quia incidunt unde ut&#13;laborum odio in eligendi distinctio odit repellat&#13;nesciunt consequatur blanditiis cupiditate consequatur at et</body>
            </comment>
            <comment id="432" email="Joesph@darryl.net">
                <name>quod quia nihil nisi perferendis laborum blanditiis tempora eos</name>
                <body>quam et et harum&#13;placeat minus neque quae magni inventore saepe deleniti quisquam&#13;suscipit dolorum error aliquid dolores&#13;dignissimos dolorem autem natus iste molestiae est id impedit</body>
            </comment>
            <comment id="433" email="Timmothy.Corwin@augustus.co.uk">
                <name>qui ea voluptatem reiciendis enim enim nisi aut</name>
                <body>voluptatem minus asperiores quasi&#13;perspiciatis et aut blanditiis illo deserunt molestiae ab aperiam&#13;ex minima sed omnis at&#13;et repellat aut incidunt</body>
            </comment>
            <comment id="434" email="Julien_OHara@vance.io">
                <name>doloremque eligendi quas voluptatem non quos ex</name>
                <body>ex eum at culpa quam aliquam&#13;cupiditate et id dolorem sint quasi et quos et&#13;omnis et qui minus est quisquam non qui rerum&#13;quas molestiae tempore veniam</body>
            </comment>
            <comment id="435" email="Susan.Bartell@euna.org">
                <name>id voluptatum nulla maiores ipsa eos</name>
                <body>reprehenderit molestias sit nemo quas culpa dolorem exercitationem&#13;eos est voluptatem dolores est fugiat dolorem&#13;eos aut quia et amet et beatae harum vitae&#13;officia quia animi dicta magnam accusantium</body>
            </comment>
        </comments>
    </post>
    <post id="88" userId="9">
        <title>sapiente omnis fugit eos</title>
        <body>consequatur omnis est praesentium&#13;ducimus non iste&#13;neque hic deserunt&#13;voluptatibus veniam cum et rerum sed</body>
        <comments>
            <comment id="436" email="Selena.Quigley@johan.co.uk">
                <name>ea illo ab et maiores eaque non nobis</name>
                <body>sit non facilis commodi sapiente officiis aut facere libero&#13;sed voluptatum eligendi veniam velit explicabo&#13;sint laborum sunt reprehenderit dolore id nobis accusamus&#13;fugit voluptatem magni dolor qui dolores ipsa</body>
            </comment>
            <comment id="437" email="Clifton_Boehm@jacynthe.io">
                <name>magni asperiores in cupiditate</name>
                <body>suscipit ab qui eos et commodi&#13;quas ad maiores repellat laboriosam voluptatem exercitationem&#13;quibusdam ullam ratione nulla&#13;quia iste error dolorem consequatur beatae temporibus fugit</body>
            </comment>
            <comment id="438" email="Lizzie_Bartell@diamond.net">
                <name>ullam autem aliquam</name>
                <body>voluptas aspernatur eveniet&#13;quod id numquam dolores quia perspiciatis eum&#13;et delectus quia occaecati adipisci nihil velit accusamus esse&#13;minus aspernatur repudiandae</body>
            </comment>
            <comment id="439" email="Yasmeen@golda.ca">
                <name>voluptates quasi minus dolorem itaque nemo</name>
                <body>cupiditate laborum sit reprehenderit ratione est ad&#13;corporis rem pariatur enim et omnis dicta&#13;nobis molestias quo corporis et nihil&#13;sed et impedit aut quisquam natus expedita voluptate at</body>
            </comment>
            <comment id="440" email="Adolf.Russel@clark.ca">
                <name>adipisci sapiente libero beatae quas eveniet</name>
                <body>ut nam ut asperiores quis&#13;exercitationem aspernatur eligendi autem repellendus&#13;est repudiandae quisquam rerum ad explicabo suscipit deserunt eius&#13;alias aliquid eos pariatur rerum magnam provident iusto</body>
            </comment>
        </comments>
    </post>
    <post id="89" userId="9">
        <title>sint soluta et vel magnam aut ut sed qui</title>
        <body>repellat aut aperiam totam temporibus autem et&#13;architecto magnam ut&#13;consequatur qui cupiditate rerum quia soluta dignissimos nihil iure&#13;tempore quas est</body>
        <comments>
            <comment id="441" email="Elian@matilda.me">
                <name>nisi qui voluptates recusandae voluptas assumenda et</name>
                <body>illum qui quis optio&#13;quasi eius dolores et non numquam et&#13;qui necessitatibus itaque magnam mollitia earum et&#13;nisi voluptate eum accusamus ea</body>
            </comment>
            <comment id="442" email="Salma@francis.net">
                <name>sed molestias sit voluptatibus sit aut alias sunt inventore</name>
                <body>velit ut incidunt accusantium&#13;suscipit animi officia iusto&#13;nemo omnis sunt nobis repellendus corporis&#13;consequatur distinctio dolorem</body>
            </comment>
            <comment id="443" email="Orlando_Dickinson@vern.org">
                <name>illum pariatur aliquam esse nisi voluptas quisquam ea</name>
                <body>reiciendis et distinctio qui totam non aperiam voluptas&#13;veniam in dolorem pariatur itaque&#13;voluptas adipisci velit&#13;qui voluptates voluptas ut ullam veritatis repudiandae</body>
            </comment>
            <comment id="444" email="Elda@orval.name">
                <name>incidunt aut qui quis est sit corporis pariatur qui</name>
                <body>eligendi labore aut non modi vel facere qui&#13;accusamus qui maxime aperiam&#13;totam et non ut repudiandae eum corrupti pariatur quia&#13;necessitatibus et adipisci ipsa consequuntur enim et nihil vero</body>
            </comment>
            <comment id="445" email="Dennis@karley.net">
                <name>temporibus adipisci eveniet libero ullam</name>
                <body>est consequuntur cumque&#13;quo dolorem at ut dolores&#13;consequatur quia voluptates reiciendis&#13;vel rerum id et</body>
            </comment>
        </comments>
    </post>
    <post id="90" userId="9">
        <title>ad iusto omnis odit dolor voluptatibus</title>
        <body>minus omnis soluta quia&#13;qui sed adipisci voluptates illum ipsam voluptatem&#13;eligendi officia ut in&#13;eos soluta similique molestias praesentium blanditiis</body>
        <comments>
            <comment id="446" email="Jedediah@mason.io">
                <name>dicta excepturi aut est dolor ab dolores rerum</name>
                <body>cum fugit earum vel et nulla et voluptatem&#13;et ipsam aut&#13;et nihil officia nemo eveniet accusamus&#13;nulla aut impedit veritatis praesentium</body>
            </comment>
            <comment id="447" email="Maryam@jack.name">
                <name>molestiae qui quod quo</name>
                <body>rerum omnis voluptatem harum aliquid voluptas accusamus&#13;eius dicta animi&#13;odio non quidem voluptas tenetur&#13;nostrum deserunt laudantium culpa dolorum</body>
            </comment>
            <comment id="448" email="Rick@carlos.tv">
                <name>pariatur consequatur sit commodi aliquam</name>
                <body>odio maxime beatae ab labore rerum&#13;alias ipsa nam est nostrum&#13;et debitis aut&#13;ab molestias assumenda eaque repudiandae</body>
            </comment>
            <comment id="449" email="Vallie@jerrod.net">
                <name>sunt quia soluta quae sit deleniti dolor ullam veniam</name>
                <body>dolor at accusantium eveniet&#13;in voluptatem quam et fugiat et quasi dolores&#13;sunt eligendi voluptatum id voluptas vitae&#13;quibusdam iure eum perspiciatis</body>
            </comment>
            <comment id="450" email="Adolph.Hayes@isobel.biz">
                <name>dolorem corporis facilis et</name>
                <body>et provident quo necessitatibus harum excepturi&#13;sed est ut sed est doloremque labore quod&#13;quia optio explicabo adipisci magnam doloribus&#13;veritatis illo aut est inventore</body>
            </comment>
        </comments>
    </post>
    <post id="91" userId="10">
        <title>aut amet sed</title>
        <body>libero voluptate eveniet aperiam sed&#13;sunt placeat suscipit molestias&#13;similique fugit nam natus&#13;expedita consequatur consequatur dolores quia eos et placeat</body>
        <comments>
            <comment id="451" email="Duane_Dach@demario.us">
                <name>maiores ut dolores quo sapiente nisi</name>
                <body>dolor veritatis ipsum accusamus quae voluptates sint voluptatum et&#13;harum saepe dolorem enim&#13;expedita placeat qui quidem aut et et est&#13;minus odit qui possimus qui saepe</body>
            </comment>
            <comment id="452" email="General@schuyler.org">
                <name>quia excepturi in harum repellat consequuntur est vel qui</name>
                <body>ratione sequi sed&#13;earum nam aut sunt&#13;quam cum qui&#13;similique consequatur et est</body>
            </comment>
            <comment id="453" email="Stephania_Stanton@demond.biz">
                <name>doloremque ut est eaque</name>
                <body>quidem nisi reprehenderit eligendi fugiat et et&#13;sapiente adipisci natus nulla similique et est&#13;esse ea accusantium sunt&#13;deleniti molestiae perferendis quam animi similique ut</body>
            </comment>
            <comment id="454" email="Reinhold.Schiller@kelly.info">
                <name>magni quos voluptatibus earum et inventore suscipit</name>
                <body>consequatur accusamus maiores dolorem impedit repellendus voluptas rerum eum&#13;quam quia error voluptatem et&#13;dignissimos fugit qui&#13;et facilis necessitatibus dignissimos consequatur iusto nihil possimus</body>
            </comment>
            <comment id="455" email="Royce@jaiden.co.uk">
                <name>assumenda qui et aspernatur</name>
                <body>animi qui nostrum rerum velit&#13;voluptates sit in laborum dolorum omnis ut omnis&#13;ea optio quia necessitatibus delectus molestias sapiente perferendis&#13;dolores vel excepturi expedita</body>
            </comment>
        </comments>
    </post>
    <post id="92" userId="10">
        <title>ratione ex tenetur perferendis</title>
        <body>aut et excepturi dicta laudantium sint rerum nihil&#13;laudantium et at&#13;a neque minima officia et similique libero et&#13;commodi voluptate qui</body>
        <comments>
            <comment id="456" email="Cassie@diana.org">
                <name>quod voluptatem qui qui sit sed maiores fugit</name>
                <body>sunt ipsam illum consequuntur&#13;quasi enim possimus unde qui beatae quo eligendi&#13;vel quia asperiores est quae voluptate&#13;aperiam et iste perspiciatis</body>
            </comment>
            <comment id="457" email="Jena.OKeefe@adonis.net">
                <name>ipsa animi saepe veritatis voluptatibus ad amet id aut</name>
                <body>incidunt itaque enim pariatur quibusdam voluptatibus blanditiis sint&#13;error laborum voluptas sed officiis molestiae nostrum&#13;temporibus culpa aliquam sit&#13;consectetur dolores tempore id accusantium dignissimos vel</body>
            </comment>
            <comment id="458" email="Magdalen@holly.io">
                <name>fugiat consectetur saepe dicta</name>
                <body>eos hic deserunt necessitatibus sed id ut esse nam&#13;hic eveniet vitae corrupti mollitia doloremque sit ratione&#13;deleniti perspiciatis numquam est sapiente quaerat&#13;est est sit</body>
            </comment>
            <comment id="459" email="Nyah@otho.com">
                <name>nesciunt numquam alias doloremque minus ipsam optio</name>
                <body>veniam natus aut vero et aliquam doloremque&#13;alias cupiditate non est&#13;tempore et non vel error placeat est quisquam ea&#13;non dolore aliquid non fuga expedita dicta ut quos</body>
            </comment>
            <comment id="460" email="Kara_Stokes@connie.co.uk">
                <name>eum fugit omnis optio</name>
                <body>qui qui deserunt expedita at&#13;provident sequi veritatis sit qui nam tempora mollitia ratione&#13;corporis vitae rerum pariatur unde deleniti ut eos ad&#13;aut non quae nisi saepe</body>
            </comment>
        </comments>
    </post>
    <post id="93" userId="10">
        <title>beatae soluta recusandae</title>
        <body>dolorem quibusdam ducimus consequuntur dicta aut quo laboriosam&#13;voluptatem quis enim recusandae ut sed sunt&#13;nostrum est odit totam&#13;sit error sed sunt eveniet provident qui nulla</body>
        <comments>
            <comment id="461" email="Conner@daron.info">
                <name>perferendis nobis praesentium accusantium culpa et et</name>
                <body>eos quidem temporibus eum&#13;est ipsa sunt illum a facere&#13;omnis suscipit dolorem voluptatem incidunt&#13;tenetur deleniti aspernatur at quis</body>
            </comment>
            <comment id="462" email="Nathanael@jada.org">
                <name>assumenda quia sint</name>
                <body>adipisci et accusantium hic deserunt voluptates consequatur omnis&#13;quod dolorem voluptatibus quis velit laboriosam mollitia illo et&#13;iure aliquam dolorem nesciunt laborum&#13;aperiam labore repellat et maxime itaque</body>
            </comment>
            <comment id="463" email="Nicklaus@talon.io">
                <name>cupiditate quidem corporis totam tenetur rem nesciunt et</name>
                <body>voluptate officiis nihil laudantium sint autem adipisci&#13;aspernatur voluptas debitis nam omnis ut non eligendi&#13;aliquam vel commodi velit officiis laboriosam corporis&#13;quas aliquid aperiam autem</body>
            </comment>
            <comment id="464" email="Jerald@laura.io">
                <name>quisquam quaerat rerum dolor asperiores doloremque</name>
                <body>consequatur aliquam illum quis&#13;facere vel voluptatem rem sint atque&#13;in nam autem impedit dolores enim&#13;soluta rem adipisci odit sint voluptas aliquam</body>
            </comment>
            <comment id="465" email="Jamey_Dare@johnny.org">
                <name>est sunt est nesciunt distinctio quaerat reprehenderit in vero</name>
                <body>ex corrupti ut pariatur voluptas illo labore non voluptates&#13;voluptas sint et est impedit cum&#13;in fugiat cumque eum id rerum error&#13;ut rerum voluptates facilis molestiae et labore voluptatem corrupti</body>
            </comment>
        </comments>
    </post>
    <post id="94" userId="10">
        <title>qui qui voluptates illo iste minima</title>
        <body>aspernatur expedita soluta quo ab ut similique&#13;expedita dolores amet&#13;sed temporibus distinctio magnam saepe deleniti&#13;omnis facilis nam ipsum natus sint similique omnis</body>
        <comments>
            <comment id="466" email="Brant@yasmin.co.uk">
                <name>impedit autem distinctio omnis ipsam voluptas eaque</name>
                <body>aut dignissimos eos facere velit totam&#13;eaque aut voluptas ex similique ut ipsa est&#13;voluptates ut tempora&#13;quis commodi officia et consequatur cumque delectus</body>
            </comment>
            <comment id="467" email="Adrianna_Howell@molly.io">
                <name>voluptas unde perferendis ut eaque dicta</name>
                <body>deleniti fuga hic autem&#13;sed rerum non voluptate sit totam consequuntur illo&#13;quasi quod aut ducimus dolore distinctio molestias&#13;non velit quis debitis cumque voluptas</body>
            </comment>
            <comment id="468" email="Amiya.Morar@emma.tv">
                <name>nam praesentium est ipsa libero aut</name>
                <body>facilis repellendus inventore aperiam corrupti saepe culpa velit&#13;dolores sint ut&#13;aut quis voluptates iure et a&#13;neque harum quia similique sunt eum voluptatem a</body>
            </comment>
            <comment id="469" email="Destany@bailey.info">
                <name>vel eum quia esse sapiente</name>
                <body>dolor unde numquam distinctio&#13;ducimus eum hic rerum non expedita&#13;dolores et dignissimos rerum&#13;perspiciatis et porro est minus</body>
            </comment>
            <comment id="470" email="Katarina.Wolff@joel.io">
                <name>deleniti vitae alias distinctio dignissimos ab accusantium pariatur dicta</name>
                <body>molestias incidunt eaque&#13;numquam reprehenderit rerum ut ex ad&#13;omnis porro maiores quaerat harum nihil non quasi ea&#13;asperiores quisquam sunt fugiat eos natus iure adipisci</body>
            </comment>
        </comments>
    </post>
    <post id="95" userId="10">
        <title>id minus libero illum nam ad officiis</title>
        <body>earum voluptatem facere provident blanditiis velit laboriosam&#13;pariatur accusamus odio saepe&#13;cumque dolor qui a dicta ab doloribus consequatur omnis&#13;corporis cupiditate eaque assumenda ad nesciunt</body>
        <comments>
            <comment id="471" email="Pearline@veda.ca">
                <name>nihil ad debitis rerum optio est cumque sed voluptates</name>
                <body>quia non dolor&#13;corporis consectetur velit eos quis&#13;incidunt ut eos nesciunt repellendus voluptas voluptate sint neque&#13;doloribus est minima autem quis velit illo ea neque</body>
            </comment>
            <comment id="472" email="Belle.Braun@otis.name">
                <name>aspernatur ex dolor optio</name>
                <body>et necessitatibus earum qui velit id explicabo harum optio&#13;dolor dolores reprehenderit in&#13;a itaque odit esse et et id&#13;possimus est ut consequuntur velit autem iure ut</body>
            </comment>
            <comment id="473" email="Eliane@libby.net">
                <name>quaerat et excepturi autem animi fuga</name>
                <body>quod corrupti eum quisquam rerum accusantium tempora&#13;reprehenderit qui voluptate et sunt optio et&#13;iusto nihil amet omnis labore cumque quo&#13;saepe omnis aut quia consectetur</body>
            </comment>
            <comment id="474" email="Trey.Harber@christop.biz">
                <name>natus consequatur deleniti ipsum delectus</name>
                <body>tempora sint qui iste itaque non neque qui suscipit&#13;enim quas rerum totam impedit&#13;esse nulla praesentium natus explicabo doloremque atque maxime&#13;mollitia impedit dolorem occaecati officia in provident eos</body>
            </comment>
            <comment id="475" email="Kailyn@ivory.info">
                <name>cumque consequuntur excepturi consequatur consequatur est</name>
                <body>ut in nostrum&#13;ut et incidunt et minus nulla perferendis libero delectus&#13;nulla nemo deleniti&#13;deleniti facere autem vero velit non molestiae assumenda</body>
            </comment>
        </comments>
    </post>
    <post id="96" userId="10">
        <title>quaerat velit veniam amet cupiditate aut numquam ut sequi</title>
        <body>in non odio excepturi sint eum&#13;labore voluptates vitae quia qui et&#13;inventore itaque rerum&#13;veniam non exercitationem delectus aut</body>
        <comments>
            <comment id="476" email="Amely.Kunde@rodrigo.co.uk">
                <name>quia hic adipisci modi fuga aperiam</name>
                <body>officia quas aut culpa eum&#13;eaque quia rem unde ea quae reiciendis omnis&#13;excepturi nemo est vel sequi accusantium tenetur at earum&#13;et rerum quisquam temporibus cupiditate</body>
            </comment>
            <comment id="477" email="Thaddeus.Halvorson@ruthe.ca">
                <name>ut occaecati non</name>
                <body>nulla veniam quo consequuntur ullam&#13;autem nisi error aut facere distinctio rerum quia tempore&#13;velit distinctio occaecati ducimus&#13;ratione similique doloribus</body>
            </comment>
            <comment id="478" email="Hannah@emma.ca">
                <name>quo error dignissimos numquam qui nam fugit voluptates et</name>
                <body>non similique illo&#13;quia et rem placeat reprehenderit voluptas&#13;velit officiis fugit blanditiis nihil&#13;ab deserunt ullam</body>
            </comment>
            <comment id="479" email="Maryam.Mann@thelma.info">
                <name>distinctio minima error aspernatur reiciendis inventore quo</name>
                <body>totam explicabo harum quam impedit sunt&#13;doloremque consectetur id et minima eos incidunt quibusdam omnis&#13;saepe maiores officiis eligendi alias sint est aut cumque&#13;debitis cumque hic aut ut dolorum</body>
            </comment>
            <comment id="480" email="Michel@keira.us">
                <name>accusantium quo error repudiandae</name>
                <body>tenetur qui ut&#13;architecto officiis voluptatem velit eos molestias incidunt eum dolorum&#13;distinctio quam et&#13;sequi consequatur nihil voluptates animi</body>
            </comment>
        </comments>
    </post>
    <post id="97" userId="10">
        <title>quas fugiat ut perspiciatis vero provident</title>
        <body>eum non blanditiis soluta porro quibusdam voluptas&#13;vel voluptatem qui placeat dolores qui velit aut&#13;vel inventore aut cumque culpa explicabo aliquid at&#13;perspiciatis est et voluptatem dignissimos dolor itaque sit nam</body>
        <comments>
            <comment id="481" email="Domenick@russell.ca">
                <name>recusandae dolor similique autem saepe voluptate aut vel sit</name>
                <body>dignissimos nobis vitae corporis delectus eligendi et ut ut&#13;amet laudantium neque&#13;et quia cupiditate debitis aliquid&#13;dolorem aspernatur libero aut autem quo et</body>
            </comment>
            <comment id="482" email="Chanelle@samson.me">
                <name>placeat eveniet sunt ut quis</name>
                <body>aliquid natus voluptas doloremque fugiat ratione adipisci&#13;unde eum facilis enim omnis ipsum nobis nihil praesentium&#13;ut blanditiis voluptatem veniam&#13;tenetur fugit et distinctio aspernatur</body>
            </comment>
            <comment id="483" email="Hermann.Kunde@rosina.us">
                <name>a ipsa nihil sed impedit</name>
                <body>quos aut rerum nihil est et&#13;dolores commodi voluptas voluptatem excepturi et&#13;et expedita dignissimos atque aut reprehenderit&#13;quis quo soluta</body>
            </comment>
            <comment id="484" email="Olen@bryce.net">
                <name>hic inventore sint aut</name>
                <body>vel libero quo sit vitae&#13;id nesciunt ipsam non a aut enim itaque totam&#13;illum est cupiditate sit&#13;nam exercitationem magnam veniam</body>
            </comment>
            <comment id="485" email="Lorenza.Carter@consuelo.ca">
                <name>enim asperiores illum</name>
                <body>soluta quia porro mollitia eos accusamus&#13;voluptatem illo perferendis earum quia&#13;quo sed ipsam in omnis cum earum tempore eos&#13;voluptatem illum doloremque corporis ipsam facere</body>
            </comment>
        </comments>
    </post>
    <post id="98" userId="10">
        <title>laboriosam dolor voluptates</title>
        <body>doloremque ex facilis sit sint culpa&#13;soluta assumenda eligendi non ut eius&#13;sequi ducimus vel quasi&#13;veritatis est dolores</body>
        <comments>
            <comment id="486" email="Lamont@georgiana.biz">
                <name>et aut qui eaque porro quo quis velit rerum</name>
                <body>iste maxime et molestiae&#13;qui aliquam doloremque earum beatae repellat&#13;in aut eum libero eos itaque pariatur exercitationem&#13;vel quam non</body>
            </comment>
            <comment id="487" email="Colin_Gutkowski@muriel.net">
                <name>sunt omnis aliquam labore eveniet</name>
                <body>sint delectus nesciunt ipsum et aliquid et libero&#13;aut suscipit et molestiae nemo pariatur sequi&#13;repudiandae ea placeat neque quas eveniet&#13;mollitia quae laboriosam</body>
            </comment>
            <comment id="488" email="Albert@johnny.biz">
                <name>quo neque dolorem dolorum non incidunt</name>
                <body>aut sunt recusandae laboriosam omnis asperiores et&#13;nulla ipsum rerum quis doloremque rerum optio mollitia provident&#13;sed iste aut id&#13;numquam repudiandae veritatis</body>
            </comment>
            <comment id="489" email="Hilma.Kutch@ottilie.info">
                <name>aut quia et corporis voluptas quisquam voluptatem</name>
                <body>et dolorem sit&#13;reprehenderit sapiente occaecati iusto sit impedit nobis ut quia&#13;maiores debitis pariatur nostrum et aut&#13;assumenda error qui deserunt laborum quaerat et</body>
            </comment>
            <comment id="490" email="Donnie@alfreda.biz">
                <name>et eum provident maxime beatae minus et doloremque perspiciatis</name>
                <body>minus nihil sunt dolor&#13;ipsum a illum quis&#13;quasi officiis cupiditate architecto sit consequatur ut&#13;et sed quasi quam doloremque</body>
            </comment>
        </comments>
    </post>
    <post id="99" userId="10">
        <title>temporibus sit alias delectus eligendi possimus magni</title>
        <body>quo deleniti praesentium dicta non quod&#13;aut est molestias&#13;molestias et officia quis nihil&#13;itaque dolorem quia</body>
        <comments>
            <comment id="491" email="Maxwell@adeline.me">
                <name>eos enim odio</name>
                <body>natus commodi debitis cum ex rerum alias quis&#13;maxime fugiat fugit sapiente distinctio nostrum tempora&#13;possimus quod vero itaque enim accusantium perferendis&#13;fugit ut eum labore accusantium voluptas</body>
            </comment>
            <comment id="492" email="Amina@emmet.org">
                <name>consequatur alias ab fuga tenetur maiores modi</name>
                <body>iure deleniti aut consequatur necessitatibus&#13;id atque voluptas mollitia&#13;voluptates doloremque dolorem&#13;repudiandae hic enim laboriosam consequatur velit minus</body>
            </comment>
            <comment id="493" email="Gilda@jacques.org">
                <name>ut praesentium sit eos rerum tempora</name>
                <body>est eos doloremque autem&#13;similique sint fuga atque voluptate est&#13;minus tempore quia asperiores aliquam et corporis voluptatem&#13;consequatur et eum illo aut qui molestiae et amet</body>
            </comment>
            <comment id="494" email="Kadin@walter.io">
                <name>molestias facere soluta mollitia totam dolorem commodi itaque</name>
                <body>est illum quia alias ipsam minus&#13;ut quod vero aut magni harum quis&#13;ab minima voluptates nemo non sint quis&#13;distinctio officia ea et maxime</body>
            </comment>
            <comment id="495" email="Alice_Considine@daren.com">
                <name>dolor ut ut aut molestiae esse et tempora numquam</name>
                <body>pariatur occaecati ea autem at quis et dolorem similique&#13;pariatur ipsa hic et saepe itaque cumque repellendus vel&#13;et quibusdam qui aut nemo et illo&#13;qui non quod officiis aspernatur qui optio</body>
            </comment>
        </comments>
    </post>
    <post id="100" userId="10">
        <title>at nam consequatur ea labore ea harum</title>
        <body>cupiditate quo est a modi nesciunt soluta&#13;ipsa voluptas error itaque dicta in&#13;autem qui minus magnam et distinctio eum&#13;accusamus ratione error aut</body>
        <comments>
            <comment id="496" email="Zola@lizzie.com">
                <name>et occaecati asperiores quas voluptas ipsam nostrum</name>
                <body>neque unde voluptatem iure&#13;odio excepturi ipsam ad id&#13;ipsa sed expedita error quam&#13;voluptatem tempora necessitatibus suscipit culpa veniam porro iste vel</body>
            </comment>
            <comment id="497" email="Dolly@mandy.co.uk">
                <name>doloribus dolores ut dolores occaecati</name>
                <body>non dolor consequatur&#13;laboriosam ut deserunt autem odit&#13;libero dolore non nesciunt qui&#13;aut est consequatur quo dolorem</body>
            </comment>
            <comment id="498" email="Davion@eldora.net">
                <name>dolores minus aut libero</name>
                <body>aliquam pariatur suscipit fugiat eos sunt&#13;optio voluptatem eveniet rerum dignissimos&#13;quia aut beatae&#13;modi consequatur qui rerum sint veritatis deserunt est</body>
            </comment>
            <comment id="499" email="Wilburn_Labadie@araceli.name">
                <name>excepturi sunt cum a et rerum quo voluptatibus quia</name>
                <body>et necessitatibus tempora ipsum quaerat inventore est quasi quidem&#13;ea repudiandae laborum omnis ab reprehenderit ut&#13;ratione sit numquam culpa a rem&#13;atque aut et</body>
            </comment>
            <comment id="500" email="Emma@joanny.ca">
                <name>ex eaque eum natus</name>
                <body>perspiciatis quis doloremque&#13;veniam nisi eos velit sed&#13;id totam inventore voluptatem laborum et eveniet&#13;aut aut aut maxime quia temporibus ut omnis</body>
            </comment>
        </comments>
    </post>
</root>
